02-10 12:22:48.839  2867  2867 I wpa_supplicant: rfkill: WLAN unblocked
02-10 12:22:48.839  2867  2867 I wpa_supplicant: rfkill: WLAN unblocked
02-10 12:22:48.839  2867  2867 I wpa_supplicant: rfkill: WLAN unblocked
02-10 12:22:48.839  2867  2867 I wpa_supplicant: rfkill: WLAN unblocked
02-10 12:23:04.839  2867  2867 I wpa_supplicant: rfkill: WLAN unblocked
02-10 12:23:04.839  2867  2867 I wpa_supplicant: rfkill: WLAN unblocked
02-10 12:23:04.839  2867  2867 I wpa_supplicant: rfkill: WLAN unblocked
02-10 12:23:04.839  2867  2867 I wpa_supplicant: rfkill: WLAN unblocked
02-10 12:24:04.839  2867  2867 I wpa_supplicant: rfkill: WLAN unblocked
02-10 12:24:04.839  2867  2867 I wpa_supplicant: rfkill: WLAN unblocked
02-10 12:24:04.839  2867  2867 I wpa_supplicant: rfkill: WLAN unblocked
02-10 12:24:04.839  2867  2867 I wpa_supplicant: rfkill: WLAN unblocked
02-10 12:25:04.839  2867  2867 I wpa_supplicant: rfkill: WLAN unblocked
02-10 12:25:04.839  2867  2867 I wpa_supplicant: rfkill: WLAN unblocked
02-10 12:25:04.839  2867  2867 I wpa_supplicant: rfkill: WLAN unblocked
02-10 12:25:04.839  2867  2867 I wpa_supplicant: rfkill: WLAN unblocked
02-10 12:26:04.839  2867  2867 I wpa_supplicant: rfkill: WLAN unblocked
02-10 12:26:04.839  2867  2867 I wpa_supplicant: rfkill: WLAN unblocked
02-10 12:26:04.839  2867  2867 I wpa_supplicant: rfkill: WLAN unblocked
02-10 12:26:04.839  2867  2867 I wpa_supplicant: rfkill: WLAN unblocked
02-10 12:27:04.839  2867  2867 I wpa_supplicant: rfkill: WLAN unblocked
02-10 12:27:04.839  2867  2867 I wpa_supplicant: rfkill: WLAN unblocked
02-10 12:27:04.839  2867  2867 I wpa_supplicant: rfkill: WLAN unblocked
02-10 12:27:04.839  2867  2867 I wpa_supplicant: rfkill: WLAN unblocked
02-10 12:28:04.839  2867  2867 I wpa_supplicant: rfkill: WLAN unblocked
02-10 12:28:04.839  2867  2867 I wpa_supplicant: rfkill: WLAN unblocked
02-10 12:28:04.839  2867  2867 I wpa_supplicant: rfkill: WLAN unblocked
02-10 12:28:04.839  2867  2867 I wpa_supplicant: rfkill: WLAN unblocked
02-10 12:29:04.844  2867  2867 I wpa_supplicant: rfkill: WLAN unblocked
02-10 12:29:04.844  2867  2867 I wpa_supplicant: rfkill: WLAN unblocked
02-10 12:29:04.844  2867  2867 I wpa_supplicant: rfkill: WLAN unblocked
02-10 12:29:04.844  2867  2867 I wpa_supplicant: rfkill: WLAN unblocked
02-10 12:30:04.849  2867  2867 I wpa_supplicant: rfkill: WLAN unblocked
02-10 12:30:04.849  2867  2867 I wpa_supplicant: rfkill: WLAN unblocked
02-10 12:30:04.849  2867  2867 I wpa_supplicant: rfkill: WLAN unblocked
02-10 12:30:04.849  2867  2867 I wpa_supplicant: rfkill: WLAN unblocked
02-10 12:31:04.824  2867  2867 I wpa_supplicant: rfkill: WLAN unblocked
02-10 12:31:04.824  2867  2867 I wpa_supplicant: rfkill: WLAN unblocked
02-10 12:31:04.824  2867  2867 I wpa_supplicant: rfkill: WLAN unblocked
02-10 12:31:04.824  2867  2867 I wpa_supplicant: rfkill: WLAN unblocked
02-10 12:32:04.849  2867  2867 I wpa_supplicant: rfkill: WLAN unblocked
02-10 12:32:04.849  2867  2867 I wpa_supplicant: rfkill: WLAN unblocked
02-10 12:32:04.849  2867  2867 I wpa_supplicant: rfkill: WLAN unblocked
02-10 12:32:04.849  2867  2867 I wpa_supplicant: rfkill: WLAN unblocked
02-10 12:33:04.849  2867  2867 I wpa_supplicant: rfkill: WLAN unblocked
02-10 12:33:04.849  2867  2867 I wpa_supplicant: rfkill: WLAN unblocked
02-10 12:33:04.849  2867  2867 I wpa_supplicant: rfkill: WLAN unblocked
02-10 12:33:04.849  2867  2867 I wpa_supplicant: rfkill: WLAN unblocked
02-10 12:34:04.849  2867  2867 I wpa_supplicant: rfkill: WLAN unblocked
02-10 12:34:04.849  2867  2867 I wpa_supplicant: rfkill: WLAN unblocked
02-10 12:34:04.849  2867  2867 I wpa_supplicant: rfkill: WLAN unblocked
02-10 12:34:04.849  2867  2867 I wpa_supplicant: rfkill: WLAN unblocked
02-10 12:35:04.839  2867  2867 I wpa_supplicant: rfkill: WLAN unblocked
02-10 12:35:04.839  2867  2867 I wpa_supplicant: rfkill: WLAN unblocked
02-10 12:35:04.839  2867  2867 I wpa_supplicant: rfkill: WLAN unblocked
02-10 12:35:04.839  2867  2867 I wpa_supplicant: rfkill: WLAN unblocked
02-10 12:36:04.839  2867  2867 I wpa_supplicant: rfkill: WLAN unblocked
02-10 12:36:04.839  2867  2867 I wpa_supplicant: rfkill: WLAN unblocked
02-10 12:36:04.839  2867  2867 I wpa_supplicant: rfkill: WLAN unblocked
02-10 12:36:04.839  2867  2867 I wpa_supplicant: rfkill: WLAN unblocked
02-10 12:37:04.839  2867  2867 I wpa_supplicant: rfkill: WLAN unblocked
02-10 12:37:04.839  2867  2867 I wpa_supplicant: rfkill: WLAN unblocked
02-10 12:37:04.839  2867  2867 I wpa_supplicant: rfkill: WLAN unblocked
02-10 12:37:04.839  2867  2867 I wpa_supplicant: rfkill: WLAN unblocked
02-10 12:37:48.849  2867  2867 I wpa_supplicant: rfkill: WLAN unblocked
02-10 12:37:48.849  2867  2867 I wpa_supplicant: rfkill: WLAN unblocked
02-10 12:37:48.849  2867  2867 I wpa_supplicant: rfkill: WLAN unblocked
02-10 12:37:48.849  2867  2867 I wpa_supplicant: rfkill: WLAN unblocked
02-10 12:38:04.839  2867  2867 I wpa_supplicant: rfkill: WLAN unblocked
02-10 12:38:04.839  2867  2867 I wpa_supplicant: rfkill: WLAN unblocked
02-10 12:38:04.839  2867  2867 I wpa_supplicant: rfkill: WLAN unblocked
02-10 12:38:04.839  2867  2867 I wpa_supplicant: rfkill: WLAN unblocked
02-10 12:39:04.824  2867  2867 I wpa_supplicant: rfkill: WLAN unblocked
02-10 12:39:04.824  2867  2867 I wpa_supplicant: rfkill: WLAN unblocked
02-10 12:39:04.824  2867  2867 I wpa_supplicant: rfkill: WLAN unblocked
02-10 12:39:04.824  2867  2867 I wpa_supplicant: rfkill: WLAN unblocked
02-10 12:40:04.839  2867  2867 I wpa_supplicant: rfkill: WLAN unblocked
02-10 12:40:04.839  2867  2867 I wpa_supplicant: rfkill: WLAN unblocked
02-10 12:40:04.839  2867  2867 I wpa_supplicant: rfkill: WLAN unblocked
02-10 12:40:04.839  2867  2867 I wpa_supplicant: rfkill: WLAN unblocked
02-10 12:41:04.844  2867  2867 I wpa_supplicant: rfkill: WLAN unblocked
02-10 12:41:04.844  2867  2867 I wpa_supplicant: rfkill: WLAN unblocked
02-10 12:41:04.844  2867  2867 I wpa_supplicant: rfkill: WLAN unblocked
02-10 12:41:04.844  2867  2867 I wpa_supplicant: rfkill: WLAN unblocked
02-10 12:42:04.839  2867  2867 I wpa_supplicant: rfkill: WLAN unblocked
02-10 12:42:04.839  2867  2867 I wpa_supplicant: rfkill: WLAN unblocked
02-10 12:42:04.839  2867  2867 I wpa_supplicant: rfkill: WLAN unblocked
02-10 12:42:04.839  2867  2867 I wpa_supplicant: rfkill: WLAN unblocked
02-10 12:43:04.849  2867  2867 I wpa_supplicant: rfkill: WLAN unblocked
02-10 12:43:04.849  2867  2867 I wpa_supplicant: rfkill: WLAN unblocked
02-10 12:43:04.849  2867  2867 I wpa_supplicant: rfkill: WLAN unblocked
02-10 12:43:04.849  2867  2867 I wpa_supplicant: rfkill: WLAN unblocked
02-10 12:44:04.849  2867  2867 I wpa_supplicant: rfkill: WLAN unblocked
02-10 12:44:04.849  2867  2867 I wpa_supplicant: rfkill: WLAN unblocked
02-10 12:44:04.849  2867  2867 I wpa_supplicant: rfkill: WLAN unblocked
02-10 12:44:04.849  2867  2867 I wpa_supplicant: rfkill: WLAN unblocked
02-10 12:45:04.849  2867  2867 I wpa_supplicant: rfkill: WLAN unblocked
02-10 12:45:04.849  2867  2867 I wpa_supplicant: rfkill: WLAN unblocked
02-10 12:45:04.849  2867  2867 I wpa_supplicant: rfkill: WLAN unblocked
02-10 12:45:04.849  2867  2867 I wpa_supplicant: rfkill: WLAN unblocked
02-10 12:46:04.839  2867  2867 I wpa_supplicant: rfkill: WLAN unblocked
02-10 12:46:04.839  2867  2867 I wpa_supplicant: rfkill: WLAN unblocked
02-10 12:46:04.839  2867  2867 I wpa_supplicant: rfkill: WLAN unblocked
02-10 12:46:04.839  2867  2867 I wpa_supplicant: rfkill: WLAN unblocked
02-10 12:47:04.839  2867  2867 I wpa_supplicant: rfkill: WLAN unblocked
02-10 12:47:04.839  2867  2867 I wpa_supplicant: rfkill: WLAN unblocked
02-10 12:47:04.839  2867  2867 I wpa_supplicant: rfkill: WLAN unblocked
02-10 12:47:04.839  2867  2867 I wpa_supplicant: rfkill: WLAN unblocked
02-10 12:48:04.839  2867  2867 I wpa_supplicant: rfkill: WLAN unblocked
02-10 12:48:04.839  2867  2867 I wpa_supplicant: rfkill: WLAN unblocked
02-10 12:48:04.839  2867  2867 I wpa_supplicant: rfkill: WLAN unblocked
02-10 12:48:04.839  2867  2867 I wpa_supplicant: rfkill: WLAN unblocked
02-10 12:49:04.839  2867  2867 I wpa_supplicant: rfkill: WLAN unblocked
02-10 12:49:04.839  2867  2867 I wpa_supplicant: rfkill: WLAN unblocked
02-10 12:49:04.839  2867  2867 I wpa_supplicant: rfkill: WLAN unblocked
02-10 12:49:04.839  2867  2867 I wpa_supplicant: rfkill: WLAN unblocked
02-10 12:50:04.839  2867  2867 I wpa_supplicant: rfkill: WLAN unblocked
02-10 12:50:04.839  2867  2867 I wpa_supplicant: rfkill: WLAN unblocked
02-10 12:50:04.839  2867  2867 I wpa_supplicant: rfkill: WLAN unblocked
02-10 12:50:04.839  2867  2867 I wpa_supplicant: rfkill: WLAN unblocked
02-10 12:51:04.839  2867  2867 I wpa_supplicant: rfkill: WLAN unblocked
02-10 12:51:04.839  2867  2867 I wpa_supplicant: rfkill: WLAN unblocked
02-10 12:51:04.839  2867  2867 I wpa_supplicant: rfkill: WLAN unblocked
02-10 12:51:04.839  2867  2867 I wpa_supplicant: rfkill: WLAN unblocked
02-10 12:52:04.839  2867  2867 I wpa_supplicant: rfkill: WLAN unblocked
02-10 12:52:04.839  2867  2867 I wpa_supplicant: rfkill: WLAN unblocked
02-10 12:52:04.839  2867  2867 I wpa_supplicant: rfkill: WLAN unblocked
02-10 12:52:04.839  2867  2867 I wpa_supplicant: rfkill: WLAN unblocked
02-10 12:52:05.054  2526  2544 I art     : Background partial concurrent mark sweep GC freed 210295(7MB) AllocSpace objects, 0(0B) LOS objects, 39% free, 11MB/19MB, paused 1.478ms total 150.280ms
02-10 12:52:48.854  2867  2867 I wpa_supplicant: rfkill: WLAN unblocked
02-10 12:52:48.854  2867  2867 I wpa_supplicant: rfkill: WLAN unblocked
02-10 12:52:48.854  2867  2867 I wpa_supplicant: rfkill: WLAN unblocked
02-10 12:52:48.854  2867  2867 I wpa_supplicant: rfkill: WLAN unblocked
02-10 12:52:49.019 15287 24476 D ReportingServiceManager: Next sync attempt in : 23 hours
02-10 12:52:49.029 27874 24477 D DownloadManager: Removed 0 stale downloads
02-10 12:52:49.034 27874 24477 D DownloadManager: Found 0 files in database
02-10 12:52:49.034 27874 24477 D DownloadManager: Found 0 files on disk
02-10 12:52:52.519 27285 27285 D a       : RUNTIME:20190437s LastSuccess2Now:614045s>300s Network:false FailSubmit:true Run:5608 SuccessCount:55 Speed:2 API:1000 ORI:1000 RESULT:false
02-10 12:53:06.901  2867  2867 I wpa_supplicant: rfkill: WLAN unblocked
02-10 12:53:06.901  2867  2867 I wpa_supplicant: rfkill: WLAN unblocked
02-10 12:53:06.901  2867  2867 I wpa_supplicant: rfkill: WLAN unblocked
02-10 12:53:06.901  2867  2867 I wpa_supplicant: rfkill: WLAN unblocked
02-10 12:53:09.844  2867  2867 I wpa_supplicant: rfkill: WLAN unblocked
02-10 12:53:09.844  2867  2867 I wpa_supplicant: rfkill: WLAN unblocked
02-10 12:53:09.849  2867  2867 I wpa_supplicant: rfkill: WLAN unblocked
02-10 12:53:09.849  2867  2867 I wpa_supplicant: rfkill: WLAN unblocked
02-10 12:54:04.839  2867  2867 I wpa_supplicant: rfkill: WLAN unblocked
02-10 12:54:04.839  2867  2867 I wpa_supplicant: rfkill: WLAN unblocked
02-10 12:54:04.839  2867  2867 I wpa_supplicant: rfkill: WLAN unblocked
02-10 12:54:04.839  2867  2867 I wpa_supplicant: rfkill: WLAN unblocked
02-10 12:55:04.849  2867  2867 I wpa_supplicant: rfkill: WLAN unblocked
02-10 12:55:04.849  2867  2867 I wpa_supplicant: rfkill: WLAN unblocked
02-10 12:55:04.849  2867  2867 I wpa_supplicant: rfkill: WLAN unblocked
02-10 12:55:04.849  2867  2867 I wpa_supplicant: rfkill: WLAN unblocked
02-10 12:56:04.824  2867  2867 I wpa_supplicant: rfkill: WLAN unblocked
02-10 12:56:04.824  2867  2867 I wpa_supplicant: rfkill: WLAN unblocked
02-10 12:56:04.824  2867  2867 I wpa_supplicant: rfkill: WLAN unblocked
02-10 12:56:04.824  2867  2867 I wpa_supplicant: rfkill: WLAN unblocked
02-10 12:57:04.849  2867  2867 I wpa_supplicant: rfkill: WLAN unblocked
02-10 12:57:04.849  2867  2867 I wpa_supplicant: rfkill: WLAN unblocked
02-10 12:57:04.849  2867  2867 I wpa_supplicant: rfkill: WLAN unblocked
02-10 12:57:04.849  2867  2867 I wpa_supplicant: rfkill: WLAN unblocked
02-10 12:58:04.849  2867  2867 I wpa_supplicant: rfkill: WLAN unblocked
02-10 12:58:04.849  2867  2867 I wpa_supplicant: rfkill: WLAN unblocked
02-10 12:58:04.849  2867  2867 I wpa_supplicant: rfkill: WLAN unblocked
02-10 12:58:04.849  2867  2867 I wpa_supplicant: rfkill: WLAN unblocked
02-10 12:59:04.849  2867  2867 I wpa_supplicant: rfkill: WLAN unblocked
02-10 12:59:04.849  2867  2867 I wpa_supplicant: rfkill: WLAN unblocked
02-10 12:59:04.849  2867  2867 I wpa_supplicant: rfkill: WLAN unblocked
02-10 12:59:04.849  2867  2867 I wpa_supplicant: rfkill: WLAN unblocked
02-10 13:00:04.839  2867  2867 I wpa_supplicant: rfkill: WLAN unblocked
02-10 13:00:04.839  2867  2867 I wpa_supplicant: rfkill: WLAN unblocked
02-10 13:00:04.839  2867  2867 I wpa_supplicant: rfkill: WLAN unblocked
02-10 13:00:04.839  2867  2867 I wpa_supplicant: rfkill: WLAN unblocked
02-10 13:01:04.839  2867  2867 I wpa_supplicant: rfkill: WLAN unblocked
02-10 13:01:04.839  2867  2867 I wpa_supplicant: rfkill: WLAN unblocked
02-10 13:01:04.839  2867  2867 I wpa_supplicant: rfkill: WLAN unblocked
02-10 13:01:04.839  2867  2867 I wpa_supplicant: rfkill: WLAN unblocked
02-10 13:02:04.839  2867  2867 I wpa_supplicant: rfkill: WLAN unblocked
02-10 13:02:04.839  2867  2867 I wpa_supplicant: rfkill: WLAN unblocked
02-10 13:02:04.839  2867  2867 I wpa_supplicant: rfkill: WLAN unblocked
02-10 13:02:04.839  2867  2867 I wpa_supplicant: rfkill: WLAN unblocked
02-10 13:03:04.824  2867  2867 I wpa_supplicant: rfkill: WLAN unblocked
02-10 13:03:04.824  2867  2867 I wpa_supplicant: rfkill: WLAN unblocked
02-10 13:03:04.824  2867  2867 I wpa_supplicant: rfkill: WLAN unblocked
02-10 13:03:04.824  2867  2867 I wpa_supplicant: rfkill: WLAN unblocked
02-10 13:04:04.824  2867  2867 I wpa_supplicant: rfkill: WLAN unblocked
02-10 13:04:04.824  2867  2867 I wpa_supplicant: rfkill: WLAN unblocked
02-10 13:04:04.824  2867  2867 I wpa_supplicant: rfkill: WLAN unblocked
02-10 13:04:04.824  2867  2867 I wpa_supplicant: rfkill: WLAN unblocked
02-10 13:05:04.839  2867  2867 I wpa_supplicant: rfkill: WLAN unblocked
02-10 13:05:04.839  2867  2867 I wpa_supplicant: rfkill: WLAN unblocked
02-10 13:05:04.839  2867  2867 I wpa_supplicant: rfkill: WLAN unblocked
02-10 13:05:04.839  2867  2867 I wpa_supplicant: rfkill: WLAN unblocked
02-10 13:06:04.844  2867  2867 I wpa_supplicant: rfkill: WLAN unblocked
02-10 13:06:04.844  2867  2867 I wpa_supplicant: rfkill: WLAN unblocked
02-10 13:06:04.844  2867  2867 I wpa_supplicant: rfkill: WLAN unblocked
02-10 13:06:04.844  2867  2867 I wpa_supplicant: rfkill: WLAN unblocked
02-10 13:07:04.849  2867  2867 I wpa_supplicant: rfkill: WLAN unblocked
02-10 13:07:04.849  2867  2867 I wpa_supplicant: rfkill: WLAN unblocked
02-10 13:07:04.849  2867  2867 I wpa_supplicant: rfkill: WLAN unblocked
02-10 13:07:04.849  2867  2867 I wpa_supplicant: rfkill: WLAN unblocked
02-10 13:08:04.849  2867  2867 I wpa_supplicant: rfkill: WLAN unblocked
02-10 13:08:04.849  2867  2867 I wpa_supplicant: rfkill: WLAN unblocked
02-10 13:08:04.849  2867  2867 I wpa_supplicant: rfkill: WLAN unblocked
02-10 13:08:04.849  2867  2867 I wpa_supplicant: rfkill: WLAN unblocked
02-10 13:09:04.849  2867  2867 I wpa_supplicant: rfkill: WLAN unblocked
02-10 13:09:04.849  2867  2867 I wpa_supplicant: rfkill: WLAN unblocked
02-10 13:09:04.849  2867  2867 I wpa_supplicant: rfkill: WLAN unblocked
02-10 13:09:04.849  2867  2867 I wpa_supplicant: rfkill: WLAN unblocked
02-10 13:10:04.839  2867  2867 I wpa_supplicant: rfkill: WLAN unblocked
02-10 13:10:04.839  2867  2867 I wpa_supplicant: rfkill: WLAN unblocked
02-10 13:10:04.839  2867  2867 I wpa_supplicant: rfkill: WLAN unblocked
02-10 13:10:04.839  2867  2867 I wpa_supplicant: rfkill: WLAN unblocked
02-10 13:11:04.834  2867  2867 I wpa_supplicant: rfkill: WLAN unblocked
02-10 13:11:04.834  2867  2867 I wpa_supplicant: rfkill: WLAN unblocked
02-10 13:11:04.834  2867  2867 I wpa_supplicant: rfkill: WLAN unblocked
02-10 13:11:04.834  2867  2867 I wpa_supplicant: rfkill: WLAN unblocked
02-10 13:12:04.839  2867  2867 I wpa_supplicant: rfkill: WLAN unblocked
02-10 13:12:04.839  2867  2867 I wpa_supplicant: rfkill: WLAN unblocked
02-10 13:12:04.839  2867  2867 I wpa_supplicant: rfkill: WLAN unblocked
02-10 13:12:04.839  2867  2867 I wpa_supplicant: rfkill: WLAN unblocked
02-10 13:13:04.839  2867  2867 I wpa_supplicant: rfkill: WLAN unblocked
02-10 13:13:04.839  2867  2867 I wpa_supplicant: rfkill: WLAN unblocked
02-10 13:13:04.839  2867  2867 I wpa_supplicant: rfkill: WLAN unblocked
02-10 13:13:04.839  2867  2867 I wpa_supplicant: rfkill: WLAN unblocked
02-10 13:14:04.839  2867  2867 I wpa_supplicant: rfkill: WLAN unblocked
02-10 13:14:04.839  2867  2867 I wpa_supplicant: rfkill: WLAN unblocked
02-10 13:14:04.839  2867  2867 I wpa_supplicant: rfkill: WLAN unblocked
02-10 13:14:04.839  2867  2867 I wpa_supplicant: rfkill: WLAN unblocked
02-10 13:15:04.839  2867  2867 I wpa_supplicant: rfkill: WLAN unblocked
02-10 13:15:04.839  2867  2867 I wpa_supplicant: rfkill: WLAN unblocked
02-10 13:15:04.839  2867  2867 I wpa_supplicant: rfkill: WLAN unblocked
02-10 13:15:04.839  2867  2867 I wpa_supplicant: rfkill: WLAN unblocked
02-10 13:16:04.849  2867  2867 I wpa_supplicant: rfkill: WLAN unblocked
02-10 13:16:04.849  2867  2867 I wpa_supplicant: rfkill: WLAN unblocked
02-10 13:16:04.849  2867  2867 I wpa_supplicant: rfkill: WLAN unblocked
02-10 13:16:04.849  2867  2867 I wpa_supplicant: rfkill: WLAN unblocked
02-10 13:17:04.844  2867  2867 I wpa_supplicant: rfkill: WLAN unblocked
02-10 13:17:04.844  2867  2867 I wpa_supplicant: rfkill: WLAN unblocked
02-10 13:17:04.844  2867  2867 I wpa_supplicant: rfkill: WLAN unblocked
02-10 13:17:04.844  2867  2867 I wpa_supplicant: rfkill: WLAN unblocked
02-10 13:18:04.849  2867  2867 I wpa_supplicant: rfkill: WLAN unblocked
02-10 13:18:04.849  2867  2867 I wpa_supplicant: rfkill: WLAN unblocked
02-10 13:18:04.849  2867  2867 I wpa_supplicant: rfkill: WLAN unblocked
02-10 13:18:04.849  2867  2867 I wpa_supplicant: rfkill: WLAN unblocked
02-10 13:18:04.954 29787 29804 W TDLog   : network is disabled.
02-10 13:18:04.964  2324  2337 D libgps  : proxy_gps_set_position_mode()
02-10 13:18:04.974  2324  2337 D libgps  : proxy_gps_stop()
02-10 13:18:05.219  1979  1979 D gpslogd : CALL_SENTRY: GlEngine::OnStart took 251 ms (from324603975 to 324604226) (log=0,0,0), start: 13:18:04.974
02-10 13:18:05.219  1979  1979 D gpslogd : CALL_SENTRY: marshal_gps_start took 253 ms (from324603974 to 324604227) (log=0,0,0), start: 13:18:04.973
02-10 13:18:05.219  1979  1979 D gpslogd : CALL_SENTRY: ProcessEvent took 253 ms (from324603974 to 324604227) (log=0,0,0), start: 13:18:04.974
02-10 13:18:05.219  2324  3233 D libgps  : proxy_gps_status_cb()
02-10 13:18:05.219  2324  3233 D libgps  : proxy_gps_status_cb()
02-10 13:18:05.219  2324  3233 D libgps  : proxy_agps_ril_request_refloc_cb()
02-10 13:18:05.224  2324  3233 E GpsLocationProvider: Error getting cell location info.
02-10 13:18:05.224  2324  3233 D libgps  : proxy_gps_acquire_wakelock_cb()
02-10 13:18:05.224  2324  3233 D libgps  : proxy_agps_ril_request_setid_cb()
02-10 13:18:05.224  2324  3233 D libgps  : proxy_agps_ril_set_set_id()
02-10 13:18:05.224  2324  3233 D libgps  : proxy_gps_status_cb()
02-10 13:18:05.229  2324  3233 D libgps  : proxy_gps_status_cb()
02-10 13:18:15.624  2324  2473 D WifiConfigStore: Retrieve network priorities after PNO.
02-10 13:18:15.624  2324  2473 D wifi_gbk2utf: ssid_utf8 = TP-LINK-蕾蕾, length=14, value =, length=0
02-10 13:18:15.624  2324  2473 D wifi_gbk2utf: ssid_utf8 = 新金龙005, length=12, value =, length=0
02-10 13:18:15.624  2324  2473 D wifi_gbk2utf: ssid_utf8 = 新金龙007, length=12, value =, length=0
02-10 13:18:15.624  2324  2473 D wifi_gbk2utf: ssid_utf8 = 新金龙004, length=12, value =, length=0
02-10 13:18:15.624  2324  2473 D wifi_gbk2utf: ssid_utf8 = 豆豆, length=6, value =, length=0
02-10 13:18:15.624  2324  2473 D wifi_gbk2utf: ssid_utf8 = TP-LINK-蕾蕾, length=14, value =, length=0
02-10 13:18:15.624  2324  2473 D wifi_gbk2utf: ssid_utf8 = 新金龙005, length=12, value =, length=0
02-10 13:18:15.624  2324  2473 D wifi_gbk2utf: ssid_utf8 = 新金龙007, length=12, value =, length=0
02-10 13:18:15.624  2324  2473 D wifi_gbk2utf: ssid_utf8 = 新金龙004, length=12, value =, length=0
02-10 13:18:15.624  2324  2473 D wifi_gbk2utf: ssid_utf8 = 豆豆, length=6, value =, length=0
02-10 13:18:18.104  2324  2473 D WifiConfigStore: Retrieve network priorities before PNO. Max priority: 2
02-10 13:18:18.104  2324  2473 D wifi_gbk2utf: ssid_utf8 = TP-LINK-蕾蕾, length=14, value =, length=0
02-10 13:18:18.104  2324  2473 D wifi_gbk2utf: ssid_utf8 = 新金龙005, length=12, value =, length=0
02-10 13:18:18.104  2324  2473 D wifi_gbk2utf: ssid_utf8 = 新金龙007, length=12, value =, length=0
02-10 13:18:18.104  2324  2473 D wifi_gbk2utf: ssid_utf8 = 新金龙004, length=12, value =, length=0
02-10 13:18:18.104  2324  2473 D wifi_gbk2utf: ssid_utf8 = 豆豆, length=6, value =, length=0
02-10 13:18:18.109  2324  2473 D wifi_gbk2utf: ssid_utf8 = TP-LINK-蕾蕾, length=14, value =, length=0
02-10 13:18:18.109  2324  2473 D wifi_gbk2utf: ssid_utf8 = 新金龙005, length=12, value =, length=0
02-10 13:18:18.109  2324  2473 D wifi_gbk2utf: ssid_utf8 = 新金龙007, length=12, value =, length=0
02-10 13:18:18.109  2324  2473 D wifi_gbk2utf: ssid_utf8 = 新金龙004, length=12, value =, length=0
02-10 13:18:18.109  2324  2473 D wifi_gbk2utf: ssid_utf8 = 豆豆, length=6, value =, length=0
02-10 13:18:18.109  2324  2473 E WifiStateMachine:  Fail to set up pno, want true now false
02-10 13:18:18.219  2324  2473 D WifiStateMachine: shouldSwitchNetwork  txSuccessRate=57949.25 rxSuccessRate=44602.50 delta 1000 -> 1
02-10 13:18:18.229  2324  2473 D WifiStateMachine: CMD_AUTO_CONNECT sup state ScanState my state DisconnectedState nid=0 roam=3
02-10 13:18:18.229  2324  2473 D WifiStateMachine: CMD_AUTO_CONNECT will save config -> "wangqing" nid=0
02-10 13:18:18.304  2324  2473 D WifiStateMachine: CMD_AUTO_CONNECT did save config ->  nid=0
02-10 13:18:18.324  2867  2867 I wpa_supplicant: wlan0: Trying to associate with f4:83:cd:6c:d3:e2 (SSID='wangqing' freq=2462 MHz)
02-10 13:18:18.494  2867  2867 I wpa_supplicant: wlan0: Associated with f4:83:cd:6c:d3:e2
02-10 13:18:18.494  2867  2867 I wpa_supplicant: wlan0: CTRL-EVENT-EAP-SUCCESS EAP authentication completed successfully (based on lower layer success)
02-10 13:18:18.584  2867  2867 I wpa_supplicant: wlan0: WPA: Key negotiation completed with f4:83:cd:6c:d3:e2 [PTK=CCMP GTK=CCMP]
02-10 13:18:18.584  2867  2867 I wpa_supplicant: wlan0: CTRL-EVENT-CONNECTED - Connection to f4:83:cd:6c:d3:e2 completed [id=0 id_str=]
02-10 13:18:18.594  2324  2473 D WifiConfigStore: Retrieve network priorities after PNO.
02-10 13:18:18.594  2324  2473 D wifi_gbk2utf: ssid_utf8 = TP-LINK-蕾蕾, length=14, value =, length=0
02-10 13:18:18.594  2324  2473 D wifi_gbk2utf: ssid_utf8 = 新金龙005, length=12, value =, length=0
02-10 13:18:18.594  2324  2473 D wifi_gbk2utf: ssid_utf8 = 新金龙007, length=12, value =, length=0
02-10 13:18:18.594  2324  2473 D wifi_gbk2utf: ssid_utf8 = 新金龙004, length=12, value =, length=0
02-10 13:18:18.594  2324  2473 D wifi_gbk2utf: ssid_utf8 = 豆豆, length=6, value =, length=0
02-10 13:18:18.614  2324  2473 D wifi_gbk2utf: ssid_utf8 = TP-LINK-蕾蕾, length=14, value =, length=0
02-10 13:18:18.614  2324  2473 D wifi_gbk2utf: ssid_utf8 = 新金龙005, length=12, value =, length=0
02-10 13:18:18.614  2324  2473 D wifi_gbk2utf: ssid_utf8 = 新金龙007, length=12, value =, length=0
02-10 13:18:18.614  2324  2473 D wifi_gbk2utf: ssid_utf8 = 新金龙004, length=12, value =, length=0
02-10 13:18:18.614  2324  2473 D wifi_gbk2utf: ssid_utf8 = 豆豆, length=6, value =, length=0
02-10 13:18:18.634  2324  2473 E WifiConfigStore: saveWifiConfigBSSID Setting BSSID for "wangqing"-WPA_PSK to any
02-10 13:18:18.634  2324  2473 D wifi_gbk2utf: ssid_utf8 = TP-LINK-蕾蕾, length=14, value =, length=0
02-10 13:18:18.634  2324  2473 D wifi_gbk2utf: ssid_utf8 = 新金龙005, length=12, value =, length=0
02-10 13:18:18.634  2324  2473 D wifi_gbk2utf: ssid_utf8 = 新金龙007, length=12, value =, length=0
02-10 13:18:18.634  2324  2473 D wifi_gbk2utf: ssid_utf8 = 新金龙004, length=12, value =, length=0
02-10 13:18:18.634  2324  2473 D wifi_gbk2utf: ssid_utf8 = 豆豆, length=6, value =, length=0
02-10 13:18:18.634  2324  2473 D ConnectivityService: registerNetworkAgent NetworkAgentInfo{ ni{[type: WIFI[], state: CONNECTING/CONNECTING, reason: (unspecified), extra: "wangqing", roaming: false, failover: false, isAvailable: true]}  network{149}  lp{{InterfaceName: wlan0 LinkAddresses: []  Routes: [] DnsAddresses: [] Domains: null MTU: 0 TcpBufferSizes: 524288,1048576,2097152,262144,524288,1048576}}  nc{[ Transports: WIFI Capabilities: INTERNET&NOT_RESTRICTED&TRUSTED&NOT_VPN LinkUpBandwidth>=1048576Kbps LinkDnBandwidth>=1048576Kbps]}  Score{20}  everValidated{false}  lastValidated{false}  created{false} lingering{false} explicitlySelected{false} acceptUnvalidated{false} everCaptivePortalDetected{false} lastCaptivePortalDetected{false} }
02-10 13:18:18.639  2324  2480 D ConnectivityService: NetworkAgentInfo [WIFI () - 149] EVENT_NETWORK_INFO_CHANGED, going from null to CONNECTING
02-10 13:18:18.684  2324  2473 E WifiConfigStore: saveWifiConfigBSSID Setting BSSID for "wangqing"-WPA_PSK to any
02-10 13:18:18.684  2324  2473 D wifi_gbk2utf: ssid_utf8 = TP-LINK-蕾蕾, length=14, value =, length=0
02-10 13:18:18.684  2324  2473 D wifi_gbk2utf: ssid_utf8 = 新金龙005, length=12, value =, length=0
02-10 13:18:18.684  2324  2473 D wifi_gbk2utf: ssid_utf8 = 新金龙007, length=12, value =, length=0
02-10 13:18:18.684  2324  2473 D wifi_gbk2utf: ssid_utf8 = 新金龙004, length=12, value =, length=0
02-10 13:18:18.684  2324  2473 D wifi_gbk2utf: ssid_utf8 = 豆豆, length=6, value =, length=0
02-10 13:18:18.719  1962  2309 D CommandListener: Setting iface cfg
02-10 13:18:18.729  2324  2473 D WifiStateMachine: Start Dhcp Watchdog 52
02-10 13:18:18.734  2324  2473 D IpReachabilityMonitor: watch: iface{wlan0/8}, v{1}, ntable=[]
02-10 13:18:18.764  2324 24491 D DhcpClient: Receive thread started
02-10 13:18:18.854  2324  2473 E native  : do suspend false
02-10 13:18:18.874  2324  4106 D DhcpClient: Broadcasting DHCPDISCOVER
02-10 13:18:19.499  2324 24491 D DhcpClient: Received packet: f0:27:65:8a:71:cc OFFER, ip /192.168.0.100, mask /255.255.255.0, DNS servers: /192.168.1.1 /192.168.0.1 , gateways [/192.168.0.1] lease time 7200, domain DHCP HOST
02-10 13:18:19.499  2324  4106 D DhcpClient: Got pending lease: IP address 192.168.0.100/24 Gateway 192.168.0.1  DNS servers: [ 192.168.1.1 192.168.0.1 ] DomainsDHCP HOST DHCP server /192.168.0.1 Vendor info null lease 7200 seconds
02-10 13:18:19.504  2324  4106 D DhcpClient: Broadcasting DHCPREQUEST ciaddr=0.0.0.0 request=192.168.0.100 serverid=192.168.0.1
02-10 13:18:19.514  2324 24491 D DhcpClient: Received packet: f0:27:65:8a:71:cc ACK: your new IP /192.168.0.100, netmask /255.255.255.0, gateways [/192.168.0.1] DNS servers: /192.168.1.1 /192.168.0.1 , lease time 7200
02-10 13:18:19.514  2324  4106 D DhcpClient: Confirmed lease: IP address 192.168.0.100/24 Gateway 192.168.0.1  DNS servers: [ 192.168.1.1 192.168.0.1 ] DomainsDHCP HOST DHCP server /192.168.0.1 Vendor info null lease 7200 seconds
02-10 13:18:19.519  1962  2309 D CommandListener: Setting iface cfg
02-10 13:18:19.524  2324  2473 D IpReachabilityMonitor: watch: iface{wlan0/8}, v{2}, ntable=[]
02-10 13:18:19.529  2324  2473 E native  : do suspend true
02-10 13:18:19.529  2324  4106 D DhcpClient: Scheduling renewal in 3599s
02-10 13:18:19.544  2324  2473 D IpReachabilityMonitor: watch: iface{wlan0/8}, v{3}, ntable=[192.168.0.1/NUD_NONE]
02-10 13:18:19.544  2324  2473 D WifiConfigStore: No blacklist allowed without epno enabled
02-10 13:18:19.549  2324  2480 D ConnectivityService: NetworkAgentInfo [WIFI () - 149] EVENT_NETWORK_INFO_CHANGED, going from CONNECTING to CONNECTED
02-10 13:18:19.549  2324  2480 D ConnectivityService: Adding iface wlan0 to network 149
02-10 13:18:19.574  2324  2473 E WifiStateMachine: Did not find remoteAddress {192.168.0.1} in /proc/net/arp
02-10 13:18:19.654  2324  2480 E ConnectivityService: Unexpected mtu value: 0, wlan0
02-10 13:18:19.654  2324  2480 D ConnectivityService: Adding Route [fe80::/64 -> :: wlan0] to network 149
02-10 13:18:19.659  2324  2480 D ConnectivityService: Adding Route [192.168.0.0/24 -> 0.0.0.0 wlan0] to network 149
02-10 13:18:19.664  2324  2480 D ConnectivityService: Adding Route [0.0.0.0/0 -> 192.168.0.1 wlan0] to network 149
02-10 13:18:19.669  2324  2480 D ConnectivityService: Setting Dns servers for network 149 to [/192.168.1.1, /192.168.0.1]
02-10 13:18:19.699  2324  2480 D ConnectivityService: notifyType IP_CHANGED for NetworkAgentInfo [WIFI () - 149]
02-10 13:18:19.709  2324  2473 D IpReachabilityMonitor: watch: iface{wlan0/8}, v{4}, ntable=[192.168.0.1/NUD_NONE]
02-10 13:18:19.724  2324  2473 D WifiNetworkAgent: NetworkAgent: Received signal strength thresholds: []
02-10 13:18:19.724  2324  2480 D ConnectivityService: scheduleUnvalidatedPrompt 149
02-10 13:18:19.724  2324  2480 D ConnectivityService: updateSignalStrengthThresholds: CONNECT, sending [] to NetworkAgentInfo [WIFI () - 149]
02-10 13:18:19.729  2324  2473 D WifiNative-HAL: stopRssiMonitoring, cmdId 0
02-10 13:18:19.729  2324  2480 D ConnectivityService: rematch for NetworkAgentInfo [WIFI () - 149]
02-10 13:18:19.729  2324  2480 D ConnectivityService:    accepting network in place of null
02-10 13:18:19.739  2324 24490 D NetlinkSocketObserver: NeighborEvent{elapsedMs=615635806, 192.168.0.1, [F483CD6CD3E2], RTM_NEWNEIGH, NUD_REACHABLE}
02-10 13:18:19.739  2324  2480 D ConnectivityService: Switching to new default network: NetworkAgentInfo{ ni{[type: WIFI[], state: CONNECTED/CONNECTED, reason: (unspecified), extra: "wangqing", roaming: false, failover: false, isAvailable: true]}  network{149}  lp{{InterfaceName: wlan0 LinkAddresses: [192.168.0.100/24,]  Routes: [fe80::/64 -> :: wlan0,192.168.0.0/24 -> 0.0.0.0 wlan0,0.0.0.0/0 -> 192.168.0.1 wlan0,] DnsAddresses: [192.168.1.1,192.168.0.1,] Domains: DHCP HOST MTU: 0 TcpBufferSizes: 524288,1048576,2097152,262144,524288,1048576}}  nc{[ Transports: WIFI Capabilities: INTERNET&NOT_RESTRICTED&TRUSTED&NOT_VPN LinkUpBandwidth>=1048576Kbps LinkDnBandwidth>=1048576Kbps]}  Score{20}  everValidated{false}  lastValidated{false}  created{true} lingering{false} explicitlySelected{false} acceptUnvalidated{false} everCaptivePortalDetected{false} lastCaptivePortalDetected{false} }
02-10 13:18:19.764  2324 24489 D NetworkMonitor/NetworkAgentInfo [WIFI () - 149]: Checking http://g.cn/generate_204 on "wangqing", g.cn=203.208.39.244,203.208.39.242,203.208.39.241,203.208.39.240,203.208.39.243,2404:6800:4008:c06::a0
02-10 13:18:19.764  2324 24489 W System  : ClassLoader referenced unknown path: /system/framework/tcmclient.jar
02-10 13:18:19.829  2324 24489 D NetworkMonitor/NetworkAgentInfo [WIFI () - 149]: isCaptivePortal: ret=204 headers={null=[HTTP/1.1 204 No Content], Content-Length=[0], Date=[Fri, 10 Feb 2017 05:18:18 GMT], X-Android-Received-Millis=[1486703899836], X-Android-Response-Source=[NETWORK 204], X-Android-Selected-Protocol=[http/1.1], X-Android-Sent-Millis=[1486703899809]}
02-10 13:18:19.844  1962  2309 V IdletimerController: runCmd(/system/bin/ip6tables -w -t raw -A idletimer_raw_PREROUTING -i wlan0 -j IDLETIMER --timeout 15 --label 1 --send_nl_msg 1) res_ipv4=1, res_ipv6=1
02-10 13:18:19.844  2324  2480 E ConnectivityService: Exception in setupDataActivityTracking java.lang.IllegalStateException: command '1979 idletimer add wlan0 15 1' failed with '400 1979 Failed to add interface'
02-10 13:18:19.879  2324  2480 D CSLegacyTypeTracker: Sending CONNECTED broadcast for type 1 NetworkAgentInfo [WIFI () - 149] isDefaultNetwork=true
02-10 13:18:19.879  2324  2480 D ConnectivityService: sendStickyBroadcast: action=android.net.conn.CONNECTIVITY_CHANGE
02-10 13:18:19.894  2324  2342 D Tethering: MasterInitialState.processMessage what=3
02-10 13:18:19.904  2324  2480 D ConnectivityService: notifyType PRECHECK for NetworkAgentInfo [WIFI () - 149]
02-10 13:18:20.024  2324  2335 D ConnectivityService: Returning blocked NetworkInfo to uid=10019
02-10 13:18:20.054 27285 27285 D CReceiver: BReceiver:android.net.conn.CONNECTIVITY_CHANGE
02-10 13:18:20.054 27285 27285 D a       : RUNTIME:20191965s LastSuccess2Now:615573s>300s Network:false FailSubmit:true Run:5608 SuccessCount:55 Speed:2 API:1000 ORI:1000 RESULT:false
02-10 13:18:20.054 27285 27285 D CReceiver: RetryData
02-10 13:18:20.064 27425 27425 D WeatherUpdateService: onCreate
02-10 13:18:20.079  2324  2480 D ConnectivityService: notifyType IP_CHANGED for NetworkAgentInfo [WIFI () - 149]
02-10 13:18:20.084  2324  2480 D ConnectivityService: setProvNotificationVisibleIntent null visible=false networkType=MOBILE extraInfo=null highPriority=false
02-10 13:18:20.084  2324  2480 D ConnectivityService: NetworkAgentInfo [WIFI () - 149] validation  passed
02-10 13:18:20.084  2324  2480 D ConnectivityService: notifyType CAP_CHANGED for NetworkAgentInfo [WIFI () - 149]
02-10 13:18:20.084  2324  2480 D ConnectivityService: sendStickyBroadcast: action=android.net.conn.INET_CONDITION_ACTION
02-10 13:18:20.094 15287 15677 W System  : ClassLoader referenced unknown path: /system/framework/tcmclient.jar
02-10 13:18:20.104 27425 27425 D WeatherUpdateService: Service started, but shouldn't update ... stopping
02-10 13:18:20.109 27425 27425 D WeatherUpdateService: onDestroy
02-10 13:18:20.124  2526  2526 W art     : Long monitor contention event with owner method=boolean android.os.MessageQueue.enqueueMessage(android.os.Message, long) from MessageQueue.java:541 waiters=0 for 389ms
02-10 13:18:20.129  2526  3425 W art     : Long monitor contention event with owner method=boolean android.os.MessageQueue.enqueueMessage(android.os.Message, long) from MessageQueue.java:541 waiters=2 for 218ms
02-10 13:18:20.304  3162  3191 D PhoneInterfaceManager: [PhoneIntfMgr] getDataEnabled: subId=-1 phoneId=-1
02-10 13:18:20.304  3162  3191 E PhoneInterfaceManager: [PhoneIntfMgr] getDataEnabled: no phone subId=-1 retVal=false
02-10 13:18:20.314  2324  2337 D TelephonyManager: getDataEnabled: retVal=false
02-10 13:18:20.324 17744 24503 W System  : ClassLoader referenced unknown path: /system/framework/tcmclient.jar
02-10 13:18:20.519  3162 18526 D TelephonyProvider: getPreferredApnIdFromApn: for subId -1
02-10 13:18:20.539  2324  2337 E GpsLocationProvider: No APN found to select.
02-10 13:18:20.544  2324  2337 D libgps  : proxy_agps_ril_update_network_state()
02-10 13:18:20.544  2324  3233 D libgps  : proxy_agps_ril_request_setid_cb()
02-10 13:18:20.549  2324  3233 D libgps  : proxy_agps_ril_set_set_id()
02-10 13:18:20.549  2324  2337 D libgps  : proxy_agps_ril_update_network_state: called
02-10 13:18:20.549  2324  2337 D libgps  : proxy_agps_ril_update_network_availability()
02-10 13:18:22.214  2324  3233 D libgps  : proxy_gps_release_wakelock_cb()
02-10 13:18:27.734  2324  2480 D ConnectivityService: handlePromptUnvalidated 149
02-10 13:18:30.174  3113  3417 W System  : ClassLoader referenced unknown path: /system/framework/tcmclient.jar
02-10 13:18:35.039  2324  2338 I ActivityManager: Waited long enough for: ServiceRecord{1ae41f1 u0 com.android.ss/.SyncService}
02-10 13:18:39.594  2324 24490 D NetlinkSocketObserver: NeighborEvent{elapsedMs=615655659, 192.168.0.1, [F483CD6CD3E2], RTM_NEWNEIGH, NUD_STALE}
02-10 13:18:46.369  2324 24490 D NetlinkSocketObserver: NeighborEvent{elapsedMs=615662432, 192.168.0.1, [F483CD6CD3E2], RTM_NEWNEIGH, NUD_PROBE}
02-10 13:18:55.719  2324 24490 D NetlinkSocketObserver: NeighborEvent{elapsedMs=615671782, 192.168.0.1, [F483CD6CD3E2], RTM_NEWNEIGH, NUD_STALE}
02-10 13:19:10.404  2324 24490 D NetlinkSocketObserver: NeighborEvent{elapsedMs=615686470, 192.168.0.1, [F483CD6CD3E2], RTM_NEWNEIGH, NUD_PROBE}
02-10 13:19:19.759  2324 24490 D NetlinkSocketObserver: NeighborEvent{elapsedMs=615695822, 192.168.0.1, [F483CD6CD3E2], RTM_NEWNEIGH, NUD_STALE}
02-10 13:19:58.489  2324 24490 D NetlinkSocketObserver: NeighborEvent{elapsedMs=615734552, 192.168.0.1, [F483CD6CD3E2], RTM_NEWNEIGH, NUD_PROBE}
02-10 13:20:07.839  2324 24490 D NetlinkSocketObserver: NeighborEvent{elapsedMs=615743902, 192.168.0.1, [F483CD6CD3E2], RTM_NEWNEIGH, NUD_STALE}
02-10 13:20:21.304 29787 29804 W TDLog   : network is disabled.
02-10 13:20:21.329  2324  2337 D libgps  : proxy_gps_set_position_mode()
02-10 13:20:21.349  2324  2337 D libgps  : proxy_gps_stop()
02-10 13:20:21.594  1979  1979 D gpslogd : CALL_SENTRY: GlEngine::OnStart took 253 ms (from324740348 to 324740601) (log=0,0,0), start: 13:20:21.347
02-10 13:20:21.604  1979  1979 D gpslogd : CALL_SENTRY: marshal_gps_start took 264 ms (from324740347 to 324740611) (log=0,0,0), start: 13:20:21.347
02-10 13:20:21.604  1979  1979 D gpslogd : CALL_SENTRY: ProcessEvent took 265 ms (from324740347 to 324740612) (log=0,0,0), start: 13:20:21.346
02-10 13:20:21.604  2324  3233 D libgps  : proxy_gps_status_cb()
02-10 13:20:21.609  2324  3233 D libgps  : proxy_gps_status_cb()
02-10 13:20:21.609  2324  3233 D libgps  : proxy_agps_ril_request_refloc_cb()
02-10 13:20:21.624  2324  3233 E GpsLocationProvider: Error getting cell location info.
02-10 13:20:21.624  2324  3233 D libgps  : proxy_gps_acquire_wakelock_cb()
02-10 13:20:21.624  2324  3233 D libgps  : proxy_agps_ril_request_setid_cb()
02-10 13:20:21.629  2324  3233 D libgps  : proxy_agps_ril_set_set_id()
02-10 13:20:21.629  2324  3233 D libgps  : proxy_gps_status_cb()
02-10 13:20:21.634  2324  3233 D libgps  : proxy_gps_status_cb()
02-10 13:20:38.594  2324  3233 D libgps  : proxy_gps_release_wakelock_cb()
02-10 13:21:29.829 15287 15677 E StatsUploadJobService: Could not upload stats checkin to commnity server
02-10 13:21:29.829 15287 15677 E StatsUploadJobService: java.net.ConnectException: failed to connect to stats.cyanogenmod.org/52.35.0.252 (port 443): connect failed: ETIMEDOUT (Connection timed out)
02-10 13:21:29.829 15287 15677 E StatsUploadJobService: 	at libcore.io.IoBridge.connect(IoBridge.java:124)
02-10 13:21:29.829 15287 15677 E StatsUploadJobService: 	at java.net.PlainSocketImpl.connect(PlainSocketImpl.java:183)
02-10 13:21:29.829 15287 15677 E StatsUploadJobService: 	at java.net.PlainSocketImpl.connect(PlainSocketImpl.java:452)
02-10 13:21:29.829 15287 15677 E StatsUploadJobService: 	at java.net.Socket.connect(Socket.java:884)
02-10 13:21:29.829 15287 15677 E StatsUploadJobService: 	at com.android.okhttp.internal.Platform.connectSocket(Platform.java:117)
02-10 13:21:29.829 15287 15677 E StatsUploadJobService: 	at com.android.okhttp.internal.http.SocketConnector.connectRawSocket(SocketConnector.java:160)
02-10 13:21:29.829 15287 15677 E StatsUploadJobService: 	at com.android.okhttp.internal.http.SocketConnector.connectTls(SocketConnector.java:79)
02-10 13:21:29.829 15287 15677 E StatsUploadJobService: 	at com.android.okhttp.Connection.connect(Connection.java:143)
02-10 13:21:29.829 15287 15677 E StatsUploadJobService: 	at com.android.okhttp.Connection.connectAndSetOwner(Connection.java:185)
02-10 13:21:29.829 15287 15677 E StatsUploadJobService: 	at com.android.okhttp.OkHttpClient$1.connectAndSetOwner(OkHttpClient.java:128)
02-10 13:21:29.829 15287 15677 E StatsUploadJobService: 	at com.android.okhttp.internal.http.HttpEngine.nextConnection(HttpEngine.java:341)
02-10 13:21:29.829 15287 15677 E StatsUploadJobService: 	at com.android.okhttp.internal.http.HttpEngine.connect(HttpEngine.java:330)
02-10 13:21:29.829 15287 15677 E StatsUploadJobService: 	at com.android.okhttp.internal.http.HttpEngine.sendRequest(HttpEngine.java:248)
02-10 13:21:29.829 15287 15677 E StatsUploadJobService: 	at com.android.okhttp.internal.huc.HttpURLConnectionImpl.execute(HttpURLConnectionImpl.java:437)
02-10 13:21:29.829 15287 15677 E StatsUploadJobService: 	at com.android.okhttp.internal.huc.HttpURLConnectionImpl.connect(HttpURLConnectionImpl.java:114)
02-10 13:21:29.829 15287 15677 E StatsUploadJobService: 	at com.android.okhttp.internal.huc.DelegatingHttpsURLConnection.connect(DelegatingHttpsURLConnection.java:89)
02-10 13:21:29.829 15287 15677 E StatsUploadJobService: 	at com.android.okhttp.internal.huc.HttpsURLConnectionImpl.connect(HttpsURLConnectionImpl.java)
02-10 13:21:29.829 15287 15677 E StatsUploadJobService: 	at com.android.settings.cmstats.StatsUploadJobService.uploadToCM(StatsUploadJobService.java:179)
02-10 13:21:29.829 15287 15677 E StatsUploadJobService: 	at com.android.settings.cmstats.StatsUploadJobService.-wrap0(StatsUploadJobService.java)
02-10 13:21:29.829 15287 15677 E StatsUploadJobService: 	at com.android.settings.cmstats.StatsUploadJobService$StatsUploadTask.doInBackground(StatsUploadJobService.java:138)
02-10 13:21:29.829 15287 15677 E StatsUploadJobService: 	at com.android.settings.cmstats.StatsUploadJobService$StatsUploadTask.doInBackground(StatsUploadJobService.java:100)
02-10 13:21:29.829 15287 15677 E StatsUploadJobService: 	at android.os.AsyncTask$2.call(AsyncTask.java:295)
02-10 13:21:29.829 15287 15677 E StatsUploadJobService: 	at java.util.concurrent.FutureTask.run(FutureTask.java:237)
02-10 13:21:29.829 15287 15677 E StatsUploadJobService: 	at android.os.AsyncTask$SerialExecutor$1.run(AsyncTask.java:234)
02-10 13:21:29.829 15287 15677 E StatsUploadJobService: 	at java.util.concurrent.ThreadPoolExecutor.runWorker(ThreadPoolExecutor.java:1113)
02-10 13:21:29.829 15287 15677 E StatsUploadJobService: 	at java.util.concurrent.ThreadPoolExecutor$Worker.run(ThreadPoolExecutor.java:588)
02-10 13:21:29.829 15287 15677 E StatsUploadJobService: 	at java.lang.Thread.run(Thread.java:818)
02-10 13:21:29.829 15287 15677 E StatsUploadJobService: Caused by: android.system.ErrnoException: connect failed: ETIMEDOUT (Connection timed out)
02-10 13:21:29.829 15287 15677 E StatsUploadJobService: 	at libcore.io.Posix.connect(Native Method)
02-10 13:21:29.829 15287 15677 E StatsUploadJobService: 	at libcore.io.BlockGuardOs.connect(BlockGuardOs.java:111)
02-10 13:21:29.829 15287 15677 E StatsUploadJobService: 	at libcore.io.IoBridge.connectErrno(IoBridge.java:137)
02-10 13:21:29.829 15287 15677 E StatsUploadJobService: 	at libcore.io.IoBridge.connect(IoBridge.java:122)
02-10 13:21:29.829 15287 15677 E StatsUploadJobService: 	... 26 more
02-10 13:21:34.924  2324 24490 D NetlinkSocketObserver: NeighborEvent{elapsedMs=615830990, 192.168.0.1, [F483CD6CD3E2], RTM_NEWNEIGH, NUD_REACHABLE}
02-10 13:21:37.794  2867  2867 I wpa_supplicant: rfkill: WLAN unblocked
02-10 13:21:37.794  2867  2867 I wpa_supplicant: rfkill: WLAN unblocked
02-10 13:21:37.794  2867  2867 I wpa_supplicant: rfkill: WLAN unblocked
02-10 13:21:37.794  2867  2867 I wpa_supplicant: rfkill: WLAN unblocked
02-10 13:22:04.839  2867  2867 I wpa_supplicant: rfkill: WLAN unblocked
02-10 13:22:04.839  2867  2867 I wpa_supplicant: rfkill: WLAN unblocked
02-10 13:22:04.839  2867  2867 I wpa_supplicant: rfkill: WLAN unblocked
02-10 13:22:04.839  2867  2867 I wpa_supplicant: rfkill: WLAN unblocked
02-10 13:22:11.364  2324 24490 D NetlinkSocketObserver: NeighborEvent{elapsedMs=615867427, 192.168.0.1, [F483CD6CD3E2], RTM_NEWNEIGH, NUD_STALE}
02-10 13:22:16.479  2324  2337 I UsageStatsService: User[0] Flushing usage stats to disk
02-10 13:22:16.899  2324  2334 I art     : Background sticky concurrent mark sweep GC freed 101107(9MB) AllocSpace objects, 71(1436KB) LOS objects, 32% free, 24MB/35MB, paused 11.418ms total 349.771ms
02-10 13:22:18.999  2324 24490 D NetlinkSocketObserver: NeighborEvent{elapsedMs=615875065, 192.168.0.1, [F483CD6CD3E2], RTM_NEWNEIGH, NUD_PROBE}
02-10 13:22:28.349  2324 24490 D NetlinkSocketObserver: NeighborEvent{elapsedMs=615884414, 192.168.0.1, [F483CD6CD3E2], RTM_NEWNEIGH, NUD_STALE}
02-10 13:22:38.269  2324 24490 D NetlinkSocketObserver: NeighborEvent{elapsedMs=615894335, 192.168.0.1, [F483CD6CD3E2], RTM_NEWNEIGH, NUD_PROBE}
02-10 13:22:40.194 29787 29868 I TDLog   : onError# failed to connect to /120.24.172.222 (port 1688): connect failed: ETIMEDOUT (Connection timed out)
02-10 13:22:40.534 27285 27285 D a       : RUNTIME:20192225s LastSuccess2Now:615833s>300s Network:false FailSubmit:true Run:5608 SuccessCount:55 Speed:2 API:1000 ORI:1000 RESULT:false
02-10 13:22:47.629  2324 24490 D NetlinkSocketObserver: NeighborEvent{elapsedMs=615903694, 192.168.0.1, [F483CD6CD3E2], RTM_NEWNEIGH, NUD_STALE}
02-10 13:22:55.124  2324 24490 D NetlinkSocketObserver: NeighborEvent{elapsedMs=615911187, 192.168.0.1, [F483CD6CD3E2], RTM_NEWNEIGH, NUD_PROBE}
02-10 13:23:04.474  2324 24490 D NetlinkSocketObserver: NeighborEvent{elapsedMs=615920536, 192.168.0.1, [F483CD6CD3E2], RTM_NEWNEIGH, NUD_STALE}
02-10 13:23:10.399 29787 29804 W TDLog   : network is disabled.
02-10 13:23:10.424  2324  2337 D libgps  : proxy_gps_set_position_mode()
02-10 13:23:10.449  2324  2337 D libgps  : proxy_gps_stop()
02-10 13:23:10.689  1979  1979 D gpslogd : CALL_SENTRY: GlEngine::OnStart took 253 ms (from324883851 to 324884104) (log=0,0,0), start: 13:23:10.445
02-10 13:23:10.699  1979  1979 D gpslogd : CALL_SENTRY: marshal_gps_start took 260 ms (from324883850 to 324884110) (log=0,0,0), start: 13:23:10.444
02-10 13:23:10.699  1979  1979 D gpslogd : CALL_SENTRY: ProcessEvent took 260 ms (from324883850 to 32488411