--------- beginning of system
02-06 19:48:47.301  2324  2480 D ConnectivityService: NetworkAgentInfo [WIFI () - 131] validation  passed
02-06 19:48:47.301  2324  2480 D ConnectivityService: notifyType CAP_CHANGED for NetworkAgentInfo [WIFI () - 131]
02-06 19:48:47.331  2324  2480 D ConnectivityService: sendStickyBroadcast: action=android.net.conn.INET_CONDITION_ACTION
02-06 19:48:47.351  2324  2324 I ActivityManager: Start proc 28699:com.android.settings/1000 for service com.android.settings/.cmstats.StatsUploadJobService
02-06 19:48:47.881 28699 28715 W ActivityThread: ClassLoader.loadClass: The class loader returned by Thread.getContextClassLoader() may fail for processes that host multiple applications. You should explicitly specify a context class loader. For example: Thread.setContextClassLoader(getClass().getClassLoader());
02-06 19:48:55.031  2324  2480 D ConnectivityService: handlePromptUnvalidated 131
02-06 19:49:02.661  2324  2338 I ActivityManager: Waited long enough for: ServiceRecord{aa9fe0 u0 com.android.ss/.SyncService}
02-06 20:07:49.034  2324  2324 V BackupManagerService: Scheduling immediate backup pass
02-06 20:07:49.034  2324  2324 W BackupManagerService: Backup pass but e=false p=true
02-06 20:14:46.909  2324  2480 D ConnectivityService: NetworkAgentInfo [WIFI () - 131] EVENT_NETWORK_INFO_CHANGED, going from CONNECTED to DISCONNECTED
02-06 20:14:46.909  2324  2480 D ConnectivityService: NetworkAgentInfo [WIFI () - 131] got DISCONNECTED, was satisfying 2
02-06 20:14:47.009  2324  2480 D ConnectivityService: notifyType LOST for NetworkAgentInfo [WIFI () - 131]
02-06 20:14:47.079  2324  2480 D CSLegacyTypeTracker: Sending DISCONNECTED broadcast for type 1 NetworkAgentInfo [WIFI () - 131] isDefaultNetwork=true
02-06 20:14:47.079  2324  2480 D ConnectivityService: sendStickyBroadcast: action=android.net.conn.CONNECTIVITY_CHANGE
02-06 20:14:48.694  2324  3202 I ActivityManager: Killing 27323:com.android.exchange/u0a45 (adj 15): empty #17
02-06 20:15:47.149  2324  2480 D ConnectivityService: Failed to find a new network - expiring NetTransition Wakelock
02-06 20:28:19.784  2324  2461 I PowerManagerService: Waking up from sleep (uid 1000)...
02-06 20:28:19.839  2324  2345 I DisplayPowerController: Blocking screen on until initial contents have been drawn.
02-06 20:28:20.234  2324  2343 I DisplayManagerService: Display device changed state: "内置屏幕", ON
02-06 20:28:20.309  2324  2345 I DisplayPowerController: Unblocked screen on after 471 ms
02-06 20:28:23.099  2324  2473 D ConnectivityService: registerNetworkAgent NetworkAgentInfo{ ni{[type: WIFI[], state: CONNECTING/CONNECTING, reason: (unspecified), extra: "wangqing", roaming: false, failover: false, isAvailable: true]}  network{132}  lp{{LinkAddresses: []  Routes: [] DnsAddresses: [] Domains: null MTU: 0 TcpBufferSizes: 524288,1048576,2097152,262144,524288,1048576}}  nc{[ Transports: WIFI Capabilities: INTERNET&NOT_RESTRICTED&TRUSTED&NOT_VPN LinkUpBandwidth>=1048576Kbps LinkDnBandwidth>=1048576Kbps]}  Score{20}  everValidated{false}  lastValidated{false}  created{false} lingering{false} explicitlySelected{false} acceptUnvalidated{false} everCaptivePortalDetected{false} lastCaptivePortalDetected{false} }
02-06 20:28:23.099  2324  2480 D ConnectivityService: NetworkAgentInfo [WIFI () - 132] EVENT_NETWORK_INFO_CHANGED, going from null to CONNECTING
02-06 20:28:23.154  2324  2480 D ConnectivityService: notifyType CAP_CHANGED for NetworkAgentInfo [WIFI () - 132]
02-06 20:28:23.154  2324  2480 D ConnectivityService: updateNetworkScore for NetworkAgentInfo [WIFI () - 132] to 60
02-06 20:28:23.934  2324  2480 D ConnectivityService: NetworkAgentInfo [WIFI () - 132] EVENT_NETWORK_INFO_CHANGED, going from CONNECTING to CONNECTED
02-06 20:28:23.939  2324  2480 D ConnectivityService: Adding iface wlan0 to network 132
02-06 20:28:24.104  2324  2480 E ConnectivityService: Unexpected mtu value: 0, wlan0
02-06 20:28:24.104  2324  2480 D ConnectivityService: Adding Route [fe80::/64 -> :: wlan0] to network 132
02-06 20:28:24.104  2324  2480 D ConnectivityService: Adding Route [192.168.0.0/24 -> 0.0.0.0 wlan0] to network 132
02-06 20:28:24.109  2324  2480 D ConnectivityService: Adding Route [0.0.0.0/0 -> 192.168.0.1 wlan0] to network 132
02-06 20:28:24.109  2324  2480 D ConnectivityService: Setting Dns servers for network 132 to [/192.168.1.1, /192.168.0.1]
02-06 20:28:24.139  2324  2480 D ConnectivityService: notifyType IP_CHANGED for NetworkAgentInfo [WIFI () - 132]
02-06 20:28:24.154  2324  2480 D ConnectivityService: scheduleUnvalidatedPrompt 132
02-06 20:28:24.154  2324  2480 D ConnectivityService: updateSignalStrengthThresholds: CONNECT, sending [] to NetworkAgentInfo [WIFI () - 132]
02-06 20:28:24.154  2324  2480 D ConnectivityService: rematch for NetworkAgentInfo [WIFI () - 132]
02-06 20:28:24.154  2324  2480 D ConnectivityService:    accepting network in place of null
02-06 20:28:24.159  2324  2480 D ConnectivityService: Switching to new default network: NetworkAgentInfo{ ni{[type: WIFI[], state: CONNECTED/CONNECTED, reason: (unspecified), extra: "wangqing", roaming: false, failover: false, isAvailable: true]}  network{132}  lp{{InterfaceName: wlan0 LinkAddresses: [192.168.0.100/24,]  Routes: [fe80::/64 -> :: wlan0,192.168.0.0/24 -> 0.0.0.0 wlan0,0.0.0.0/0 -> 192.168.0.1 wlan0,] DnsAddresses: [192.168.1.1,192.168.0.1,] Domains: DHCP HOST MTU: 0 TcpBufferSizes: 524288,1048576,2097152,262144,524288,1048576}}  nc{[ Transports: WIFI Capabilities: INTERNET&NOT_RESTRICTED&TRUSTED&NOT_VPN LinkUpBandwidth>=1048576Kbps LinkDnBandwidth>=1048576Kbps SignalStrength: -40]}  Score{20}  everValidated{false}  lastValidated{false}  created{true} lingering{false} explicitlySelected{false} acceptUnvalidated{false} everCaptivePortalDetected{false} lastCaptivePortalDetected{false} }
02-06 20:28:24.229  2324  2480 E ConnectivityService: Exception in setupDataActivityTracking java.lang.IllegalStateException: command '1253 idletimer add wlan0 15 1' failed with '400 1253 Failed to add interface'
02-06 20:28:24.234  2324  2480 D CSLegacyTypeTracker: Sending CONNECTED broadcast for type 1 NetworkAgentInfo [WIFI () - 132] isDefaultNetwork=true
02-06 20:28:24.234  2324  2480 D ConnectivityService: sendStickyBroadcast: action=android.net.conn.CONNECTIVITY_CHANGE
02-06 20:28:24.234  2324  2480 D ConnectivityService: notifyType PRECHECK for NetworkAgentInfo [WIFI () - 132]
02-06 20:28:24.394  2324  2480 D ConnectivityService: notifyType IP_CHANGED for NetworkAgentInfo [WIFI () - 132]
02-06 20:28:24.399  2324  2480 D ConnectivityService: setProvNotificationVisibleIntent null visible=false networkType=MOBILE extraInfo=null highPriority=false
02-06 20:28:24.399  2324  2480 D ConnectivityService: NetworkAgentInfo [WIFI () - 132] validation  passed
02-06 20:28:24.399  2324  2480 D ConnectivityService: notifyType CAP_CHANGED for NetworkAgentInfo [WIFI () - 132]
02-06 20:28:24.399  2324  2480 D ConnectivityService: sendStickyBroadcast: action=android.net.conn.INET_CONDITION_ACTION
02-06 20:28:26.169  2324  2480 D ConnectivityService: notifyType CAP_CHANGED for NetworkAgentInfo [WIFI () - 132]
02-06 20:28:32.159  2324  2480 D ConnectivityService: handlePromptUnvalidated 132
02-06 20:28:39.369  2324  2338 I ActivityManager: Waited long enough for: ServiceRecord{7fd682f u0 com.android.ss/.SyncService}
02-06 20:28:39.599  2324  2324 I EntropyMixer: Writing entropy...
02-06 20:31:43.509  2324  2324 I EntropyMixer: Writing entropy...
02-06 20:33:34.954  2324  2324 I ActivityManager: Start proc 29036:com.android.contacts/u0a5 for service com.android.contacts/.incall.InCallMetricsJobService
02-06 20:33:56.074  2324  2336 D ConnectivityService: Returning unblocked NetworkInfo to uid=10019
02-06 20:34:44.434  2324  2590 I ActivityManager: Killing 27908:com.android.shell/2000 (adj 15): empty for 1826s
02-06 20:34:44.464  2324  2590 I ActivityManager: Killing 27893:com.android.externalstorage/u0a11 (adj 15): empty for 1826s
02-06 20:37:08.009  2324 27981 D ConnectivityService: Returning unblocked NetworkInfo to uid=10053
02-06 20:43:59.999  2324  2324 I ActivityManager: Killing 27843:org.cyanogenmod.themes.provider/u0a25 (adj 13): empty for 1816s
02-06 20:44:00.079  2324  2324 I ActivityManager: Killing 27797:org.cyanogenmod.providers.datausage/1000 (adj 15): empty for 1816s
02-06 20:44:00.144  2324  2324 I ActivityManager: Killing 27828:com.android.keychain/1000 (adj 15): empty for 1816s
02-06 20:44:00.189  2324  2324 I ActivityManager: Killing 27813:com.android.gallery3d/u0a47 (adj 15): empty for 1816s
02-06 20:44:00.224  2324  2324 I ActivityManager: Killing 27769:com.android.defcontainer/u0a8 (adj 15): empty for 1816s
02-06 20:44:07.329  2324  3118 D ConnectivityService: Returning blocked NetworkInfo to uid=10019
02-06 20:47:08.734  2324  2573 D ConnectivityService: Returning blocked NetworkInfo to uid=10053
02-06 20:47:36.159  2324 27984 I ActivityManager: Killing 27856:com.android.documentsui/u0a41 (adj 15): empty for 2032s
02-06 20:47:38.074  2324  2324 I EntropyMixer: Writing entropy...
02-06 20:48:20.014  2324  2337 I UsageStatsService: User[0] Flushing usage stats to disk
02-06 20:49:35.629  2324  2560 I ActivityManager: START u0 {act=android.intent.action.MAIN cat=[android.intent.category.LAUNCHER] flg=0x10200000 cmp=net.app.netdatatransfer/net.ui.activity.WelcomeActivity (has extras)} from uid 10026 on display 0
02-06 20:49:35.724  2324  2590 I ActivityManager: Start proc 29543:net.app.netdatatransfer/u0a87 for activity net.app.netdatatransfer/net.ui.activity.WelcomeActivity
02-06 20:49:38.844  2324 27984 I ActivityManager: START u0 {act=net.ui.main cmp=net.app.netdatatransfer/net.ui.activity.MainActivity} from uid 10087 on display 0
02-06 20:49:46.189  2324 27985 W IntentResolver: resolveIntent failed: found match, but none with CATEGORY_DEFAULT
02-06 20:49:46.189  2324 27985 W IntentResolver: resolveIntent failed: found match, but none with CATEGORY_DEFAULT
02-06 20:49:48.244  2324  3118 I ActivityManager: START u0 {act=com.android.systemui.recents.SHOW_RECENTS flg=0x10804000 cmp=com.android.systemui/.recents.RecentsActivity} from uid 10023 on display 0
02-06 20:49:50.294  2324  3118 I ActivityManager: START u0 {act=android.intent.action.MAIN cat=[android.intent.category.HOME] flg=0x10200000 cmp=com.cyanogenmod.trebuchet/com.android.launcher3.Launcher} from uid 10023 on display 0
02-06 20:49:50.379  2324  3204 I ActivityManager: Killing 29543:net.app.netdatatransfer/u0a87 (adj 16): remove task
02-06 20:49:50.574  2324 27981 W ActivityManager: Scheduling restart of crashed service net.app.netdatatransfer/net.service.LoginMonitorService in 1000ms
02-06 20:49:50.574  2324 27981 W ActivityManager: Scheduling restart of crashed service net.app.netdatatransfer/net.service.FileMonitorService in 10999ms
02-06 20:49:50.574  2324 27981 W ActivityManager: Scheduling restart of crashed service net.app.netdatatransfer/net.service.BroadcastMonitorService in 20999ms
02-06 20:49:50.574  2324 27981 W ActivityManager: Scheduling restart of crashed service net.app.netdatatransfer/net.service.UdpDataMonitorService in 30999ms
02-06 20:49:51.594  2324  2338 I ActivityManager: Start proc 29705:net.app.netdatatransfer/u0a87 for service net.app.netdatatransfer/net.service.LoginMonitorService
02-06 20:49:52.904  2324 27984 I ActivityManager: START u0 {act=net.ui.main flg=0x20000 cmp=net.app.netdatatransfer/net.ui.activity.MainActivity (has extras)} from uid 10087 on display 0
02-06 20:49:52.904  2324 27984 W ActivityManager: startActivity called from non-Activity context; forcing Intent.FLAG_ACTIVITY_NEW_TASK for: Intent { act=net.ui.main flg=0x20000 cmp=net.app.netdatatransfer/net.ui.activity.MainActivity (has extras) }
02-06 20:49:52.914  2324 27981 W InputMethodManagerService: Window already focused, ignoring focus gain of: com.android.internal.view.IInputMethodClient$Stub$Proxy@fd5cd42 attribute=null, token = android.os.BinderProxy@58b96ce
02-06 20:49:53.734  2324  3202 W ActivityManager:   Force finishing activity net.app.netdatatransfer/net.ui.activity.MainActivity
02-06 20:49:54.039  2324  3202 I WindowManager: Screenshot max retries 4 of Token{fef378d ActivityRecord{8bc0024 u0 net.app.netdatatransfer/net.ui.activity.MainActivity t1023 f}} appWin=Window{4b0f7cb u0 Starting net.app.netdatatransfer} drawState=4
02-06 20:49:54.539  2324  2338 W ActivityManager: Activity pause timeout for ActivityRecord{8bc0024 u0 net.app.netdatatransfer/net.ui.activity.MainActivity t1023 f}
02-06 20:49:56.034  2324  3189 W InputMethodManagerService: Window already focused, ignoring focus gain of: com.android.internal.view.IInputMethodClient$Stub$Proxy@d2ff123 attribute=null, token = android.os.BinderProxy@58b96ce
02-06 20:49:56.049  2324 27984 I WindowState: WIN DEATH: Window{c1a27c0 u0 net.app.netdatatransfer/net.ui.activity.MainActivity}
02-06 20:49:56.069  2324  3118 I ActivityManager: Process net.app.netdatatransfer (pid 29705) has died
02-06 20:49:56.069  2324  3118 W ActivityManager: Scheduling restart of crashed service net.app.netdatatransfer/net.service.LoginMonitorService in 1000ms
02-06 20:49:56.069  2324  3118 W ActivityManager: Scheduling restart of crashed service net.app.netdatatransfer/net.service.FileMonitorService in 11000ms
02-06 20:49:56.069  2324  3118 W ActivityManager: Scheduling restart of crashed service net.app.netdatatransfer/net.service.BroadcastMonitorService in 21000ms
02-06 20:49:56.069  2324  3118 W ActivityManager: Scheduling restart of crashed service net.app.netdatatransfer/net.service.UdpDataMonitorService in 31000ms
02-06 20:49:56.209  2324  2343 W AppOps  : Finishing op nesting under-run: uid 1000 pkg android code 24 time=0 duration=0 nesting=0
02-06 20:49:57.084  2324  2338 I ActivityManager: Start proc 29764:net.app.netdatatransfer/u0a87 for service net.app.netdatatransfer/net.service.LoginMonitorService
02-06 20:51:54.934  2324  2338 I ProcessStatsService: Prepared write state in 6ms
02-06 20:51:54.964  2324  2337 I ProcessStatsService: Pruning old procstats: /data/system/procstats/state-2017-02-05-16-41-21.bin
02-06 20:52:08.929  2324  2619 D ConnectivityService: Returning unblocked NetworkInfo to uid=10053
02-06 20:52:39.359  2324 27981 D ConnectivityService: Returning unblocked NetworkInfo to uid=10019
02-06 20:54:05.894  2324  2480 D ConnectivityService: notifyType CAP_CHANGED for NetworkAgentInfo [WIFI () - 132]
02-06 20:54:06.524  2324  2480 D ConnectivityService: notifyType CAP_CHANGED for NetworkAgentInfo [WIFI () - 132]
02-06 20:55:31.779  2324  2344 W ProcessCpuTracker: Skipping unknown process pid 1485
02-06 20:59:25.624  2324  2338 W ProcessCpuTracker: Skipping unknown process pid 4618
02-06 20:59:43.644  2324  2348 I ActivityManager: Start proc 4839:com.android.defcontainer/u0a8 for service com.android.defcontainer/.DefaultContainerService
02-06 20:59:43.744  4839  4850 D DefContainer: Copying /data/local/tmp/net.app.netdatatransfer to base.apk
02-06 20:59:44.424  2324  2338 I ActivityManager: Force stopping net.app.netdatatransfer appid=10087 user=-1: uninstall pkg
02-06 20:59:44.424  2324  2338 I ActivityManager: Killing 29764:net.app.netdatatransfer/u0a87 (adj 5): stop net.app.netdatatransfer
02-06 20:59:44.479  2324  2338 W ActivityManager: Scheduling restart of crashed service net.app.netdatatransfer/net.service.LoginMonitorService in 1000ms
02-06 20:59:44.479  2324  2338 W ActivityManager: Scheduling restart of crashed service net.app.netdatatransfer/net.service.FileMonitorService in 11000ms
02-06 20:59:44.479  2324  2338 W ActivityManager: Scheduling restart of crashed service net.app.netdatatransfer/net.service.BroadcastMonitorService in 21000ms
02-06 20:59:44.479  2324  2338 W ActivityManager: Scheduling restart of crashed service net.app.netdatatransfer/net.service.UdpDataMonitorService in 31000ms
02-06 20:59:44.479  2324  2338 I ActivityManager:   Force stopping service ServiceRecord{96ec80b u0 net.app.netdatatransfer/net.service.FileMonitorService}
02-06 20:59:44.479  2324  2338 I ActivityManager:   Force stopping service ServiceRecord{c1abda u0 net.app.netdatatransfer/net.service.UdpDataMonitorService}
02-06 20:59:44.479  2324  2338 I ActivityManager:   Force stopping service ServiceRecord{8a0b6e8 u0 net.app.netdatatransfer/net.service.BroadcastMonitorService}
02-06 20:59:44.479  2324  2338 I ActivityManager:   Force stopping service ServiceRecord{e2b9185 u0 net.app.netdatatransfer/net.service.LoginMonitorService}
02-06 20:59:44.479  2324  3189 W ActivityManager: Spurious death for ProcessRecord{63b8c02 0:net.app.netdatatransfer/u0a87}, curProc for 29764: null
02-06 20:59:44.619  2324  2348 I PackageManager: Package net.app.netdatatransfer codePath changed from /data/app/net.app.netdatatransfer-2 to /data/app/net.app.netdatatransfer-1; Retaining data and using new
02-06 20:59:44.619  2324  2348 W PackageManager: Code path for net.app.netdatatransfer changing from /data/app/net.app.netdatatransfer-2 to /data/app/net.app.netdatatransfer-1
02-06 20:59:44.619  2324  2338 I ActivityManager: Force stopping net.app.netdatatransfer appid=10087 user=-1: replace pkg
02-06 20:59:44.624  2324  2348 W PackageManager: Resource path for net.app.netdatatransfer changing from /data/app/net.app.netdatatransfer-2 to /data/app/net.app.netdatatransfer-1
02-06 20:59:45.374  2324  2348 W PackageManager: Couldn't remove dex file for package:  at location /data/app/net.app.netdatatransfer-2/base.apk, retcode=-1
02-06 20:59:45.374  2324  2348 I ActivityManager: Force stopping net.app.netdatatransfer appid=10087 user=0: pkg removed
02-06 20:59:45.439  2324  2324 D JobSchedulerService: Receieved: android.intent.action.PACKAGE_REMOVED
02-06 20:59:45.474  2324  2348 W ActivityManager: Skipping broadcast of Intent { act=android.intent.action.PACKAGE_REMOVED dat=package:net.app.netdatatransfer flg=0x4000010 (has extras) }: user 10 is stopped
02-06 20:59:45.564  2324  2348 W ActivityManager: Skipping broadcast of Intent { act=android.intent.action.PACKAGE_ADDED dat=package:net.app.netdatatransfer flg=0x4000010 (has extras) }: user 10 is stopped
02-06 20:59:45.564  2324  3189 D ConnectivityService: Returning unblocked NetworkInfo to uid=10000
02-06 20:59:45.614  2324  3204 I ActivityManager: Start proc 4885:org.cyanogenmod.providers.datausage/1000 for broadcast org.cyanogenmod.providers.datausage/.DataUsageAppInstallReceiver
02-06 20:59:45.624  2324  2348 W ActivityManager: Skipping broadcast of Intent { act=android.intent.action.PACKAGE_REPLACED dat=package:net.app.netdatatransfer flg=0x4000010 (has extras) }: user 10 is stopped
02-06 20:59:45.624  2324  2348 W ActivityManager: Skipping broadcast of Intent { act=android.intent.action.MY_PACKAGE_REPLACED flg=0x4000010 pkg=net.app.netdatatransfer (has extras) }: user 10 is stopped
02-06 20:59:45.659  2324  2324 V KeyValueBackupJob: Scheduling k/v pass in 249 minutes
02-06 20:59:45.724  2324  2337 W VoiceInteractionManagerService: no available voice recognition services found for user 0
02-06 20:59:45.769  4885  4885 W ContextImpl: Calling a method in the system process without a qualified user: android.app.ContextImpl.startService:1231 android.content.ContextWrapper.startService:587 android.content.ContextWrapper.startService:587 org.cyanogenmod.providers.datausage.DataUsageAppInstallReceiver.onReceive:47 android.app.ActivityThread.handleReceiver:2759 
02-06 20:59:45.784  2324  3194 I ActivityManager: Start proc 4898:com.android.gallery3d/u0a47 for broadcast com.android.gallery3d/.app.PackagesMonitor
02-06 20:59:45.994  2324  2336 I ActivityManager: Start proc 4914:com.android.keychain/1000 for broadcast com.android.keychain/.KeyChainBroadcastReceiver
02-06 20:59:46.034  2324  3202 I ActivityManager: Killing 27748:com.android.packageinstaller/u0a16 (adj 15): empty for 2762s
02-06 20:59:46.169  4914  4914 W ContextImpl: Calling a method in the system process without a qualified user: android.app.ContextImpl.startService:1231 android.content.ContextWrapper.startService:587 android.content.ContextWrapper.startService:587 com.android.keychain.KeyChainBroadcastReceiver.onReceive:12 android.app.ActivityThread.handleReceiver:2759 
02-06 20:59:46.189  4885  4885 W ContextImpl: Calling a method in the system process without a qualified user: android.app.ContextImpl.startService:1231 android.content.ContextWrapper.startService:587 android.content.ContextWrapper.startService:587 org.cyanogenmod.providers.datausage.DataUsageAppInstallReceiver.onReceive:47 android.app.ActivityThread.handleReceiver:2759 
02-06 20:59:46.209  2324  3102 I ActivityManager: Start proc 4932:org.cyanogenmod.themes.provider/u0a25 for broadcast org.cyanogenmod.themes.provider/.AppReceiver
02-06 20:59:46.259  2324  3189 I ActivityManager: Killing 28151:com.android.cellbroadcastreceiver/u0a7 (adj 15): empty for 2457s
02-06 20:59:46.334  2324  2619 I ActivityManager: Start proc 4946:com.svox.pico/u0a59 for broadcast com.svox.pico/.VoiceDataInstallerReceiver
02-06 20:59:46.364  2324  3202 I ActivityManager: Killing 28699:com.android.settings/1000 (adj 15): empty for 2056s
02-06 20:59:46.474  2324  2336 I ActivityManager: Killing 28324:com.android.ss/u0a1 (adj 15): empty for 1882s
02-06 20:59:46.514  4885  4885 W ContextImpl: Calling a method in the system process without a qualified user: android.app.ContextImpl.startService:1231 android.content.ContextWrapper.startService:587 android.content.ContextWrapper.startService:587 org.cyanogenmod.providers.datausage.DataUsageAppInstallReceiver.onReceive:47 android.app.ActivityThread.handleReceiver:2759 
02-06 20:59:49.849  2324  2590 I ActivityManager: START u0 {act=android.intent.action.MAIN cat=[android.intent.category.LAUNCHER] flg=0x10000000 cmp=net.app.netdatatransfer/net.ui.activity.WelcomeActivity} from uid 2000 on display 0
02-06 20:59:49.869  2324  3118 I ActivityManager: Start proc 4973:net.app.netdatatransfer/u0a87 for activity net.app.netdatatransfer/net.ui.activity.WelcomeActivity
02-06 20:59:54.124  2324 27981 I ActivityManager: START u0 {act=net.ui.main cmp=net.app.netdatatransfer/net.ui.activity.MainActivity} from uid 10087 on display 0
02-06 21:01:34.134  2324  2339 I ActivityManager: Config changes=480 {1.0 ?mcc?mnc zh_CN ldltr sw360dp w640dp h336dp 320dpi nrml long land finger -keyb/v/h -nav/h s.13 themeResource=null}
02-06 21:01:34.239  2324  2339 I ActivityManager: Config changes=480 {1.0 ?mcc?mnc zh_CN ldltr sw360dp w360dp h616dp 320dpi nrml long port finger -keyb/v/h -nav/h s.14 themeResource=null}
02-06 21:01:34.624  2324  2343 I WindowManager: Screen frozen for +930ms due to Window{379972b u0 net.app.netdatatransfer/net.ui.activity.MainActivity}
02-06 21:01:37.849  2324  3189 W IntentResolver: resolveIntent failed: found match, but none with CATEGORY_DEFAULT
02-06 21:01:37.849  2324  3189 W IntentResolver: resolveIntent failed: found match, but none with CATEGORY_DEFAULT
02-06 21:01:39.184  4973  4973 W ViewRootImpl: Cancelling event due to no window focus: KeyEvent { action=ACTION_UP, keyCode=KEYCODE_BACK, scanCode=158, metaState=0, flags=0x68, repeatCount=0, eventTime=286702373, downTime=286702354, deviceId=10, source=0x101 }
02-06 21:01:39.184  4973  4973 W ViewRootImpl: Cancelling event due to no window focus: KeyEvent { action=ACTION_UP, keyCode=KEYCODE_BACK, scanCode=158, metaState=0, flags=0x68, repeatCount=0, eventTime=286702373, downTime=286702354, deviceId=10, source=0x101 }
02-06 21:01:39.184  4973  4973 W ViewRootImpl: Cancelling event due to no window focus: KeyEvent { action=ACTION_UP, keyCode=KEYCODE_BACK, scanCode=158, metaState=0, flags=0x68, repeatCount=0, eventTime=286702373, downTime=286702354, deviceId=10, source=0x101 }
02-06 21:01:39.204  4973  4973 W ViewRootImpl: Cancelling event due to no window focus: KeyEvent { action=ACTION_UP, keyCode=KEYCODE_BACK, scanCode=158, metaState=0, flags=0x68, repeatCount=0, eventTime=286702373, downTime=286702354, deviceId=10, source=0x101 }
02-06 21:01:39.204  4973  4973 W ViewRootImpl: Cancelling event due to no window focus: KeyEvent { action=ACTION_UP, keyCode=KEYCODE_BACK, scanCode=158, metaState=0, flags=0x68, repeatCount=0, eventTime=286702373, downTime=286702354, deviceId=10, source=0x101 }
02-06 21:01:39.204  4973  4973 W ViewRootImpl: Cancelling event due to no window focus: KeyEvent { action=ACTION_UP, keyCode=KEYCODE_BACK, scanCode=158, metaState=0, flags=0x68, repeatCount=0, eventTime=286702373, downTime=286702354, deviceId=10, source=0x101 }
02-06 21:01:39.204  4973  4973 W ViewRootImpl: Cancelling event due to no window focus: KeyEvent { action=ACTION_UP, keyCode=KEYCODE_BACK, scanCode=158, metaState=0, flags=0x68, repeatCount=0, eventTime=286702373, downTime=286702354, deviceId=10, source=0x101 }
02-06 21:01:39.204  4973  4973 W ViewRootImpl: Cancelling event due to no window focus: KeyEvent { action=ACTION_UP, keyCode=KEYCODE_BACK, scanCode=158, metaState=0, flags=0x68, repeatCount=0, eventTime=286702373, downTime=286702354, deviceId=10, source=0x101 }
02-06 21:01:39.204  4973  4973 W ViewRootImpl: Cancelling event due to no window focus: KeyEvent { action=ACTION_UP, keyCode=KEYCODE_BACK, scanCode=158, metaState=0, flags=0x68, repeatCount=0, eventTime=286702373, downTime=286702354, deviceId=10, source=0x101 }
02-06 21:01:39.394  3178  3178 W ViewRootImpl: Cancelling event due to no window focus: KeyEvent { action=ACTION_UP, keyCode=KEYCODE_BACK, scanCode=158, metaState=0, flags=0x68, repeatCount=0, eventTime=286702461, downTime=286702354, deviceId=10, source=0x101 }
02-06 21:01:39.394  3178  3178 W ViewRootImpl: Cancelling event due to no window focus: KeyEvent { action=ACTION_UP, keyCode=KEYCODE_BACK, scanCode=158, metaState=0, flags=0x68, repeatCount=0, eventTime=286702461, downTime=286702354, deviceId=10, source=0x101 }
02-06 21:01:39.394  3178  3178 W ViewRootImpl: Cancelling event due to no window focus: KeyEvent { action=ACTION_UP, keyCode=KEYCODE_BACK, scanCode=158, metaState=0, flags=0x68, repeatCount=0, eventTime=286702461, downTime=286702354, deviceId=10, source=0x101 }
02-06 21:01:39.394  3178  3178 W ViewRootImpl: Cancelling event due to no window focus: KeyEvent { action=ACTION_UP, keyCode=KEYCODE_BACK, scanCode=158, metaState=0, flags=0x68, repeatCount=0, eventTime=286702461, downTime=286702354, deviceId=10, source=0x101 }
02-06 21:01:39.394  3178  3178 W ViewRootImpl: Cancelling event due to no window focus: KeyEvent { action=ACTION_UP, keyCode=KEYCODE_BACK, scanCode=158, metaState=0, flags=0x68, repeatCount=0, eventTime=286702461, downTime=286702354, deviceId=10, source=0x101 }
02-06 21:01:39.394  3178  3178 W ViewRootImpl: Cancelling event due to no window focus: KeyEvent { action=ACTION_UP, keyCode=KEYCODE_BACK, scanCode=158, metaState=0, flags=0x68, repeatCount=0, eventTime=286702461, downTime=286702354, deviceId=10, source=0x101 }
02-06 21:01:39.394  3178  3178 W ViewRootImpl: Cancelling event due to no window focus: KeyEvent { action=ACTION_UP, keyCode=KEYCODE_BACK, scanCode=158, metaState=0, flags=0x68, repeatCount=0, eventTime=286702461, downTime=286702354, deviceId=10, source=0x101 }
02-06 21:01:39.394  3178  3178 W ViewRootImpl: Cancelling event due to no window focus: KeyEvent { action=ACTION_UP, keyCode=KEYCODE_BACK, scanCode=158, metaState=0, flags=0x68, repeatCount=0, eventTime=286702461, downTime=286702354, deviceId=10, source=0x101 }
02-06 21:01:39.394  3178  3178 W ViewRootImpl: Cancelling event due to no window focus: KeyEvent { action=ACTION_UP, keyCode=KEYCODE_BACK, scanCode=158, metaState=0, flags=0x68, repeatCount=0, eventTime=286702461, downTime=286702354, deviceId=10, source=0x101 }
02-06 21:01:39.769  2324  3204 I WindowState: WIN DEATH: Window{379972b u0 net.app.netdatatransfer/net.ui.activity.MainActivity EXITING}
02-06 21:01:39.779  2324  2335 I WindowState: WIN DEATH: Window{f32b434 u0 Toast}
02-06 21:01:39.799  2324 27984 I ActivityManager: Process net.app.netdatatransfer (pid 4973) has died
02-06 21:01:40.539  2324  2324 W NotificationService: Object died trying to hide notification android.app.ITransientNotification$Stub$Proxy@a8455cc in package net.app.netdatatransfer
02-06 21:01:43.029  2324  2590 I ActivityManager: START u0 {act=android.intent.action.MAIN cat=[android.intent.category.LAUNCHER] flg=0x10200000 cmp=net.app.netdatatransfer/net.ui.activity.WelcomeActivity (has extras)} from uid 10026 on display 0
02-06 21:01:43.084  2324 27984 I ActivityManager: Start proc 6460:net.app.netdatatransfer/u0a87 for activity net.app.netdatatransfer/net.ui.activity.WelcomeActivity
02-06 21:01:46.194  2324  3202 I ActivityManager: START u0 {act=net.ui.main cmp=net.app.netdatatransfer/net.ui.activity.MainActivity} from uid 10087 on display 0
02-06 21:01:51.154  2324 27985 D ConnectivityService: Returning blocked NetworkInfo to uid=10019
02-06 21:01:53.069  2324  2619 W IntentResolver: resolveIntent failed: found match, but none with CATEGORY_DEFAULT
02-06 21:01:53.069  2324  2619 W IntentResolver: resolveIntent failed: found match, but none with CATEGORY_DEFAULT
02-06 21:01:54.409  2324  2335 I ActivityManager: START u0 {act=com.android.systemui.recents.SHOW_RECENTS flg=0x10804000 cmp=com.android.systemui/.recents.RecentsActivity} from uid 10023 on display 0
02-06 21:01:56.494  2324  2560 I ActivityManager: START u0 {act=android.intent.action.MAIN cat=[android.intent.category.HOME] flg=0x10200000 cmp=com.cyanogenmod.trebuchet/com.android.launcher3.Launcher} from uid 10023 on display 0
02-06 21:01:56.564  2324  2336 I ActivityManager: Killing 6460:net.app.netdatatransfer/u0a87 (adj 16): remove task
02-06 21:01:56.689  2324  2335 W ActivityManager: Scheduling restart of crashed service net.app.netdatatransfer/net.service.LoginMonitorService in 1000ms
02-06 21:01:56.689  2324  2335 W ActivityManager: Scheduling restart of crashed service net.app.netdatatransfer/net.service.FileMonitorService in 11000ms
02-06 21:01:56.689  2324  2335 W ActivityManager: Scheduling restart of crashed service net.app.netdatatransfer/net.service.UdpDataMonitorService in 21000ms
02-06 21:01:56.689  2324  2335 W ActivityManager: Scheduling restart of crashed service net.app.netdatatransfer/net.service.BroadcastMonitorService in 30999ms
02-06 21:01:57.714  2324  2338 I ActivityManager: Start proc 6712:net.app.netdatatransfer/u0a87 for service net.app.netdatatransfer/net.service.LoginMonitorService
02-06 21:01:59.289  2324  2335 I ActivityManager: START u0 {act=net.ui.main flg=0x20000 cmp=net.app.netdatatransfer/net.ui.activity.MainActivity (has extras)} from uid 10087 on display 0
02-06 21:01:59.289  2324  2335 W ActivityManager: startActivity called from non-Activity context; forcing Intent.FLAG_ACTIVITY_NEW_TASK for: Intent { act=net.ui.main flg=0x20000 cmp=net.app.netdatatransfer/net.ui.activity.MainActivity (has extras) }
02-06 21:02:09.424  2324  3204 D ConnectivityService: Returning blocked NetworkInfo to uid=10053
02-06 21:02:16.174  2324 27985 W InputMethodManagerService: Window already focused, ignoring focus gain of: com.android.internal.view.IInputMethodClient$Stub$Proxy@215287 attribute=null, token = android.os.BinderProxy@33862ec
02-06 21:02:18.814  6712  6712 W ViewRootImpl: Cancelling event due to no window focus: KeyEvent { action=ACTION_UP, keyCode=KEYCODE_BACK, scanCode=158, metaState=0, flags=0x68, repeatCount=0, eventTime=286742000, downTime=286741981, deviceId=10, source=0x101 }
02-06 21:02:18.814  6712  6712 W ViewRootImpl: Cancelling event due to no window focus: KeyEvent { action=ACTION_UP, keyCode=KEYCODE_BACK, scanCode=158, metaState=0, flags=0x68, repeatCount=0, eventTime=286742000, downTime=286741981, deviceId=10, source=0x101 }
02-06 21:02:18.814  6712  6712 W ViewRootImpl: Cancelling event due to no window focus: KeyEvent { action=ACTION_UP, keyCode=KEYCODE_BACK, scanCode=158, metaState=0, flags=0x68, repeatCount=0, eventTime=286742000, downTime=286741981, deviceId=10, source=0x101 }
02-06 21:02:18.829  6712  6712 W ViewRootImpl: Cancelling event due to no window focus: KeyEvent { action=ACTION_UP, keyCode=KEYCODE_BACK, scanCode=158, metaState=0, flags=0x68, repeatCount=0, eventTime=286742000, downTime=286741981, deviceId=10, source=0x101 }
02-06 21:02:18.834  6712  6712 W ViewRootImpl: Cancelling event due to no window focus: KeyEvent { action=ACTION_UP, keyCode=KEYCODE_BACK, scanCode=158, metaState=0, flags=0x68, repeatCount=0, eventTime=286742000, downTime=286741981, deviceId=10, source=0x101 }
02-06 21:02:18.834  6712  6712 W ViewRootImpl: Cancelling event due to no window focus: KeyEvent { action=ACTION_UP, keyCode=KEYCODE_BACK, scanCode=158, metaState=0, flags=0x68, repeatCount=0, eventTime=286742000, downTime=286741981, deviceId=10, source=0x101 }
02-06 21:02:18.834  6712  6712 W ViewRootImpl: Cancelling event due to no window focus: KeyEvent { action=ACTION_UP, keyCode=KEYCODE_BACK, scanCode=158, metaState=0, flags=0x68, repeatCount=0, eventTime=286742000, downTime=286741981, deviceId=10, source=0x101 }
02-06 21:02:18.834  6712  6712 W ViewRootImpl: Cancelling event due to no window focus: KeyEvent { action=ACTION_UP, keyCode=KEYCODE_BACK, scanCode=158, metaState=0, flags=0x68, repeatCount=0, eventTime=286742000, downTime=286741981, deviceId=10, source=0x101 }
02-06 21:02:18.834  6712  6712 W ViewRootImpl: Cancelling event due to no window focus: KeyEvent { action=ACTION_UP, keyCode=KEYCODE_BACK, scanCode=158, metaState=0, flags=0x68, repeatCount=0, eventTime=286742000, downTime=286741981, deviceId=10, source=0x101 }
02-06 21:02:19.004  3178  3178 W ViewRootImpl: Cancelling event due to no window focus: KeyEvent { action=ACTION_UP, keyCode=KEYCODE_BACK, scanCode=158, metaState=0, flags=0x68, repeatCount=0, eventTime=286742069, downTime=286741981, deviceId=10, source=0x101 }
02-06 21:02:19.004  3178  3178 W ViewRootImpl: Cancelling event due to no window focus: KeyEvent { action=ACTION_UP, keyCode=KEYCODE_BACK, scanCode=158, metaState=0, flags=0x68, repeatCount=0, eventTime=286742069, downTime=286741981, deviceId=10, source=0x101 }
02-06 21:02:19.004  3178  3178 W ViewRootImpl: Cancelling event due to no window focus: KeyEvent { action=ACTION_UP, keyCode=KEYCODE_BACK, scanCode=158, metaState=0, flags=0x68, repeatCount=0, eventTime=286742069, downTime=286741981, deviceId=10, source=0x101 }
02-06 21:02:19.004  3178  3178 W ViewRootImpl: Cancelling event due to no window focus: KeyEvent { action=ACTION_UP, keyCode=KEYCODE_BACK, scanCode=158, metaState=0, flags=0x68, repeatCount=0, eventTime=286742069, downTime=286741981, deviceId=10, source=0x101 }
02-06 21:02:19.004  3178  3178 W ViewRootImpl: Cancelling event due to no window focus: KeyEvent { action=ACTION_UP, keyCode=KEYCODE_BACK, scanCode=158, metaState=0, flags=0x68, repeatCount=0, eventTime=286742069, downTime=286741981, deviceId=10, source=0x101 }
02-06 21:02:19.004  3178  3178 W ViewRootImpl: Cancelling event due to no window focus: KeyEvent { action=ACTION_UP, keyCode=KEYCODE_BACK, scanCode=158, metaState=0, flags=0x68, repeatCount=0, eventTime=286742069, downTime=286741981, deviceId=10, source=0x101 }
02-06 21:02:19.004  3178  3178 W ViewRootImpl: Cancelling event due to no window focus: KeyEvent { action=ACTION_UP, keyCode=KEYCODE_BACK, scanCode=158, metaState=0, flags=0x68, repeatCount=0, eventTime=286742069, downTime=286741981, deviceId=10, source=0x101 }
02-06 21:02:19.004  3178  3178 W ViewRootImpl: Cancelling event due to no window focus: KeyEvent { action=ACTION_UP, keyCode=KEYCODE_BACK, scanCode=158, metaState=0, flags=0x68, repeatCount=0, eventTime=286742069, downTime=286741981, deviceId=10, source=0x101 }
02-06 21:02:19.004  3178  3178 W ViewRootImpl: Cancelling event due to no window focus: KeyEvent { action=ACTION_UP, keyCode=KEYCODE_BACK, scanCode=158, metaState=0, flags=0x68, repeatCount=0, eventTime=286742069, downTime=286741981, deviceId=10, source=0x101 }
02-06 21:02:19.379  2324  3102 I WindowState: WIN DEATH: Window{bae36b5 u0 net.app.netdatatransfer/net.ui.activity.MainActivity EXITING}
02-06 21:02:19.404  2324 27981 I WindowState: WIN DEATH: Window{49a25dd u0 Toast}
02-06 21:02:19.434  2324 27984 I ActivityManager: Process net.app.netdatatransfer (pid 6712) has died
02-06 21:02:19.924  2324  2324 W NotificationService: Object died trying to hide notification android.app.ITransientNotification$Stub$Proxy@ec13395 in package net.app.netdatatransfer
02-06 21:03:59.999  2324  2324 I ActivityManager: Killing 28340:com.android.dialer/u0a9 (adj 15): empty for 1824s
02-06 21:04:48.674  2324  2573 D ConnectivityService: Returning blocked NetworkInfo to uid=10000
02-06 21:09:35.744  2324  2337 I UsageStatsService: User[0] Flushing usage stats to disk
02-06 21:22:00.019  2324  2338 I ProcessStatsService: Prepared write state in 13ms
02-06 21:22:00.034  2324  2338 I ProcessStatsService: Prepared write state in 8ms
02-06 21:24:34.829  2324  2344 W ProcessCpuTracker: Skipping unknown process pid 7664
02-06 21:25:34.894  2324  2344 W ProcessCpuTracker: Skipping unknown process pid 7692
02-06 21:44:36.234  2324  2324 I ActivityManager: Start proc 8200:com.android.settings/1000 for service com.android.settings/.cmstats.StatsUploadJobService
02-06 21:44:36.469  8200  8213 W ActivityThread: ClassLoader.loadClass: The class loader returned by Thread.getContextClassLoader() may fail for processes that host multiple applications. You should explicitly specify a context class loader. For example: Thread.setContextClassLoader(getClass().getClassLoader());
02-06 21:47:46.074  2324  2336 I ActivityManager: Killing 29036:com.android.contacts/u0a5 (adj 15): empty for 4450s
02-06 21:52:00.059  2324  2338 I ProcessStatsService: Prepared write state in 11ms
02-06 21:54:06.039  2324  2480 D ConnectivityService: notifyType CAP_CHANGED for NetworkAgentInfo [WIFI () - 132]
02-06 21:54:06.939  2324  2480 D ConnectivityService: notifyType CAP_CHANGED for NetworkAgentInfo [WIFI () - 132]
02-06 21:54:34.839  2324  2344 W ProcessCpuTracker: Skipping unknown process pid 8478
02-06 21:55:34.909  2324  2344 W ProcessCpuTracker: Skipping unknown process pid 8506
02-06 21:56:34.934  2324  2344 W ProcessCpuTracker: Skipping unknown process pid 8532
02-06 22:00:00.299  2324  2324 D ZenLog  : config: conditionChanged,ZenModeConfig[user=0,allowCalls=true,allowRepeatCallers=false,allowMessages=true,allowCallsFrom=stars,allowMessagesFrom=stars,allowReminders=true,allowEvents=true,automaticRules={c16536fc74a848faba4267a52f4a447d=ZenRule[enabled=false,snoozing=false,name=活动,zenMode=ZEN_MODE_ALARMS,conditionId=condition://android/event?userId=-10000&calendar=&reply=1,condition=Condition[id=condition://android/event?userId=-10000&calendar=&reply=1,summary=...,line1=...,line2=...,icon=0,state=STATE_FALSE,flags=2],component=ComponentInfo{android/com.android.server.notification.EventConditionProvider}], f399fbefe30d45c28d3c97aa43ef0e12=ZenRule[enabled=false,snoozing=false,name=周一至周五夜间,zenMode=ZEN_MODE_ALARMS,conditionId=condition://android/schedule?days=1.2.3.4.5&start=22.0&end=7.0,condition=Condition[id=condition://android/schedule?days=1.2.3.4.5&start=22.0&end=7.0,summary=...,line1=...,line2=...,icon=0,state=STATE_TRUE,flags=2],component=ComponentInfo{android/com.android.server.notification.ScheduleConditionProvider}], 374efb64f4cd43c986e8dc6914649efd=ZenRule[enabled=false,snoozing=false,name=周末,zenMode=ZEN_MODE_ALARMS,conditionId=condition://android/schedule?days=6.7&start=23.30&end=10.0,condition=Condition[id=condition://android/schedule?days=6.7&start=23.30&end=10.0,summary=...,line1=...,line2=...,icon=0,state=STATE_FALSE,flags=2],component=ComponentInfo{android/com.android.server.notification.ScheduleConditionProvider}]},manualRule=null],Diff[automaticRule[f399fbefe30d45c28d3c97aa43ef0e12].condition:Condition[id=condition://android/schedule?days=1.2.3.4.5&start=22.0&end=7.0,summary=...,line1=...,line2=...,icon=0,state=STATE_FALSE,flags=2]->Condition[id=condition://android/schedule?days=1.2.3.4.5&start=22.0&end=7.0,summary=...,line1=...,line2=...,icon=0,state=STATE_TRUE,flags=2]]
02-06 22:22:00.094  2324  2338 I ProcessStatsService: Prepared write state in 19ms
02-06 22:23:48.049  2324  2324 I EntropyMixer: Writing entropy...
02-06 22:24:34.839  2324  2344 W ProcessCpuTracker: Skipping unknown process pid 9282
02-06 22:52:00.109  2324  2338 I ProcessStatsService: Prepared write state in 9ms
02-06 23:08:49.164  2324  3202 I ActivityManager: START u0 {act=android.intent.action.MAIN cat=[android.intent.category.LAUNCHER] flg=0x10200000 cmp=net.app.netdatatransfer/net.ui.activity.WelcomeActivity (has extras)} from uid 10026 on display 0
02-06 23:08:49.254  2324  2335 I ActivityManager: Start proc 10460:net.app.netdatatransfer/u0a87 for activity net.app.netdatatransfer/net.ui.activity.WelcomeActivity
02-06 23:08:52.274  2324  3204 I ActivityManager: START u0 {act=net.ui.main cmp=net.app.netdatatransfer/net.ui.activity.MainActivity} from uid 10087 on display 0
02-06 23:09:35.494  2324  3194 W IntentResolver: resolveIntent failed: found match, but none with CATEGORY_DEFAULT
02-06 23:09:35.494  2324  3194 W IntentResolver: resolveIntent failed: found match, but none with CATEGORY_DEFAULT
02-06 23:09:38.424  2324  2573 I ActivityManager: START u0 {act=com.android.systemui.recents.SHOW_RECENTS flg=0x10804000 cmp=com.android.systemui/.recents.RecentsActivity} from uid 10023 on display 0
02-06 23:09:40.454  2324  2560 I ActivityManager: START u0 {act=android.intent.action.MAIN cat=[android.intent.category.HOME] flg=0x10200000 cmp=com.cyanogenmod.trebuchet/com.android.launcher3.Launcher} from uid 10023 on display 0
02-06 23:09:40.484  2324  2335 I ActivityManager: Killing 10460:net.app.netdatatransfer/u0a87 (adj 16): remove task
02-06 23:09:40.659  2324  2336 W ActivityManager: Scheduling restart of crashed service net.app.netdatatransfer/net.service.FileMonitorService in 1000ms
02-06 23:09:40.659  2324  2336 W ActivityManager: Scheduling restart of crashed service net.app.netdatatransfer/net.service.UdpDataMonitorService in 10999ms
02-06 23:09:40.659  2324  2336 W ActivityManager: Scheduling restart of crashed service net.app.netdatatransfer/net.service.LoginMonitorService in 20999ms
02-06 23:09:40.659  2324  2336 W ActivityManager: Scheduling restart of crashed service net.app.netdatatransfer/net.service.BroadcastMonitorService in 30999ms
02-06 23:09:41.684  2324  2338 I ActivityManager: Start proc 10546:net.app.netdatatransfer/u0a87 for service net.app.netdatatransfer/net.service.FileMonitorService
02-06 23:09:42.824  2324  3102 I ActivityManager: START u0 {act=net.ui.main flg=0x20000 cmp=net.app.netdatatransfer/net.ui.activity.MainActivity (has extras)} from uid 10087 on display 0
02-06 23:09:42.824  2324  3102 W ActivityManager: startActivity called from non-Activity context; forcing Intent.FLAG_ACTIVITY_NEW_TASK for: Intent { act=net.ui.main flg=0x20000 cmp=net.app.netdatatransfer/net.ui.activity.MainActivity (has extras) }
02-06 23:09:42.899  2324  2336 W InputMethodManagerService: Focus gain on non-focused client com.android.internal.view.IInputMethodClient$Stub$Proxy@2e1029b (uid=10026 pid=3178)
02-06 23:10:08.474 10546 10546 W ViewRootImpl: Cancelling event due to no window focus: KeyEvent { action=ACTION_UP, keyCode=KEYCODE_BACK, scanCode=158, metaState=0, flags=0x68, repeatCount=0, eventTime=294411639, downTime=294411620, deviceId=10, source=0x101 }
02-06 23:10:08.474 10546 10546 W ViewRootImpl: Cancelling event due to no window focus: KeyEvent { action=ACTION_UP, keyCode=KEYCODE_BACK, scanCode=158, metaState=0, flags=0x68, repeatCount=0, eventTime=294411639, downTime=294411620, deviceId=10, source=0x101 }
02-06 23:10:08.474 10546 10546 W ViewRootImpl: Cancelling event due to no window focus: KeyEvent { action=ACTION_UP, keyCode=KEYCODE_BACK, scanCode=158, metaState=0, flags=0x68, repeatCount=0, eventTime=294411639, downTime=294411620, deviceId=10, source=0x101 }
02-06 23:10:08.509 10546 10546 W ViewRootImpl: Cancelling event due to no window focus: KeyEvent { action=ACTION_UP, keyCode=KEYCODE_BACK, scanCode=158, metaState=0, flags=0x68, repeatCount=0, eventTime=294411639, downTime=294411620, deviceId=10, source=0x101 }
02-06 23:10:08.509 10546 10546 W ViewRootImpl: Cancelling event due to no window focus: KeyEvent { action=ACTION_UP, keyCode=KEYCODE_BACK, scanCode=158, metaState=0, flags=0x68, repeatCount=0, eventTime=294411639, downTime=294411620, deviceId=10, source=0x101 }
02-06 23:10:08.509 10546 10546 W ViewRootImpl: Cancelling event due to no window focus: KeyEvent { action=ACTION_UP, keyCode=KEYCODE_BACK, scanCode=158, metaState=0, flags=0x68, repeatCount=0, eventTime=294411639, downTime=294411620, deviceId=10, source=0x101 }
02-06 23:10:08.509 10546 10546 W ViewRootImpl: Cancelling event due to no window focus: KeyEvent { action=ACTION_UP, keyCode=KEYCODE_BACK, scanCode=158, metaState=0, flags=0x68, repeatCount=0, eventTime=294411639, downTime=294411620, deviceId=10, source=0x101 }
02-06 23:10:08.509 10546 10546 W ViewRootImpl: Cancelling event due to no window focus: KeyEvent { action=ACTION_UP, keyCode=KEYCODE_BACK, scanCode=158, metaState=0, flags=0x68, repeatCount=0, eventTime=294411639, downTime=294411620, deviceId=10, source=0x101 }
02-06 23:10:08.509 10546 10546 W ViewRootImpl: Cancelling event due to no window focus: KeyEvent { action=ACTION_UP, keyCode=KEYCODE_BACK, scanCode=158, metaState=0, flags=0x68, repeatCount=0, eventTime=294411639, downTime=294411620, deviceId=10, source=0x101 }
02-06 23:10:08.709  3178  3178 W ViewRootImpl: Cancelling event due to no window focus: KeyEvent { action=ACTION_UP, keyCode=KEYCODE_BACK, scanCode=158, metaState=0, flags=0x68, repeatCount=0, eventTime=294411708, downTime=294411620, deviceId=10, source=0x101 }
02-06 23:10:08.709  3178  3178 W ViewRootImpl: Cancelling event due to no window focus: KeyEvent { action=ACTION_UP, keyCode=KEYCODE_BACK, scanCode=158, metaState=0, flags=0x68, repeatCount=0, eventTime=294411708, downTime=294411620, deviceId=10, source=0x101 }
02-06 23:10:08.709  3178  3178 W ViewRootImpl: Cancelling event due to no window focus: KeyEvent { action=ACTION_UP, keyCode=KEYCODE_BACK, scanCode=158, metaState=0, flags=0x68, repeatCount=0, eventTime=294411708, downTime=294411620, deviceId=10, source=0x101 }
02-06 23:10:08.709  3178  3178 W ViewRootImpl: Cancelling event due to no window focus: KeyEvent { action=ACTION_UP, keyCode=KEYCODE_BACK, scanCode=158, metaState=0, flags=0x68, repeatCount=0, eventTime=294411708, downTime=294411620, deviceId=10, source=0x101 }
02-06 23:10:08.709  3178  3178 W ViewRootImpl: Cancelling event due to no window focus: KeyEvent { action=ACTION_UP, keyCode=KEYCODE_BACK, scanCode=158, metaState=0, flags=0x68, repeatCount=0, eventTime=294411708, downTime=294411620, deviceId=10, source=0x101 }
02-06 23:10:08.709  3178  3178 W ViewRootImpl: Cancelling event due to no window focus: KeyEvent { action=ACTION_UP, keyCode=KEYCODE_BACK, scanCode=158, metaState=0, flags=0x68, repeatCount=0, eventTime=294411708, downTime=294411620, deviceId=10, source=0x101 }
02-06 23:10:08.709  3178  3178 W ViewRootImpl: Cancelling event due to no window focus: KeyEvent { action=ACTION_UP, keyCode=KEYCODE_BACK, scanCode=158, metaState=0, flags=0x68, repeatCount=0, eventTime=294411708, downTime=294411620, deviceId=10, source=0x101 }
02-06 23:10:08.709  3178  3178 W ViewRootImpl: Cancelling event due to no window focus: KeyEvent { action=ACTION_UP, keyCode=KEYCODE_BACK, scanCode=158, metaState=0, flags=0x68, repeatCount=0, eventTime=294411708, downTime=294411620, deviceId=10, source=0x101 }
02-06 23:10:08.709  3178  3178 W ViewRootImpl: Cancelling event due to no window focus: KeyEvent { action=ACTION_UP, keyCode=KEYCODE_BACK, scanCode=158, metaState=0, flags=0x68, repeatCount=0, eventTime=294411708, downTime=294411620, deviceId=10, source=0x101 }
02-06 23:10:09.029  2324  2573 I WindowState: WIN DEATH: Window{718fa88 u0 net.app.netdatatransfer/net.ui.activity.MainActivity EXITING}
02-06 23:10:09.034  2324  2335 I WindowState: WIN DEATH: Window{72c1a2a u0 Toast}
02-06 23:10:09.054  2324 27981 I ActivityManager: Process net.app.netdatatransfer (pid 10546) has died
02-06 23:10:10.109  2324  2324 W NotificationService: Object died trying to hide notification android.app.ITransientNotification$Stub$Proxy@65c37e7 in package net.app.netdatatransfer
02-06 23:10:12.899  2324  3194 W InputMethodManagerService: Window already focused, ignoring focus gain of: com.android.internal.view.IInputMethodClient$Stub$Proxy@1f65f94 attribute=null, token = android.os.BinderProxy@58b96ce
02-06 23:22:00.134  2324  2338 I ProcessStatsService: Prepared write state in 17ms
02-06 23:24:34.834  2324  2344 W ProcessCpuTracker: Skipping unknown process pid 11007
02-06 23:28:49.294  2324  2337 I UsageStatsService: User[0] Flushing usage stats to disk
02-06 23:49:17.619  2324  3204 I ActivityManager: START u0 {act=android.intent.action.MAIN cat=[android.intent.category.LAUNCHER] flg=0x10200000 cmp=com.tencent.mm/.ui.LauncherUI (has extras)} from uid 10026 on display 0
02-06 23:49:20.404  2324 27985 I ActivityManager: START u0 {cmp=com.tencent.mm/.ui.account.LoginVoiceUI} from uid 10094 on display 0
02-06 23:49:22.824  2324  2336 I ActivityManager: START u0 {cmp=com.tencent.mm/.ui.account.LoginHistoryUI} from uid 10094 on display 0
02-06 23:49:22.824  2324  2336 W ActivityManager: startActivity called from finishing ActivityRecord{63cd018 u0 com.tencent.mm/.ui.account.LoginVoiceUI t1029 f}; forcing Intent.FLAG_ACTIVITY_NEW_TASK for: Intent { cmp=com.tencent.mm/.ui.account.LoginHistoryUI }
02-06 23:49:35.634  2324  2573 I ActivityManager: START u0 {cmp=com.tencent.mm/.plugin.voiceprint.ui.VoiceLoginUI (has extras)} from uid 10094 on display 0
