02-10 06:32:04.839  2867  2867 I wpa_supplicant: rfkill: WLAN unblocked
02-10 06:32:05.009  2324  2334 I art     : Background sticky concurrent mark sweep GC freed 79613(8MB) AllocSpace objects, 65(1340KB) LOS objects, 26% free, 26MB/36MB, paused 2.744ms total 155.005ms
02-10 06:32:48.849  2867  2867 I wpa_supplicant: rfkill: WLAN unblocked
02-10 06:32:48.849  2867  2867 I wpa_supplicant: rfkill: WLAN unblocked
02-10 06:32:48.849  2867  2867 I wpa_supplicant: rfkill: WLAN unblocked
02-10 06:32:48.849  2867  2867 I wpa_supplicant: rfkill: WLAN unblocked
02-10 06:33:03.849  2867  2867 I wpa_supplicant: rfkill: WLAN unblocked
02-10 06:33:03.849  2867  2867 I wpa_supplicant: rfkill: WLAN unblocked
02-10 06:33:03.849  2867  2867 I wpa_supplicant: rfkill: WLAN unblocked
02-10 06:33:03.849  2867  2867 I wpa_supplicant: rfkill: WLAN unblocked
02-10 06:33:04.884  2867  2867 I wpa_supplicant: rfkill: WLAN unblocked
02-10 06:33:04.884  2867  2867 I wpa_supplicant: rfkill: WLAN unblocked
02-10 06:33:04.884  2867  2867 I wpa_supplicant: rfkill: WLAN unblocked
02-10 06:33:04.884  2867  2867 I wpa_supplicant: rfkill: WLAN unblocked
02-10 06:34:04.839  2867  2867 I wpa_supplicant: rfkill: WLAN unblocked
02-10 06:34:04.839  2867  2867 I wpa_supplicant: rfkill: WLAN unblocked
02-10 06:34:04.839  2867  2867 I wpa_supplicant: rfkill: WLAN unblocked
02-10 06:34:04.839  2867  2867 I wpa_supplicant: rfkill: WLAN unblocked
02-10 06:35:04.839  2867  2867 I wpa_supplicant: rfkill: WLAN unblocked
02-10 06:35:04.839  2867  2867 I wpa_supplicant: rfkill: WLAN unblocked
02-10 06:35:04.839  2867  2867 I wpa_supplicant: rfkill: WLAN unblocked
02-10 06:35:04.839  2867  2867 I wpa_supplicant: rfkill: WLAN unblocked
02-10 06:36:04.839  2867  2867 I wpa_supplicant: rfkill: WLAN unblocked
02-10 06:36:04.839  2867  2867 I wpa_supplicant: rfkill: WLAN unblocked
02-10 06:36:04.839  2867  2867 I wpa_supplicant: rfkill: WLAN unblocked
02-10 06:36:04.839  2867  2867 I wpa_supplicant: rfkill: WLAN unblocked
02-10 06:37:04.839  2867  2867 I wpa_supplicant: rfkill: WLAN unblocked
02-10 06:37:04.839  2867  2867 I wpa_supplicant: rfkill: WLAN unblocked
02-10 06:37:04.839  2867  2867 I wpa_supplicant: rfkill: WLAN unblocked
02-10 06:37:04.839  2867  2867 I wpa_supplicant: rfkill: WLAN unblocked
02-10 06:37:48.849  2867  2867 I wpa_supplicant: rfkill: WLAN unblocked
02-10 06:37:48.849  2867  2867 I wpa_supplicant: rfkill: WLAN unblocked
02-10 06:37:48.849  2867  2867 I wpa_supplicant: rfkill: WLAN unblocked
02-10 06:37:48.849  2867  2867 I wpa_supplicant: rfkill: WLAN unblocked
02-10 06:38:04.849  2867  2867 I wpa_supplicant: rfkill: WLAN unblocked
02-10 06:38:04.849  2867  2867 I wpa_supplicant: rfkill: WLAN unblocked
02-10 06:38:04.849  2867  2867 I wpa_supplicant: rfkill: WLAN unblocked
02-10 06:38:04.849  2867  2867 I wpa_supplicant: rfkill: WLAN unblocked
02-10 06:39:04.849  2867  2867 I wpa_supplicant: rfkill: WLAN unblocked
02-10 06:39:04.849  2867  2867 I wpa_supplicant: rfkill: WLAN unblocked
02-10 06:39:04.849  2867  2867 I wpa_supplicant: rfkill: WLAN unblocked
02-10 06:39:04.849  2867  2867 I wpa_supplicant: rfkill: WLAN unblocked
02-10 06:40:04.849  2867  2867 I wpa_supplicant: rfkill: WLAN unblocked
02-10 06:40:04.849  2867  2867 I wpa_supplicant: rfkill: WLAN unblocked
02-10 06:40:04.849  2867  2867 I wpa_supplicant: rfkill: WLAN unblocked
02-10 06:40:04.849  2867  2867 I wpa_supplicant: rfkill: WLAN unblocked
02-10 06:41:04.849  2867  2867 I wpa_supplicant: rfkill: WLAN unblocked
02-10 06:41:04.849  2867  2867 I wpa_supplicant: rfkill: WLAN unblocked
02-10 06:41:04.849  2867  2867 I wpa_supplicant: rfkill: WLAN unblocked
02-10 06:41:04.849  2867  2867 I wpa_supplicant: rfkill: WLAN unblocked
02-10 06:42:04.849  2867  2867 I wpa_supplicant: rfkill: WLAN unblocked
02-10 06:42:04.849  2867  2867 I wpa_supplicant: rfkill: WLAN unblocked
02-10 06:42:04.849  2867  2867 I wpa_supplicant: rfkill: WLAN unblocked
02-10 06:42:04.849  2867  2867 I wpa_supplicant: rfkill: WLAN unblocked
02-10 06:42:48.824  2867  2867 I wpa_supplicant: rfkill: WLAN unblocked
02-10 06:42:48.824  2867  2867 I wpa_supplicant: rfkill: WLAN unblocked
02-10 06:42:48.824  2867  2867 I wpa_supplicant: rfkill: WLAN unblocked
02-10 06:42:48.824  2867  2867 I wpa_supplicant: rfkill: WLAN unblocked
02-10 06:43:04.849  2867  2867 I wpa_supplicant: rfkill: WLAN unblocked
02-10 06:43:04.849  2867  2867 I wpa_supplicant: rfkill: WLAN unblocked
02-10 06:43:04.849  2867  2867 I wpa_supplicant: rfkill: WLAN unblocked
02-10 06:43:04.849  2867  2867 I wpa_supplicant: rfkill: WLAN unblocked
02-10 06:44:04.849  2867  2867 I wpa_supplicant: rfkill: WLAN unblocked
02-10 06:44:04.849  2867  2867 I wpa_supplicant: rfkill: WLAN unblocked
02-10 06:44:04.849  2867  2867 I wpa_supplicant: rfkill: WLAN unblocked
02-10 06:44:04.849  2867  2867 I wpa_supplicant: rfkill: WLAN unblocked
02-10 06:45:04.839  2867  2867 I wpa_supplicant: rfkill: WLAN unblocked
02-10 06:45:04.839  2867  2867 I wpa_supplicant: rfkill: WLAN unblocked
02-10 06:45:04.839  2867  2867 I wpa_supplicant: rfkill: WLAN unblocked
02-10 06:45:04.839  2867  2867 I wpa_supplicant: rfkill: WLAN unblocked
02-10 06:46:04.839  2867  2867 I wpa_supplicant: rfkill: WLAN unblocked
02-10 06:46:04.839  2867  2867 I wpa_supplicant: rfkill: WLAN unblocked
02-10 06:46:04.839  2867  2867 I wpa_supplicant: rfkill: WLAN unblocked
02-10 06:46:04.839  2867  2867 I wpa_supplicant: rfkill: WLAN unblocked
02-10 06:47:04.834  2867  2867 I wpa_supplicant: rfkill: WLAN unblocked
02-10 06:47:04.834  2867  2867 I wpa_supplicant: rfkill: WLAN unblocked
02-10 06:47:04.834  2867  2867 I wpa_supplicant: rfkill: WLAN unblocked
02-10 06:47:04.834  2867  2867 I wpa_supplicant: rfkill: WLAN unblocked
02-10 06:48:04.834  2867  2867 I wpa_supplicant: rfkill: WLAN unblocked
02-10 06:48:04.834  2867  2867 I wpa_supplicant: rfkill: WLAN unblocked
02-10 06:48:04.834  2867  2867 I wpa_supplicant: rfkill: WLAN unblocked
02-10 06:48:04.834  2867  2867 I wpa_supplicant: rfkill: WLAN unblocked
02-10 06:49:04.839  2867  2867 I wpa_supplicant: rfkill: WLAN unblocked
02-10 06:49:04.839  2867  2867 I wpa_supplicant: rfkill: WLAN unblocked
02-10 06:49:04.839  2867  2867 I wpa_supplicant: rfkill: WLAN unblocked
02-10 06:49:04.839  2867  2867 I wpa_supplicant: rfkill: WLAN unblocked
02-10 06:50:04.839  2867  2867 I wpa_supplicant: rfkill: WLAN unblocked
02-10 06:50:04.839  2867  2867 I wpa_supplicant: rfkill: WLAN unblocked
02-10 06:50:04.839  2867  2867 I wpa_supplicant: rfkill: WLAN unblocked
02-10 06:50:04.839  2867  2867 I wpa_supplicant: rfkill: WLAN unblocked
02-10 06:51:04.839  2867  2867 I wpa_supplicant: rfkill: WLAN unblocked
02-10 06:51:04.839  2867  2867 I wpa_supplicant: rfkill: WLAN unblocked
02-10 06:51:04.839  2867  2867 I wpa_supplicant: rfkill: WLAN unblocked
02-10 06:51:04.839  2867  2867 I wpa_supplicant: rfkill: WLAN unblocked
02-10 06:52:04.824  2867  2867 I wpa_supplicant: rfkill: WLAN unblocked
02-10 06:52:04.824  2867  2867 I wpa_supplicant: rfkill: WLAN unblocked
02-10 06:52:04.824  2867  2867 I wpa_supplicant: rfkill: WLAN unblocked
02-10 06:52:04.824  2867  2867 I wpa_supplicant: rfkill: WLAN unblocked
02-10 06:53:04.839  2867  2867 I wpa_supplicant: rfkill: WLAN unblocked
02-10 06:53:04.839  2867  2867 I wpa_supplicant: rfkill: WLAN unblocked
02-10 06:53:04.839  2867  2867 I wpa_supplicant: rfkill: WLAN unblocked
02-10 06:53:04.839  2867  2867 I wpa_supplicant: rfkill: WLAN unblocked
02-10 06:54:04.844  2867  2867 I wpa_supplicant: rfkill: WLAN unblocked
02-10 06:54:04.844  2867  2867 I wpa_supplicant: rfkill: WLAN unblocked
02-10 06:54:04.844  2867  2867 I wpa_supplicant: rfkill: WLAN unblocked
02-10 06:54:04.844  2867  2867 I wpa_supplicant: rfkill: WLAN unblocked
02-10 06:55:04.849  2867  2867 I wpa_supplicant: rfkill: WLAN unblocked
02-10 06:55:04.849  2867  2867 I wpa_supplicant: rfkill: WLAN unblocked
02-10 06:55:04.849  2867  2867 I wpa_supplicant: rfkill: WLAN unblocked
02-10 06:55:04.849  2867  2867 I wpa_supplicant: rfkill: WLAN unblocked
02-10 06:56:04.849  2867  2867 I wpa_supplicant: rfkill: WLAN unblocked
02-10 06:56:04.849  2867  2867 I wpa_supplicant: rfkill: WLAN unblocked
02-10 06:56:04.849  2867  2867 I wpa_supplicant: rfkill: WLAN unblocked
02-10 06:56:04.849  2867  2867 I wpa_supplicant: rfkill: WLAN unblocked
02-10 06:57:04.844  2324 23665 D NetlinkSocketObserver: NeighborEvent{elapsedMs=592760913, 192.168.0.1, [F483CD6CD3E2], RTM_NEWNEIGH, NUD_STALE}
02-10 06:57:04.849  2867  2867 I wpa_supplicant: rfkill: WLAN unblocked
02-10 06:57:04.849  2867  2867 I wpa_supplicant: rfkill: WLAN unblocked
02-10 06:57:04.849  2867  2867 I wpa_supplicant: rfkill: WLAN unblocked
02-10 06:57:04.849  2867  2867 I wpa_supplicant: rfkill: WLAN unblocked
02-10 06:57:48.779  2867  2867 I wpa_supplicant: rfkill: WLAN unblocked
02-10 06:57:48.779  2867  2867 I wpa_supplicant: rfkill: WLAN unblocked
02-10 06:57:48.779  2867  2867 I wpa_supplicant: rfkill: WLAN unblocked
02-10 06:57:48.779  2867  2867 I wpa_supplicant: rfkill: WLAN unblocked
02-10 06:58:03.839  2867  2867 I wpa_supplicant: rfkill: WLAN unblocked
02-10 06:58:03.839  2867  2867 I wpa_supplicant: rfkill: WLAN unblocked
02-10 06:58:03.839  2867  2867 I wpa_supplicant: rfkill: WLAN unblocked
02-10 06:58:03.839  2867  2867 I wpa_supplicant: rfkill: WLAN unblocked
02-10 06:58:04.899  2867  2867 I wpa_supplicant: rfkill: WLAN unblocked
02-10 06:58:04.899  2867  2867 I wpa_supplicant: rfkill: WLAN unblocked
02-10 06:58:04.899  2867  2867 I wpa_supplicant: rfkill: WLAN unblocked
02-10 06:58:04.899  2867  2867 I wpa_supplicant: rfkill: WLAN unblocked
02-10 06:59:04.849  2867  2867 I wpa_supplicant: rfkill: WLAN unblocked
02-10 06:59:04.849  2867  2867 I wpa_supplicant: rfkill: WLAN unblocked
02-10 06:59:04.849  2867  2867 I wpa_supplicant: rfkill: WLAN unblocked
02-10 06:59:04.849  2867  2867 I wpa_supplicant: rfkill: WLAN unblocked
02-10 06:59:04.994  2324 23665 D NetlinkSocketObserver: NeighborEvent{elapsedMs=592881059, 192.168.0.1, [F483CD6CD3E2], RTM_NEWNEIGH, NUD_REACHABLE}
02-10 06:59:59.844  2867  2867 I wpa_supplicant: rfkill: WLAN unblocked
02-10 06:59:59.844  2867  2867 I wpa_supplicant: rfkill: WLAN unblocked
02-10 06:59:59.849  2867  2867 I wpa_supplicant: rfkill: WLAN unblocked
02-10 06:59:59.849  2867  2867 I wpa_supplicant: rfkill: WLAN unblocked
02-10 07:00:00.104  2324  2324 D ZenLog  : config: conditionChanged,ZenModeConfig[user=0,allowCalls=true,allowRepeatCallers=false,allowMessages=true,allowCallsFrom=stars,allowMessagesFrom=stars,allowReminders=true,allowEvents=true,automaticRules={c16536fc74a848faba4267a52f4a447d=ZenRule[enabled=false,snoozing=false,name=活动,zenMode=ZEN_MODE_ALARMS,conditionId=condition://android/event?userId=-10000&calendar=&reply=1,condition=Condition[id=condition://android/event?userId=-10000&calendar=&reply=1,summary=...,line1=...,line2=...,icon=0,state=STATE_FALSE,flags=2],component=ComponentInfo{android/com.android.server.notification.EventConditionProvider}], f399fbefe30d45c28d3c97aa43ef0e12=ZenRule[enabled=false,snoozing=false,name=周一至周五夜间,zenMode=ZEN_MODE_ALARMS,conditionId=condition://android/schedule?days=1.2.3.4.5&start=22.0&end=7.0,condition=Condition[id=condition://android/schedule?days=1.2.3.4.5&start=22.0&end=7.0,summary=...,line1=...,line2=...,icon=0,state=STATE_FALSE,flags=2],component=ComponentInfo{android/com.android.server.notification.ScheduleConditionProvider}], 374efb64f4cd43c986e8dc6914649efd=ZenRule[enabled=false,snoozing=false,name=周末,zenMode=ZEN_MODE_ALARMS,conditionId=condition://android/schedule?days=6.7&start=23.30&end=10.0,condition=Condition[id=condition://android/schedule?days=6.7&start=23.30&end=10.0,summary=...,line1=...,line2=...,icon=0,state=STATE_FALSE,flags=2],component=ComponentInfo{android/com.android.server.notification.ScheduleConditionProvider}]},manualRule=null],Diff[automaticRule[f399fbefe30d45c28d3c97aa43ef0e12].condition:Condition[id=condition://android/schedule?days=1.2.3.4.5&start=22.0&end=7.0,summary=...,line1=...,line2=...,icon=0,state=STATE_TRUE,flags=2]->Condition[id=condition://android/schedule?days=1.2.3.4.5&start=22.0&end=7.0,summary=...,line1=...,line2=...,icon=0,state=STATE_FALSE,flags=2]]
02-10 07:00:04.839  2867  2867 I wpa_supplicant: rfkill: WLAN unblocked
02-10 07:00:04.839  2867  2867 I wpa_supplicant: rfkill: WLAN unblocked
02-10 07:00:04.839  2867  2867 I wpa_supplicant: rfkill: WLAN unblocked
02-10 07:00:04.839  2867  2867 I wpa_supplicant: rfkill: WLAN unblocked
02-10 07:01:04.839  2867  2867 I wpa_supplicant: rfkill: WLAN unblocked
02-10 07:01:04.839  2867  2867 I wpa_supplicant: rfkill: WLAN unblocked
02-10 07:01:04.839  2867  2867 I wpa_supplicant: rfkill: WLAN unblocked
02-10 07:01:04.839  2867  2867 I wpa_supplicant: rfkill: WLAN unblocked
02-10 07:02:04.839  2867  2867 I wpa_supplicant: rfkill: WLAN unblocked
02-10 07:02:04.839  2867  2867 I wpa_supplicant: rfkill: WLAN unblocked
02-10 07:02:04.839  2867  2867 I wpa_supplicant: rfkill: WLAN unblocked
02-10 07:02:04.839  2867  2867 I wpa_supplicant: rfkill: WLAN unblocked
02-10 07:02:48.849  2867  2867 I wpa_supplicant: rfkill: WLAN unblocked
02-10 07:02:48.849  2867  2867 I wpa_supplicant: rfkill: WLAN unblocked
02-10 07:02:48.849  2867  2867 I wpa_supplicant: rfkill: WLAN unblocked
02-10 07:02:48.849  2867  2867 I wpa_supplicant: rfkill: WLAN unblocked
02-10 07:02:48.949  2324  2324 V BackupManagerService: Scheduling immediate backup pass
02-10 07:02:48.954  2324  2324 W BackupManagerService: Backup pass but e=false p=true
02-10 07:03:04.839  2867  2867 I wpa_supplicant: rfkill: WLAN unblocked
02-10 07:03:04.839  2867  2867 I wpa_supplicant: rfkill: WLAN unblocked
02-10 07:03:04.839  2867  2867 I wpa_supplicant: rfkill: WLAN unblocked
02-10 07:03:04.839  2867  2867 I wpa_supplicant: rfkill: WLAN unblocked
02-10 07:04:04.839  2867  2867 I wpa_supplicant: rfkill: WLAN unblocked
02-10 07:04:04.839  2867  2867 I wpa_supplicant: rfkill: WLAN unblocked
02-10 07:04:04.839  2867  2867 I wpa_supplicant: rfkill: WLAN unblocked
02-10 07:04:04.839  2867  2867 I wpa_supplicant: rfkill: WLAN unblocked
02-10 07:05:04.839  2867  2867 I wpa_supplicant: rfkill: WLAN unblocked
02-10 07:05:04.839  2867  2867 I wpa_supplicant: rfkill: WLAN unblocked
02-10 07:05:04.839  2867  2867 I wpa_supplicant: rfkill: WLAN unblocked
02-10 07:05:04.839  2867  2867 I wpa_supplicant: rfkill: WLAN unblocked
02-10 07:06:04.839  2867  2867 I wpa_supplicant: rfkill: WLAN unblocked
02-10 07:06:04.839  2867  2867 I wpa_supplicant: rfkill: WLAN unblocked
02-10 07:06:04.839  2867  2867 I wpa_supplicant: rfkill: WLAN unblocked
02-10 07:06:04.839  2867  2867 I wpa_supplicant: rfkill: WLAN unblocked
02-10 07:07:04.844  2867  2867 I wpa_supplicant: rfkill: WLAN unblocked
02-10 07:07:04.844  2867  2867 I wpa_supplicant: rfkill: WLAN unblocked
02-10 07:07:04.844  2867  2867 I wpa_supplicant: rfkill: WLAN unblocked
02-10 07:07:04.844  2867  2867 I wpa_supplicant: rfkill: WLAN unblocked
02-10 07:07:48.844  2867  2867 I wpa_supplicant: rfkill: WLAN unblocked
02-10 07:07:48.844  2867  2867 I wpa_supplicant: rfkill: WLAN unblocked
02-10 07:07:48.844  2867  2867 I wpa_supplicant: rfkill: WLAN unblocked
02-10 07:07:48.844  2867  2867 I wpa_supplicant: rfkill: WLAN unblocked
02-10 07:07:49.099 15398 15408 I art     : Background partial concurrent mark sweep GC freed 52032(4MB) AllocSpace objects, 0(0B) LOS objects, 40% free, 8MB/14MB, paused 2.829ms total 155.598ms
02-10 07:08:03.849  2867  2867 I wpa_supplicant: rfkill: WLAN unblocked
02-10 07:08:03.849  2867  2867 I wpa_supplicant: rfkill: WLAN unblocked
02-10 07:08:03.849  2867  2867 I wpa_supplicant: rfkill: WLAN unblocked
02-10 07:08:03.849  2867  2867 I wpa_supplicant: rfkill: WLAN unblocked
02-10 07:08:04.899  2867  2867 I wpa_supplicant: rfkill: WLAN unblocked
02-10 07:08:04.899  2867  2867 I wpa_supplicant: rfkill: WLAN unblocked
02-10 07:08:04.899  2867  2867 I wpa_supplicant: rfkill: WLAN unblocked
02-10 07:08:04.899  2867  2867 I wpa_supplicant: rfkill: WLAN unblocked
02-10 07:09:04.849  2867  2867 I wpa_supplicant: rfkill: WLAN unblocked
02-10 07:09:04.849  2867  2867 I wpa_supplicant: rfkill: WLAN unblocked
02-10 07:09:04.849  2867  2867 I wpa_supplicant: rfkill: WLAN unblocked
02-10 07:09:04.849  2867  2867 I wpa_supplicant: rfkill: WLAN unblocked
02-10 07:10:04.849  2867  2867 I wpa_supplicant: rfkill: WLAN unblocked
02-10 07:10:04.849  2867  2867 I wpa_supplicant: rfkill: WLAN unblocked
02-10 07:10:04.849  2867  2867 I wpa_supplicant: rfkill: WLAN unblocked
02-10 07:10:04.849  2867  2867 I wpa_supplicant: rfkill: WLAN unblocked
02-10 07:11:04.849  2867  2867 I wpa_supplicant: rfkill: WLAN unblocked
02-10 07:11:04.849  2867  2867 I wpa_supplicant: rfkill: WLAN unblocked
02-10 07:11:04.849  2867  2867 I wpa_supplicant: rfkill: WLAN unblocked
02-10 07:11:04.849  2867  2867 I wpa_supplicant: rfkill: WLAN unblocked
02-10 07:12:04.839  2867  2867 I wpa_supplicant: rfkill: WLAN unblocked
02-10 07:12:04.839  2867  2867 I wpa_supplicant: rfkill: WLAN unblocked
02-10 07:12:04.839  2867  2867 I wpa_supplicant: rfkill: WLAN unblocked
02-10 07:12:04.839  2867  2867 I wpa_supplicant: rfkill: WLAN unblocked
02-10 07:12:48.839  2867  2867 I wpa_supplicant: rfkill: WLAN unblocked
02-10 07:12:48.839  2867  2867 I wpa_supplicant: rfkill: WLAN unblocked
02-10 07:12:48.839  2867  2867 I wpa_supplicant: rfkill: WLAN unblocked
02-10 07:12:48.839  2867  2867 I wpa_supplicant: rfkill: WLAN unblocked
02-10 07:13:04.839  2867  2867 I wpa_supplicant: rfkill: WLAN unblocked
02-10 07:13:04.839  2867  2867 I wpa_supplicant: rfkill: WLAN unblocked
02-10 07:13:04.839  2867  2867 I wpa_supplicant: rfkill: WLAN unblocked
02-10 07:13:04.839  2867  2867 I wpa_supplicant: rfkill: WLAN unblocked
02-10 07:14:04.839  2867  2867 I wpa_supplicant: rfkill: WLAN unblocked
02-10 07:14:04.839  2867  2867 I wpa_supplicant: rfkill: WLAN unblocked
02-10 07:14:04.839  2867  2867 I wpa_supplicant: rfkill: WLAN unblocked
02-10 07:14:04.839  2867  2867 I wpa_supplicant: rfkill: WLAN unblocked
02-10 07:15:04.839  2867  2867 I wpa_supplicant: rfkill: WLAN unblocked
02-10 07:15:04.839  2867  2867 I wpa_supplicant: rfkill: WLAN unblocked
02-10 07:15:04.839  2867  2867 I wpa_supplicant: rfkill: WLAN unblocked
02-10 07:15:04.839  2867  2867 I wpa_supplicant: rfkill: WLAN unblocked
02-10 07:15:06.840  2867  2867 I wpa_supplicant: wlan0: CTRL-EVENT-DISCONNECTED bssid=f4:83:cd:6c:d3:e2 reason=16
02-10 07:15:06.845  2867  2867 I wpa_supplicant: rfkill: WLAN unblocked
02-10 07:15:06.845  2867  2867 I wpa_supplicant: rfkill: WLAN unblocked
02-10 07:15:06.845  2867  2867 I wpa_supplicant: rfkill: WLAN unblocked
02-10 07:15:06.845  2867  2867 I wpa_supplicant: rfkill: WLAN unblocked
02-10 07:15:06.845  2324  2473 D WifiNative-HAL: stopRssiMonitoring, cmdId 0
02-10 07:15:06.850  2324  2473 E WifiConfigStore: saveWifiConfigBSSID Setting BSSID for "wangqing"-WPA_PSK to any
02-10 07:15:06.850  2324  2473 D wifi_gbk2utf: ssid_utf8 = TP-LINK-蕾蕾, length=14, value =, length=0
02-10 07:15:06.850  2324  2473 D wifi_gbk2utf: ssid_utf8 = 新金龙005, length=12, value =, length=0
02-10 07:15:06.850  2324  2473 D wifi_gbk2utf: ssid_utf8 = 新金龙007, length=12, value =, length=0
02-10 07:15:06.850  2324  2473 D wifi_gbk2utf: ssid_utf8 = 新金龙004, length=12, value =, length=0
02-10 07:15:06.850  2324  2473 D wifi_gbk2utf: ssid_utf8 = 豆豆, length=6, value =, length=0
02-10 07:15:06.870  2324  2473 E native  : do suspend true
02-10 07:15:06.880  2324  4106 D DhcpClient: Clearing IP address
02-10 07:15:06.880  1962  2309 D CommandListener: Clearing all IP addresses on wlan0
02-10 07:15:06.885  2324 23665 D NetlinkSocketObserver: NeighborEvent{elapsedMs=593842951, 192.168.0.1, [F483CD6CD3E2], RTM_DELNEIGH, NUD_NOARP}
02-10 07:15:06.890  1962  2309 D CommandListener: Setting iface cfg
02-10 07:15:06.895  2324 23666 D DhcpClient: Receive thread stopped
02-10 07:15:07.050  2324  2473 D IpReachabilityMonitor: clear: iface{wlan0/8}, v{5}, ntable=[]
02-10 07:15:07.050  2324  2473 E WifiConfigStore: saveWifiConfigBSSID Setting BSSID for "wangqing"-WPA_PSK to any
02-10 07:15:07.050  2324  2473 D wifi_gbk2utf: ssid_utf8 = TP-LINK-蕾蕾, length=14, value =, length=0
02-10 07:15:07.050  2324  2473 D wifi_gbk2utf: ssid_utf8 = 新金龙005, length=12, value =, length=0
02-10 07:15:07.050  2324  2473 D wifi_gbk2utf: ssid_utf8 = 新金龙007, length=12, value =, length=0
02-10 07:15:07.050  2324  2473 D wifi_gbk2utf: ssid_utf8 = 新金龙004, length=12, value =, length=0
02-10 07:15:07.050  2324  2473 D wifi_gbk2utf: ssid_utf8 = 豆豆, length=6, value =, length=0
02-10 07:15:07.055  2324  2480 D ConnectivityService: NetworkAgentInfo [WIFI () - 147] EVENT_NETWORK_INFO_CHANGED, going from CONNECTED to DISCONNECTED
02-10 07:15:07.055  2324  2480 D ConnectivityService: NetworkAgentInfo [WIFI () - 147] got DISCONNECTED, was satisfying 2
02-10 07:15:07.080  2324  2473 D WifiStateMachine: WifiStateMachine: Leaving Connected state
02-10 07:15:07.080  2324  2473 D IpReachabilityMonitor: clear: iface{wlan0/8}, v{6}, ntable=[]
02-10 07:15:07.080  2324  2473 D WifiConfigStore: Retrieve network priorities before PNO. Max priority: 2
02-10 07:15:07.080  2324  2473 D wifi_gbk2utf: ssid_utf8 = TP-LINK-蕾蕾, length=14, value =, length=0
02-10 07:15:07.080  2324  2473 D wifi_gbk2utf: ssid_utf8 = 新金龙005, length=12, value =, length=0
02-10 07:15:07.080  2324  2473 D wifi_gbk2utf: ssid_utf8 = 新金龙007, length=12, value =, length=0
02-10 07:15:07.080  2324  2473 D wifi_gbk2utf: ssid_utf8 = 新金龙004, length=12, value =, length=0
02-10 07:15:07.080  2324  2473 D wifi_gbk2utf: ssid_utf8 = 豆豆, length=6, value =, length=0
02-10 07:15:07.080  2324  2473 D wifi_gbk2utf: ssid_utf8 = TP-LINK-蕾蕾, length=14, value =, length=0
02-10 07:15:07.080  2324  2473 D wifi_gbk2utf: ssid_utf8 = 新金龙005, length=12, value =, length=0
02-10 07:15:07.080  2324  2473 D wifi_gbk2utf: ssid_utf8 = 新金龙007, length=12, value =, length=0
02-10 07:15:07.080  2324  2473 D wifi_gbk2utf: ssid_utf8 = 新金龙004, length=12, value =, length=0
02-10 07:15:07.080  2324  2473 D wifi_gbk2utf: ssid_utf8 = 豆豆, length=6, value =, length=0
02-10 07:15:07.080  2324  2473 E WifiStateMachine:  Fail to set up pno, want true now false
02-10 07:15:07.085  2324  2473 D WifiNetworkAgent: NetworkAgent: NetworkAgent channel lost
02-10 07:15:07.095  2324  2480 D ConnectivityService: notifyType LOST for NetworkAgentInfo [WIFI () - 147]
02-10 07:15:07.100  2324  2480 D CSLegacyTypeTracker: Sending DISCONNECTED broadcast for type 1 NetworkAgentInfo [WIFI () - 147] isDefaultNetwork=true
02-10 07:15:07.100  2324  2480 D ConnectivityService: sendStickyBroadcast: action=android.net.conn.CONNECTIVITY_CHANGE
02-10 07:15:07.110  2324  2342 D Tethering: MasterInitialState.processMessage what=3
02-10 07:15:07.220 27336 27336 I Email   : Unregister all idle mailboxes
02-10 07:15:07.320  1962  2309 E Netd    : netlink response contains error (No such file or directory)
02-10 07:15:07.335 29787 29798 W art     : Long monitor contention event with owner method=long android.os.SystemClock.uptimeMillis() from SystemClock.java:4294967294 waiters=0 for 344ms
02-10 07:15:07.390 27285 27285 D CReceiver: BReceiver:android.net.conn.CONNECTIVITY_CHANGE
02-10 07:15:07.390 27285 27285 D a       : RUNTIME:20170172s LastSuccess2Now:593780s>300s Network:false FailSubmit:true Run:5602 SuccessCount:55 Speed:2 API:1000 ORI:1000 RESULT:false
02-10 07:15:07.390 27285 27285 D CReceiver: RetryData
02-10 07:15:07.535  3162  3410 D PhoneInterfaceManager: [PhoneIntfMgr] getDataEnabled: subId=-1 phoneId=-1
02-10 07:15:07.535  3162  3410 E PhoneInterfaceManager: [PhoneIntfMgr] getDataEnabled: no phone subId=-1 retVal=false
02-10 07:15:07.550  2324  2337 D TelephonyManager: getDataEnabled: retVal=false
02-10 07:15:07.565  3162  3449 D TelephonyProvider: getPreferredApnIdFromApn: for subId -1
02-10 07:15:07.565  2324  2337 E GpsLocationProvider: No APN found to select.
02-10 07:15:07.575  2324  2337 D libgps  : proxy_agps_ril_update_network_state()
02-10 07:15:07.575  2324  3233 D libgps  : proxy_agps_ril_request_setid_cb()
02-10 07:15:07.575  2324  3233 D libgps  : proxy_agps_ril_set_set_id()
02-10 07:15:07.575  2324  2337 D libgps  : proxy_agps_ril_update_network_state: called
02-10 07:15:07.575  2324  2337 D libgps  : proxy_agps_ril_update_network_availability()
02-10 07:15:11.600 29787 29804 W TDLog   : network is disabled.
02-10 07:15:11.625  2324  2337 D libgps  : proxy_gps_set_position_mode()
02-10 07:15:11.690  2324  2337 D libgps  : proxy_gps_stop()
02-10 07:15:11.900  1979  1979 D gpslogd : CALL_SENTRY: GlEngine::OnStart took 253 ms (from323173616 to 323173869) (log=0,0,0), start: 07:15:11.652
02-10 07:15:11.905  1979  1979 D gpslogd : CALL_SENTRY: marshal_gps_start took 261 ms (from323173615 to 323173876) (log=0,0,0), start: 07:15:11.650
02-10 07:15:11.905  1979  1979 D gpslogd : CALL_SENTRY: ProcessEvent took 262 ms (from323173615 to 323173877) (log=0,0,0), start: 07:15:11.650
02-10 07:15:11.910  2324  3233 D libgps  : proxy_gps_status_cb()
02-10 07:15:11.910  2324  3233 D libgps  : proxy_gps_status_cb()
02-10 07:15:11.910  2324  3233 D libgps  : proxy_agps_ril_request_refloc_cb()
02-10 07:15:11.955  2324  3233 E GpsLocationProvider: Error getting cell location info.
02-10 07:15:11.955  2324  3233 D libgps  : proxy_gps_acquire_wakelock_cb()
02-10 07:15:11.955  2324  3233 D libgps  : proxy_agps_ril_request_setid_cb()
02-10 07:15:11.960  2324  3233 D libgps  : proxy_agps_ril_set_set_id()
02-10 07:15:11.960  2324  3233 D libgps  : proxy_gps_status_cb()
02-10 07:15:11.965  2324  3233 D libgps  : proxy_gps_status_cb()
02-10 07:15:28.895  2324  3233 D libgps  : proxy_gps_release_wakelock_cb()
02-10 07:16:07.175  2324  2480 D ConnectivityService: Failed to find a new network - expiring NetTransition Wakelock
02-10 07:16:07.987  2324 23665 W NetlinkSocketObserver: ErrnoException: 
02-10 07:16:07.987  2324 23665 W NetlinkSocketObserver: android.system.ErrnoException: read failed: EBADF (Bad file descriptor)
02-10 07:16:07.987  2324 23665 W NetlinkSocketObserver: 	at libcore.io.Posix.readBytes(Native Method)
02-10 07:16:07.987  2324 23665 W NetlinkSocketObserver: 	at libcore.io.Posix.read(Posix.java:161)
02-10 07:16:07.987  2324 23665 W NetlinkSocketObserver: 	at libcore.io.BlockGuardOs.read(BlockGuardOs.java:225)
02-10 07:16:07.987  2324 23665 W NetlinkSocketObserver: 	at android.system.Os.read(Os.java:362)
02-10 07:16:07.987  2324 23665 W NetlinkSocketObserver: 	at android.net.netlink.NetlinkSocket.recvMessage(NetlinkSocket.java:123)
02-10 07:16:07.987  2324 23665 W NetlinkSocketObserver: 	at android.net.netlink.NetlinkSocket.recvMessage(NetlinkSocket.java:94)
02-10 07:16:07.987  2324 23665 W NetlinkSocketObserver: 	at android.net.IpReachabilityMonitor$NetlinkSocketObserver.recvKernelReply(IpReachabilityMonitor.java:400)
02-10 07:16:07.987  2324 23665 W NetlinkSocketObserver: 	at android.net.IpReachabilityMonitor$NetlinkSocketObserver.run(IpReachabilityMonitor.java:356)
02-10 07:16:07.987  2324 23665 W NetlinkSocketObserver: 	at java.lang.Thread.run(Thread.java:818)
02-10 07:16:07.992  2867  2867 I wpa_supplicant: rfkill: WLAN unblocked
02-10 07:16:07.992  2867  2867 I wpa_supplicant: rfkill: WLAN unblocked
02-10 07:16:07.992  2867  2867 I wpa_supplicant: rfkill: WLAN unblocked
02-10 07:16:07.992  2867  2867 I wpa_supplicant: rfkill: WLAN unblocked
02-10 07:17:04.839  2867  2867 I wpa_supplicant: rfkill: WLAN unblocked
02-10 07:17:04.839  2867  2867 I wpa_supplicant: rfkill: WLAN unblocked
02-10 07:17:04.839  2867  2867 I wpa_supplicant: rfkill: WLAN unblocked
02-10 07:17:04.839  2867  2867 I wpa_supplicant: rfkill: WLAN unblocked
02-10 07:18:04.839  2867  2867 I wpa_supplicant: rfkill: WLAN unblocked
02-10 07:18:04.839  2867  2867 I wpa_supplicant: rfkill: WLAN unblocked
02-10 07:18:04.839  2867  2867 I wpa_supplicant: rfkill: WLAN unblocked
02-10 07:18:04.839  2867  2867 I wpa_supplicant: rfkill: WLAN unblocked
02-10 07:18:08.834  2867  2867 I wpa_supplicant: rfkill: WLAN unblocked
02-10 07:18:08.834  2867  2867 I wpa_supplicant: rfkill: WLAN unblocked
02-10 07:18:08.834  2867  2867 I wpa_supplicant: rfkill: WLAN unblocked
02-10 07:18:08.839  2867  2867 I wpa_supplicant: rfkill: WLAN unblocked
02-10 07:19:04.849  2867  2867 I wpa_supplicant: rfkill: WLAN unblocked
02-10 07:19:04.849  2867  2867 I wpa_supplicant: rfkill: WLAN unblocked
02-10 07:19:04.849  2867  2867 I wpa_supplicant: rfkill: WLAN unblocked
02-10 07:19:04.849  2867  2867 I wpa_supplicant: rfkill: WLAN unblocked
02-10 07:20:04.849  2867  2867 I wpa_supplicant: rfkill: WLAN unblocked
02-10 07:20:04.849  2867  2867 I wpa_supplicant: rfkill: WLAN unblocked
02-10 07:20:04.849  2867  2867 I wpa_supplicant: rfkill: WLAN unblocked
02-10 07:20:04.849  2867  2867 I wpa_supplicant: rfkill: WLAN unblocked
02-10 07:21:04.849  2867  2867 I wpa_supplicant: rfkill: WLAN unblocked
02-10 07:21:04.849  2867  2867 I wpa_supplicant: rfkill: WLAN unblocked
02-10 07:21:04.849  2867  2867 I wpa_supplicant: rfkill: WLAN unblocked
02-10 07:21:04.849  2867  2867 I wpa_supplicant: rfkill: WLAN unblocked
02-10 07:22:04.849  2867  2867 I wpa_supplicant: rfkill: WLAN unblocked
02-10 07:22:04.849  2867  2867 I wpa_supplicant: rfkill: WLAN unblocked
02-10 07:22:04.849  2867  2867 I wpa_supplicant: rfkill: WLAN unblocked
02-10 07:22:04.849  2867  2867 I wpa_supplicant: rfkill: WLAN unblocked
02-10 07:22:48.839  2867  2867 I wpa_supplicant: rfkill: WLAN unblocked
02-10 07:22:48.839  2867  2867 I wpa_supplicant: rfkill: WLAN unblocked
02-10 07:22:48.839  2867  2867 I wpa_supplicant: rfkill: WLAN unblocked
02-10 07:22:48.839  2867  2867 I wpa_supplicant: rfkill: WLAN unblocked
02-10 07:23:04.849  2867  2867 I wpa_supplicant: rfkill: WLAN unblocked
02-10 07:23:04.849  2867  2867 I wpa_supplicant: rfkill: WLAN unblocked
02-10 07:23:04.849  2867  2867 I wpa_supplicant: rfkill: WLAN unblocked
02-10 07:23:04.849  2867  2867 I wpa_supplicant: rfkill: WLAN unblocked
02-10 07:24:04.849  2867  2867 I wpa_supplicant: rfkill: WLAN unblocked
02-10 07:24:04.849  2867  2867 I wpa_supplicant: rfkill: WLAN unblocked
02-10 07:24:04.849  2867  2867 I wpa_supplicant: rfkill: WLAN unblocked
02-10 07:24:04.849  2867  2867 I wpa_supplicant: rfkill: WLAN unblocked
02-10 07:25:04.839  2867  2867 I wpa_supplicant: rfkill: WLAN unblocked
02-10 07:25:04.839  2867  2867 I wpa_supplicant: rfkill: WLAN unblocked
02-10 07:25:04.839  2867  2867 I wpa_supplicant: rfkill: WLAN unblocked
02-10 07:25:04.839  2867  2867 I wpa_supplicant: rfkill: WLAN unblocked
02-10 07:26:04.839  2867  2867 I wpa_supplicant: rfkill: WLAN unblocked
02-10 07:26:04.839  2867  2867 I wpa_supplicant: rfkill: WLAN unblocked
02-10 07:26:04.839  2867  2867 I wpa_supplicant: rfkill: WLAN unblocked
02-10 07:26:04.839  2867  2867 I wpa_supplicant: rfkill: WLAN unblocked
02-10 07:27:04.829  2867  2867 I wpa_supplicant: rfkill: WLAN unblocked
02-10 07:27:04.829  2867  2867 I wpa_supplicant: rfkill: WLAN unblocked
02-10 07:27:04.829  2867  2867 I wpa_supplicant: rfkill: WLAN unblocked
02-10 07:27:04.829  2867  2867 I wpa_supplicant: rfkill: WLAN unblocked
02-10 07:28:04.839  2867  2867 I wpa_supplicant: rfkill: WLAN unblocked
02-10 07:28:04.839  2867  2867 I wpa_supplicant: rfkill: WLAN unblocked
02-10 07:28:04.839  2867  2867 I wpa_supplicant: rfkill: WLAN unblocked
02-10 07:28:04.839  2867  2867 I wpa_supplicant: rfkill: WLAN unblocked
02-10 07:29:04.839  2867  2867 I wpa_supplicant: rfkill: WLAN unblocked
02-10 07:29:04.839  2867  2867 I wpa_supplicant: rfkill: WLAN unblocked
02-10 07:29:04.839  2867  2867 I wpa_supplicant: rfkill: WLAN unblocked
02-10 07:29:04.839  2867  2867 I wpa_supplicant: rfkill: WLAN unblocked
02-10 07:30:04.839  2867  2867 I wpa_supplicant: rfkill: WLAN unblocked
02-10 07:30:04.839  2867  2867 I wpa_supplicant: rfkill: WLAN unblocked
02-10 07:30:04.839  2867  2867 I wpa_supplicant: rfkill: WLAN unblocked
02-10 07:30:04.839  2867  2867 I wpa_supplicant: rfkill: WLAN unblocked
02-10 07:31:04.839  2867  2867 I wpa_supplicant: rfkill: WLAN unblocked
02-10 07:31:04.839  2867  2867 I wpa_supplicant: rfkill: WLAN unblocked
02-10 07:31:04.839  2867  2867 I wpa_supplicant: rfkill: WLAN unblocked
02-10 07:31:04.839  2867  2867 I wpa_supplicant: rfkill: WLAN unblocked
02-10 07:32:04.849  2867  2867 I wpa_supplicant: rfkill: WLAN unblocked
02-10 07:32:04.849  2867  2867 I wpa_supplicant: rfkill: WLAN unblocked
02-10 07:32:04.849  2867  2867 I wpa_supplicant: rfkill: WLAN unblocked
02-10 07:32:04.849  2867  2867 I wpa_supplicant: rfkill: WLAN unblocked
02-10 07:33:04.854  2867  2867 I wpa_supplicant: rfkill: WLAN unblocked
02-10 07:33:04.854  2867  2867 I wpa_supplicant: rfkill: WLAN unblocked
02-10 07:33:04.854  2867  2867 I wpa_supplicant: rfkill: WLAN unblocked
02-10 07:33:04.854  2867  2867 I wpa_supplicant: rfkill: WLAN unblocked
02-10 07:34:04.849  2867  2867 I wpa_supplicant: rfkill: WLAN unblocked
02-10 07:34:04.849  2867  2867 I wpa_supplicant: rfkill: WLAN unblocked
02-10 07:34:04.849  2867  2867 I wpa_supplicant: rfkill: WLAN unblocked
02-10 07:34:04.849  2867  2867 I wpa_supplicant: rfkill: WLAN unblocked
02-10 07:35:04.849  2867  2867 I wpa_supplicant: rfkill: WLAN unblocked
02-10 07:35:04.849  2867  2867 I wpa_supplicant: rfkill: WLAN unblocked
02-10 07:35:04.849  2867  2867 I wpa_supplicant: rfkill: WLAN unblocked
02-10 07:35:04.849  2867  2867 I wpa_supplicant: rfkill: WLAN unblocked
02-10 07:36:04.849  2867  2867 I wpa_supplicant: rfkill: WLAN unblocked
02-10 07:36:04.849  2867  2867 I wpa_supplicant: rfkill: WLAN unblocked
02-10 07:36:04.849  2867  2867 I wpa_supplicant: rfkill: WLAN unblocked
02-10 07:36:04.849  2867  2867 I wpa_supplicant: rfkill: WLAN unblocked
02-10 07:37:04.849  2867  2867 I wpa_supplicant: rfkill: WLAN unblocked
02-10 07:37:04.849  2867  2867 I wpa_supplicant: rfkill: WLAN unblocked
02-10 07:37:04.849  2867  2867 I wpa_supplicant: rfkill: WLAN unblocked
02-10 07:37:04.849  2867  2867 I wpa_supplicant: rfkill: WLAN unblocked
02-10 07:37:48.839  2867  2867 I wpa_supplicant: rfkill: WLAN unblocked
02-10 07:37:48.839  2867  2867 I wpa_supplicant: rfkill: WLAN unblocked
02-10 07:37:48.839  2867  2867 I wpa_supplicant: rfkill: WLAN unblocked
02-10 07:37:48.839  2867  2867 I wpa_supplicant: rfkill: WLAN unblocked
02-10 07:38:04.839  2867  2867 I wpa_supplicant: rfkill: WLAN unblocked
02-10 07:38:04.839  2867  2867 I wpa_supplicant: rfkill: WLAN unblocked
02-10 07:38:04.839  2867  2867 I wpa_supplicant: rfkill: WLAN unblocked
02-10 07:38:04.839  2867  2867 I wpa_supplicant: rfkill: WLAN unblocked
02-10 07:39:04.839  2867  2867 I wpa_supplicant: rfkill: WLAN unblocked
02-10 07:39:04.839  2867  2867 I wpa_supplicant: rfkill: WLAN unblocked
02-10 07:39:04.839  2867  2867 I wpa_supplicant: rfkill: WLAN unblocked
02-10 07:39:04.839  2867  2867 I wpa_supplicant: rfkill: WLAN unblocked
02-10 07:40:04.839  2867  2867 I wpa_supplicant: rfkill: WLAN unblocked
02-10 07:40:04.839  2867  2867 I wpa_supplicant: rfkill: WLAN unblocked
02-10 07:40:04.839  2867  2867 I wpa_supplicant: rfkill: WLAN unblocked
02-10 07:40:04.839  2867  2867 I wpa_supplicant: rfkill: WLAN unblocked
02-10 07:40:04.999  2526  2544 I art     : Background sticky concurrent mark sweep GC freed 157208(5MB) AllocSpace objects, 0(0B) LOS objects, 29% free, 13MB/19MB, paused 1.131ms total 136.161ms
02-10 07:41:04.839  2867  2867 I wpa_supplicant: rfkill: WLAN unblocked
02-10 07:41:04.839  2867  2867 I wpa_supplicant: rfkill: WLAN unblocked
02-10 07:41:04.839  2867  2867 I wpa_supplicant: rfkill: WLAN unblocked
02-10 07:41:04.839  2867  2867 I wpa_supplicant: rfkill: WLAN unblocked
02-10 07:42:04.839  2867  2867 I wpa_supplicant: rfkill: WLAN unblocked
02-10 07:42:04.839  2867  2867 I wpa_supplicant: rfkill: WLAN unblocked
02-10 07:42:04.839  2867  2867 I wpa_supplicant: rfkill: WLAN unblocked
02-10 07:42:04.839  2867  2867 I wpa_supplicant: rfkill: WLAN unblocked
02-10 07:43:04.839  2867  2867 I wpa_supplicant: rfkill: WLAN unblocked
02-10 07:43:04.839  2867  2867 I wpa_supplicant: rfkill: WLAN unblocked
02-10 07:43:04.839  2867  2867 I wpa_supplicant: rfkill: WLAN unblocked
02-10 07:43:04.839  2867  2867 I wpa_supplicant: rfkill: WLAN unblocked
02-10 07:44:04.839  2867  2867 I wpa_supplicant: rfkill: WLAN unblocked
02-10 07:44:04.839  2867  2867 I wpa_supplicant: rfkill: WLAN unblocked
02-10 07:44:04.839  2867  2867 I wpa_supplicant: rfkill: WLAN unblocked
02-10 07:44:04.839  2867  2867 I wpa_supplicant: rfkill: WLAN unblocked
02-10 07:45:04.849  2867  2867 I wpa_supplicant: rfkill: WLAN unblocked
02-10 07:45:04.849  2867  2867 I wpa_supplicant: rfkill: WLAN unblocked
02-10 07:45:04.849  2867  2867 I wpa_supplicant: rfkill: WLAN unblocked
02-10 07:45:04.849  2867  2867 I wpa_supplicant: rfkill: WLAN unblocked
02-10 07:45:05.144  2324  2334 I art     : Background sticky concurrent mark sweep GC freed 83919(8MB) AllocSpace objects, 51(1020KB) LOS objects, 25% free, 27MB/36MB, paused 8.052ms total 203.357ms
02-10 07:46:04.849  2867  2867 I wpa_supplicant: rfkill: WLAN unblocked
02-10 07:46:04.849  2867  2867 I wpa_supplicant: rfkill: WLAN unblocked
02-10 07:46:04.849  2867  2867 I wpa_supplicant: rfkill: WLAN unblocked
02-10 07:46:04.849  2867  2867 I wpa_supplicant: rfkill: WLAN unblocked
02-10 07:47:04.834  2867  2867 I wpa_supplicant: rfkill: WLAN unblocked
02-10 07:47:04.834  2867  2867 I wpa_supplicant: rfkill: WLAN unblocked
02-10 07:47:04.834  2867  2867 I wpa_supplicant: rfkill: WLAN unblocked
02-10 07:47:04.834  2867  2867 I wpa_supplicant: rfkill: WLAN unblocked
02-10 07:48:04.844  2867  2867 I wpa_supplicant: rfkill: WLAN unblocked
02-10 07:48:04.844  2867  2867 I wpa_supplicant: rfkill: WLAN unblocked
02-10 07:48:04.844  2867  2867 I wpa_supplicant: rfkill: WLAN unblocked
02-10 07:48:04.844  2867  2867 I wpa_supplicant: rfkill: WLAN unblocked
02-10 07:49:04.839  2867  2867 I wpa_supplicant: rfkill: WLAN unblocked
02-10 07:49:04.839  2867  2867 I wpa_supplicant: rfkill: WLAN unblocked
02-10 07:49:04.839  2867  2867 I wpa_supplicant: rfkill: WLAN unblocked
02-10 07:49:04.839  2867  2867 I wpa_supplicant: rfkill: WLAN unblocked
02-10 07:50:04.839  2867  2867 I wpa_supplicant: rfkill: WLAN unblocked
02-10 07:50:04.839  2867  2867 I wpa_supplicant: rfkill: WLAN unblocked
02-10 07:50:04.839  2867  2867 I wpa_supplicant: rfkill: WLAN unblocked
02-10 07:50:04.839  2867  2867 I wpa_supplicant: rfkill: WLAN unblocked
02-10 07:51:04.834  2867  2867 I wpa_supplicant: rfkill: WLAN unblocked
02-10 07:51:04.834  2867  2867 I wpa_supplicant: rfkill: WLAN unblocked
02-10 07:51:04.834  2867  2867 I wpa_supplicant: rfkill: WLAN unblocked
02-10 07:51:04.834  2867  2867 I wpa_supplicant: rfkill: WLAN unblocked
02-10 07:52:04.839  2867  2867 I wpa_supplicant: rfkill: WLAN unblocked
02-10 07:52:04.839  2867  2867 I wpa_supplicant: rfkill: WLAN unblocked
02-10 07:52:04.839  2867  2867 I wpa_supplicant: rfkill: WLAN unblocked
02-10 07:52:04.839  2867  2867 I wpa_supplicant: rfkill: WLAN unblocked
02-10 07:53:04.839  2867  2867 I wpa_supplicant: rfkill: WLAN unblocked
02-10 07:53:04.839  2867  2867 I wpa_supplicant: rfkill: WLAN unblocked
02-10 07:53:04.839  2867  2867 I wpa_supplicant: rfkill: WLAN unblocked
02-10 07:53:04.839  2867  2867 I wpa_supplicant: rfkill: WLAN unblocked
02-10 07:54:04.839  2867  2867 I wpa_supplicant: rfkill: WLAN unblocked
02-10 07:54:04.839  2867  2867 I wpa_supplicant: rfkill: WLAN unblocked
02-10 07:54:04.839  2867  2867 I wpa_supplicant: rfkill: WLAN unblocked
02-10 07:54:04.839  2867  2867 I wpa_supplicant: rfkill: WLAN unblocked
02-10 07:55:04.844  2867  2867 I wpa_supplicant: rfkill: WLAN unblocked
02-10 07:55:04.844  2867  2867 I wpa_supplicant: rfkill: WLAN unblocked
02-10 07:55:04.844  2867  2867 I wpa_supplicant: rfkill: WLAN unblocked
02-10 07:55:04.844  2867  2867 I wpa_supplicant: rfkill: WLAN unblocked
02-10 07:55:07.839  2867  2867 I wpa_supplicant: rfkill: WLAN unblocked
02-10 07:55:07.839  2867  2867 I wpa_supplicant: rfkill: WLAN unblocked
02-10 07:55:07.839  2867  2867 I wpa_supplicant: rfkill: WLAN unblocked
02-10 07:55:07.839  2867  2867 I wpa_supplicant: rfkill: WLAN unblocked
02-10 07:55:25.981  2867  2867 I wpa_supplicant: rfkill: WLAN unblocked
02-10 07:55:25.981  2867  2867 I wpa_supplicant: rfkill: WLAN unblocked
02-10 07:55:25.981  2867  2867 I wpa_supplicant: rfkill: WLAN unblocked
02-10 07:55:25.981  2867  2867 I wpa_supplicant: rfkill: WLAN unblocked
02-10 07:55:28.839  2867  2867 I wpa_supplicant: rfkill: WLAN unblocked
02-10 07:55:28.839  2867  2867 I wpa_supplicant: rfkill: WLAN unblocked
02-10 07:55:28.839  2867  2867 I wpa_supplicant: rfkill: WLAN unblocked
02-10 07:55:28.839  2867  2867 I wpa_supplicant: rfkill: WLAN unblocked
02-10 07:56:04.839  2867  2867 I wpa_supplicant: rfkill: WLAN unblocked
02-10 07:56:04.839  2867  2867 I wpa_supplicant: rfkill: WLAN unblocked
02-10 07:56:04.839  2867  2867 I wpa_supplicant: rfkill: WLAN unblocked
02-10 07:56:04.839  2867  2867 I wpa_supplicant: rfkill: WLAN unblocked
02-10 07:57:04.849  2867  2867 I wpa_supplicant: rfkill: WLAN unblocked
02-10 07:57:04.849  2867  2867 I wpa_supplicant: rfkill: WLAN unblocked
02-10 07:57:04.849  2867  2867 I wpa_supplicant: rfkill: WLAN unblocked
02-10 07:57:04.849  2867  2867 I wpa_supplicant: rfkill: WLAN unblocked
02-10 07:58:04.849  2867  2867 I wpa_supplicant: rfkill: WLAN unblocked
02-10 07:58:04.849  2867  2867 I wpa_supplicant: rfkill: WLAN unblocked
02-10 07:58:04.849  2867  2867 I wpa_supplicant: rfkill: WLAN unblocked
02-10 07:58:04.849  2867  2867 I wpa_supplicant: rfkill: WLAN unblocked
02-10 07:59:04.824  2867  2867 I wpa_supplicant: rfkill: WLAN unblocked
02-10 07:59:04.824  2867  2867 I wpa_supplicant: rfkill: WLAN unblocked
02-10 07:59:04.824  2867  2867 I wpa_supplicant: rfkill: WLAN unblocked
02-10 07:59:04.824  2867  2867 I wpa_supplicant: rfkill: WLAN unblocked
02-10 08:00:04.849  2867  2867 I wpa_supplicant: rfkill: WLAN unblocked
02-10 08:00:04.849  2867  2867 I wpa_supplicant: rfkill: WLAN unblocked
02-10 08:00:04.849  2867  2867 I wpa_supplicant: rfkill: WLAN unblocked
02-10 08:00:04.849  2867  2867 I wpa_supplicant: rfkill: WLAN unblocked
02-10 08:01:04.844  2867  2867 I wpa_supplicant: rfkill: WLAN unblocked
02-10 08:01:04.844  2867  2867 I wpa_supplicant: rfkill: WLAN unblocked
02-10 08:01:04.844  2867  2867 I wpa_supplicant: rfkill: WLAN unblocked
02-10 08:01:04.844  2867  2867 I wpa_supplicant: rfkill: WLAN unblocked
02-10 08:02:04.839  2867  2867 I wpa_supplicant: rfkill: WLAN unblocked
02-10 08:02:04.839  2867  2867 I wpa_supplicant: rfkill: WLAN unblocked
02-10 08:02:04.839  2867  2867 I wpa_supplicant: rfkill: WLAN unblocked
02-10 08:02:04.839  2867  2867 I wpa_supplicant: rfkill: WLAN unblocked
02-10 08:03:04.839  2867  2867 I wpa_supplicant: rfkill: WLAN unblocked
02-10 08:03:04.839  2867  2867 I wpa_supplicant: rfkill: WLAN unblocked
02-10 08:03:04.839  2867  2867 I wpa_supplicant: rfkill: WLAN unblocked
02-10 08:03:04.839  2867  2867 I wpa_supplicant: rfkill: WLAN unblocked
02-10 08:04:04.839  2867  2867 I wpa_supplicant: rfkill: WLAN unblocked
02-10 08:04:04.839  2867  2867 I wpa_supplicant: rfkill: WLAN unblocked
02-10 08:04:04.839  2867  2867 I wpa_supplicant: rfkill: WLAN unblocked
02-10 08:04:04.839  2867  2867 I wpa_supplicant: rfkill: WLAN unblocked
02-10 08:05:04.839  2867  2867 I wpa_supplicant: rfkill: WLAN unblocked
02-10 08:05:04.839  2867  2867 I wpa_supplicant: rfkill: WLAN unblocked
02-10 08:05:04.839  2867  2867 I wpa_supplicant: rfkill: WLAN unblocked
02-10 08:05:04.839  2867  2867 I wpa_supplicant: rfkill: WLAN unblocked
02-10 08:06:04.839  2867  2867 I wpa_supplicant: rfkill: WLAN unblocked
02-10 08:06:04.839  2867  2867 I wpa_supplicant: rfkill: WLAN unblocked
02-10 08:06:04.839  2867  2867 I wpa_supplicant: rfkill: WLAN unblocked
02-10 08:06:04.839  2867  2867 I wpa_supplicant: rfkill: WLAN unblocked
02-10 08:06:05.214 29787 29804 W TDLog   : network is disabled.
02-10 08:06:05.229  2324  2337 D libgps  : proxy_gps_set_position_mode()
02-10 08:06:05.234  2324  2337 D libgps  : proxy_gps_stop()
02-10 08:07:04.834  2867  2867 I wpa_supplicant: rfkill: WLAN unblocked
02-10 08:07:04.834  2867  2867 I wpa_supplicant: rfkill: WLAN unblocked
02-10 08:07:04.834  2867  2867 I wpa_supplicant: rfkill: WLAN unblocked
02-10 08:07:04.834  2867  2867 I wpa_supplicant: rfkill: WLAN unblocked
02-10 08:07:04.834  1979  1979 D gpslogd : CALL_SENTRY: GlEngine::OnStart took 972 ms (from323323752 to 323324724) (log=0,0,0), start: 08:07:03.871
02-10 08:07:04.839  1979  1979 D gpslogd : CALL_SENTRY: marshal_gps_start took 973 ms (from323323752 to 323324725) (log=0,0,0), start: 08:07:03.872
02-10 08:07:04.839  1979  1979 D gpslogd : CALL_SENTRY: ProcessEvent took 973 ms (from323323752 to 323324725) (log=0,0,0), start: 08:07:03.872
02-10 08:07:04.859  2324  3233 D libgps  : proxy_gps_status_cb()
02-10 08:07:04.859  2324  3233 D libgps  : proxy_gps_status_cb()
02-10 08:07:04.859  2324  3233 D libgps  : proxy_agps_ril_request_refloc_cb()
02-10 08:07:04.864  2324  3233 E GpsLocationProvider: Error getting cell location info.
02-10 08:07:04.864  2324  3233 D libgps  : proxy_gps_acquire_wakelock_cb()
02-10 08:07:04.864  2324  3233 D libgps  : proxy_agps_ril_request_setid_cb()
02-10 08:07:04.864  2324  3233 D libgps  : proxy_agps_ril_set_set_id()
02-10 08:07:04.864  2324  3233 D libgps  : proxy_gps_status_cb()
02-10 08:07:04.864  2324  3233 D libgps  : proxy_gps_status_cb()
02-10 08:07:21.844  2324  3233 D libgps  : proxy_gps_release_wakelock_cb()
02-10 08:07:47.834  2867  2867 I wpa_supplicant: rfkill: WLAN unblocked
02-10 08:07:47.834  2867  2867 I wpa_supplicant: rfkill: WLAN unblocked
02-10 08:07:47.839  2867  2867 I wpa_supplicant: rfkill: WLAN unblocked
02-10 08:07:47.839  2867  2867 I wpa_supplicant: rfkill: WLAN unblocked
02-10 08:07:48.904  2867  2867 I wpa_supplicant: rfkill: WLAN unblocked
02-10 08:07:48.904  2867  2867 I wpa_supplicant: rfkill: WLAN unblocked
02-10 08:07:48.904  2867  2867 I wpa_supplicant: rfkill: WLAN unblocked
02-10 08:07:48.904  2867  2867 I wpa_supplicant: rfkill: WLAN unblocked
02-10 08:08:04.839  2867  2867 I wpa_supplicant: rfkill: WLAN unblocked
02-10 08:08:04.839  2867  2867 I wpa_supplicant: rfkill: WLAN unblocked
02-10 08:08:04.839  2867  2867 I wpa_supplicant: rfkill: WLAN unblocked
02-10 08:08:04.839  2867  2867 I wpa_supplicant: rfkill: WLAN unblocked
02-10 08:09:04.849  2867  2867 I wpa_supplicant: rfkill: WLAN unblocked
02-10 08:09:04.849  2867  2867 I wpa_supplicant: rfkill: WLAN unblocked
02-10 08:09:04.849  2867  2867 I wpa_supplicant: rfkill: WLAN unblocked
02-10 08:09:04.849  2867  2867 I wpa_supplicant: rfkill: WLAN unblocked
02-10 08:10:04.850  2867  2867 I wpa_supplicant: rfkill: WLAN unblocked
02-10 08:10:04.850  2867  2867 I wpa_supplicant: rfkill: WLAN unblocked
02-10 08:10:04.850  2867  2867 I wpa_supplicant: rfkill: WLAN unblocked
02-10 08:10:04.850  2867  2867 I wpa_supplicant: rfkill: WLAN unblocked
02-10 08:11:04.849  2867  2867 I wpa_supplicant: rfkill: WLAN unblocked
02-10 08:11:04.849  2867  2867 I wpa_supplicant: rfkill: WLAN unblocked
02-10 08:11:04.849  2867  2867 I wpa_supplicant: rfkill: WLAN unblocked
02-10 08:11:04.849  2867  2867 I wpa_supplicant: rfkill: WLAN unblocked
02-10 08:12:04.849  2867  2867 I wpa_supplicant: rfkill: WLAN unblocked
02-10 08:12:04.849  2867  2867 I wpa_supplicant: rfkill: WLAN unblocked
02-10 08:12:04.849  2867  2867 I wpa_supplicant: rfkill: WLAN unblocked
02-10 08:12:04.849  2867  2867 I wpa_supplicant: rfkill: WLAN unblocked
02-10 08:13:04.849  2867  2867 I wpa_supplicant: rfkill: WLAN unblocked
02-10 08:13:04.849  2867  2867 I wpa_supplicant: rfkill: WLAN unblocked
02-10 08:13:04.849  2867  2867 I wpa_supplicant: rfkill: WLAN unblocked
02-10 08:13:04.849  2867  2867 I wpa_supplicant: rfkill: WLAN unblocked
02-10 08:14:04.839  2867  2867 I wpa_supplicant: rfkill: WLAN unblocked
02-10 08:14:04.839  2867  2867 I wpa_supplicant: rfkill: WLAN unblocked
02-10 08:14:04.839  2867  2867 I wpa_supplicant: rfkill: WLAN unblocked
02-10 08:14:04.839  2867  2867 I wpa_supplicant: rfkill: WLAN unblocked
02-10 08:14:04.909 27285 27285 D a       : RUNTIME:20173709s LastSuccess2Now:597317s>300s Network:false FailSubmit:true Run:5603 SuccessCount:55 Speed:2 API:1000 ORI:1000 RESULT:false
02-10 08:15:04.834  2867  2867 I wpa_supplicant: rfkill: WLAN unblocked
02-10 08:15:04.834  2867  2867 I wpa_supplicant: rfkill: WLAN unblocked
02-10 08:15:04.834  2867  2867 I wpa_supplicant: rfkill: WLAN unblocked
02-10 08:15:04.834  2867  2867 I wpa_supplicant: rfkill: WLAN unblocked
02-10 08:16:04.839  2867  2867 I wpa_supplicant: rfkill: WLAN unblocked
02-10 08:16:04.839  2867  2867 I wpa_supplicant: rfkill: WLAN unblocked
02-10 08:16:04.839  2867  2867 I wpa_supplicant: rfkill: WLAN unblocked
02-10 08:16:04.839  2867  2867 I wpa_supplicant: rfkill: WLAN unblocked
02-10 08:17:04.839  2867  2867 I wpa_supplicant: rfkill: WLAN unblocked
02-10 08:17:04.839  2867  2867 I wpa_supplicant: rfkill: WLAN unblocked
02-10 08:17:04.839  2867  2867 I wpa_supplicant: rfkill: WLAN unblocked
02-10 08:17:04.839  2867  2867 I wpa_supplicant: rfkill: WLAN unblocked
02-10 08:18:04.839  2867  2867 I wpa_supplicant: rfkill: WLAN unblocked
02-10 08:18:04.839  2867  2867 I wpa_supplicant: rfkill: WLAN unblocked
