02-09 20:57:08.939  2324  2480 D ConnectivityService: Setting Dns servers for network 145 to [/192.168.1.1, /192.168.0.1]
02-09 20:57:08.969  2324  2480 D ConnectivityService: notifyType IP_CHANGED for NetworkAgentInfo [WIFI () - 145]
02-09 20:57:08.989  2324  2480 D ConnectivityService: scheduleUnvalidatedPrompt 145
02-09 20:57:08.989  2324  2480 D ConnectivityService: updateSignalStrengthThresholds: CONNECT, sending [] to NetworkAgentInfo [WIFI () - 145]
02-09 20:57:08.989  2324  2480 D ConnectivityService: rematch for NetworkAgentInfo [WIFI () - 145]
02-09 20:57:08.989  2324  2480 D ConnectivityService:    accepting network in place of null
02-09 20:57:08.994  2324  2480 D ConnectivityService: Switching to new default network: NetworkAgentInfo{ ni{[type: WIFI[], state: CONNECTED/CONNECTED, reason: (unspecified), extra: "wangqing", roaming: false, failover: false, isAvailable: true]}  network{145}  lp{{InterfaceName: wlan0 LinkAddresses: [192.168.0.100/24,]  Routes: [fe80::/64 -> :: wlan0,192.168.0.0/24 -> 0.0.0.0 wlan0,0.0.0.0/0 -> 192.168.0.1 wlan0,] DnsAddresses: [192.168.1.1,192.168.0.1,] Domains: DHCP HOST MTU: 0 TcpBufferSizes: 524288,1048576,2097152,262144,524288,1048576}}  nc{[ Transports: WIFI Capabilities: INTERNET&NOT_RESTRICTED&TRUSTED&NOT_VPN LinkUpBandwidth>=1048576Kbps LinkDnBandwidth>=1048576Kbps]}  Score{20}  everValidated{false}  lastValidated{false}  created{true} lingering{false} explicitlySelected{false} acceptUnvalidated{false} everCaptivePortalDetected{false} lastCaptivePortalDetected{false} }
02-09 20:57:09.084  2324  2480 E ConnectivityService: Exception in setupDataActivityTracking java.lang.IllegalStateException: command '1825 idletimer add wlan0 15 1' failed with '400 1825 Failed to add interface'
02-09 20:57:09.119  2324  2480 D CSLegacyTypeTracker: Sending CONNECTED broadcast for type 1 NetworkAgentInfo [WIFI () - 145] isDefaultNetwork=true
02-09 20:57:09.119  2324  2480 D ConnectivityService: sendStickyBroadcast: action=android.net.conn.CONNECTIVITY_CHANGE
02-09 20:57:09.149  2324  2480 D ConnectivityService: notifyType PRECHECK for NetworkAgentInfo [WIFI () - 145]
02-09 20:57:09.184  2324  2480 D ConnectivityService: notifyType IP_CHANGED for NetworkAgentInfo [WIFI () - 145]
02-09 20:57:09.194  2324  2480 D ConnectivityService: setProvNotificationVisibleIntent null visible=false networkType=MOBILE extraInfo=null highPriority=false
02-09 20:57:09.194  2324  2480 D ConnectivityService: NetworkAgentInfo [WIFI () - 145] validation  passed
02-09 20:57:09.199  2324  2480 D ConnectivityService: notifyType CAP_CHANGED for NetworkAgentInfo [WIFI () - 145]
02-09 20:57:09.199  2324  2480 D ConnectivityService: sendStickyBroadcast: action=android.net.conn.INET_CONDITION_ACTION
02-09 20:57:16.999  2324  2480 D ConnectivityService: handlePromptUnvalidated 145
02-09 20:57:24.284  2324  2338 I ActivityManager: Waited long enough for: ServiceRecord{aa157cf u0 com.android.ss/.SyncService}
02-09 22:00:00.089  2324  2324 D ZenLog  : config: conditionChanged,ZenModeConfig[user=0,allowCalls=true,allowRepeatCallers=false,allowMessages=true,allowCallsFrom=stars,allowMessagesFrom=stars,allowReminders=true,allowEvents=true,automaticRules={c16536fc74a848faba4267a52f4a447d=ZenRule[enabled=false,snoozing=false,name=活动,zenMode=ZEN_MODE_ALARMS,conditionId=condition://android/event?userId=-10000&calendar=&reply=1,condition=Condition[id=condition://android/event?userId=-10000&calendar=&reply=1,summary=...,line1=...,line2=...,icon=0,state=STATE_FALSE,flags=2],component=ComponentInfo{android/com.android.server.notification.EventConditionProvider}], f399fbefe30d45c28d3c97aa43ef0e12=ZenRule[enabled=false,snoozing=false,name=周一至周五夜间,zenMode=ZEN_MODE_ALARMS,conditionId=condition://android/schedule?days=1.2.3.4.5&start=22.0&end=7.0,condition=Condition[id=condition://android/schedule?days=1.2.3.4.5&start=22.0&end=7.0,summary=...,line1=...,line2=...,icon=0,state=STATE_TRUE,flags=2],component=ComponentInfo{android/com.android.server.notification.ScheduleConditionProvider}], 374efb64f4cd43c986e8dc6914649efd=ZenRule[enabled=false,snoozing=false,name=周末,zenMode=ZEN_MODE_ALARMS,conditionId=condition://android/schedule?days=6.7&start=23.30&end=10.0,condition=Condition[id=condition://android/schedule?days=6.7&start=23.30&end=10.0,summary=...,line1=...,line2=...,icon=0,state=STATE_FALSE,flags=2],component=ComponentInfo{android/com.android.server.notification.ScheduleConditionProvider}]},manualRule=null],Diff[automaticRule[f399fbefe30d45c28d3c97aa43ef0e12].condition:Condition[id=condition://android/schedule?days=1.2.3.4.5&start=22.0&end=7.0,summary=...,line1=...,line2=...,icon=0,state=STATE_FALSE,flags=2]->Condition[id=condition://android/schedule?days=1.2.3.4.5&start=22.0&end=7.0,summary=...,line1=...,line2=...,icon=0,state=STATE_TRUE,flags=2]]
02-09 23:00:58.914  2324  2480 D ConnectivityService: NetworkAgentInfo [WIFI () - 145] EVENT_NETWORK_INFO_CHANGED, going from CONNECTED to DISCONNECTED
02-09 23:00:58.914  2324  2480 D ConnectivityService: NetworkAgentInfo [WIFI () - 145] got DISCONNECTED, was satisfying 2
02-09 23:00:59.084  2324  2480 D ConnectivityService: notifyType LOST for NetworkAgentInfo [WIFI () - 145]
02-09 23:00:59.119  2324  2480 D CSLegacyTypeTracker: Sending DISCONNECTED broadcast for type 1 NetworkAgentInfo [WIFI () - 145] isDefaultNetwork=true
02-09 23:00:59.119  2324  2480 D ConnectivityService: sendStickyBroadcast: action=android.net.conn.CONNECTIVITY_CHANGE
02-09 23:00:59.624  2324  2480 E ConnectivityService: EVENT_NETWORK_INFO_CHANGED from unknown NetworkAgent
02-09 23:01:59.194  2324  2480 D ConnectivityService: Failed to find a new network - expiring NetTransition Wakelock
02-10 01:03:21.794  2324  2473 D ConnectivityService: registerNetworkAgent NetworkAgentInfo{ ni{[type: WIFI[], state: CONNECTING/CONNECTING, reason: (unspecified), extra: "wangqing", roaming: false, failover: false, isAvailable: true]}  network{146}  lp{{InterfaceName: wlan0 LinkAddresses: []  Routes: [] DnsAddresses: [] Domains: null MTU: 0 TcpBufferSizes: 524288,1048576,2097152,262144,524288,1048576}}  nc{[ Transports: WIFI Capabilities: INTERNET&NOT_RESTRICTED&TRUSTED&NOT_VPN LinkUpBandwidth>=1048576Kbps LinkDnBandwidth>=1048576Kbps]}  Score{20}  everValidated{false}  lastValidated{false}  created{false} lingering{false} explicitlySelected{false} acceptUnvalidated{false} everCaptivePortalDetected{false} lastCaptivePortalDetected{false} }
02-10 01:03:21.794  2324  2480 D ConnectivityService: NetworkAgentInfo [WIFI () - 146] EVENT_NETWORK_INFO_CHANGED, going from null to CONNECTING
02-10 01:03:22.694  2324  2480 D ConnectivityService: NetworkAgentInfo [WIFI () - 146] EVENT_NETWORK_INFO_CHANGED, going from CONNECTING to CONNECTED
02-10 01:03:22.694  2324  2480 D ConnectivityService: Adding iface wlan0 to network 146
02-10 01:03:22.809  2324  2480 E ConnectivityService: Unexpected mtu value: 0, wlan0
02-10 01:03:22.809  2324  2480 D ConnectivityService: Adding Route [fe80::/64 -> :: wlan0] to network 146
02-10 01:03:22.819  2324  2480 D ConnectivityService: Adding Route [192.168.0.0/24 -> 0.0.0.0 wlan0] to network 146
02-10 01:03:22.824  2324  2480 D ConnectivityService: Adding Route [0.0.0.0/0 -> 192.168.0.1 wlan0] to network 146
02-10 01:03:22.824  2324  2480 D ConnectivityService: Setting Dns servers for network 146 to [/192.168.1.1, /192.168.0.1]
02-10 01:03:22.854  2324  2480 D ConnectivityService: notifyType IP_CHANGED for NetworkAgentInfo [WIFI () - 146]
02-10 01:03:22.884  2324  2480 D ConnectivityService: scheduleUnvalidatedPrompt 146
02-10 01:03:22.889  2324  2480 D ConnectivityService: updateSignalStrengthThresholds: CONNECT, sending [] to NetworkAgentInfo [WIFI () - 146]
02-10 01:03:22.889  2324  2480 D ConnectivityService: rematch for NetworkAgentInfo [WIFI () - 146]
02-10 01:03:22.889  2324  2480 D ConnectivityService:    accepting network in place of null
02-10 01:03:22.894  2324  2480 D ConnectivityService: Switching to new default network: NetworkAgentInfo{ ni{[type: WIFI[], state: CONNECTED/CONNECTED, reason: (unspecified), extra: "wangqing", roaming: false, failover: false, isAvailable: true]}  network{146}  lp{{InterfaceName: wlan0 LinkAddresses: [192.168.0.100/24,]  Routes: [fe80::/64 -> :: wlan0,192.168.0.0/24 -> 0.0.0.0 wlan0,0.0.0.0/0 -> 192.168.0.1 wlan0,] DnsAddresses: [192.168.1.1,192.168.0.1,] Domains: DHCP HOST MTU: 0 TcpBufferSizes: 524288,1048576,2097152,262144,524288,1048576}}  nc{[ Transports: WIFI Capabilities: INTERNET&NOT_RESTRICTED&TRUSTED&NOT_VPN LinkUpBandwidth>=1048576Kbps LinkDnBandwidth>=1048576Kbps]}  Score{20}  everValidated{false}  lastValidated{false}  created{true} lingering{false} explicitlySelected{false} acceptUnvalidated{false} everCaptivePortalDetected{false} lastCaptivePortalDetected{false} }
02-10 01:03:23.009  2324  2480 E ConnectivityService: Exception in setupDataActivityTracking java.lang.IllegalStateException: command '1862 idletimer add wlan0 15 1' failed with '400 1862 Failed to add interface'
02-10 01:03:23.019  2324  2480 D CSLegacyTypeTracker: Sending CONNECTED broadcast for type 1 NetworkAgentInfo [WIFI () - 146] isDefaultNetwork=true
02-10 01:03:23.019  2324  2480 D ConnectivityService: sendStickyBroadcast: action=android.net.conn.CONNECTIVITY_CHANGE
02-10 01:03:23.054  2324  2480 D ConnectivityService: notifyType PRECHECK for NetworkAgentInfo [WIFI () - 146]
02-10 01:03:23.244  2324  2480 D ConnectivityService: notifyType IP_CHANGED for NetworkAgentInfo [WIFI () - 146]
02-10 01:03:23.249  2324  2480 D ConnectivityService: setProvNotificationVisibleIntent null visible=false networkType=MOBILE extraInfo=null highPriority=false
02-10 01:03:23.249  2324  2480 D ConnectivityService: NetworkAgentInfo [WIFI () - 146] validation  passed
02-10 01:03:23.249  2324  2480 D ConnectivityService: notifyType CAP_CHANGED for NetworkAgentInfo [WIFI () - 146]
02-10 01:03:23.259  2324  2480 D ConnectivityService: sendStickyBroadcast: action=android.net.conn.INET_CONDITION_ACTION
02-10 01:03:30.894  2324  2480 D ConnectivityService: handlePromptUnvalidated 146
02-10 01:03:38.144  2324  2338 I ActivityManager: Waited long enough for: ServiceRecord{4deaf42 u0 com.android.ss/.SyncService}
02-10 03:08:02.950  2324  2480 D ConnectivityService: NetworkAgentInfo [WIFI () - 146] EVENT_NETWORK_INFO_CHANGED, going from CONNECTED to DISCONNECTED
02-10 03:08:02.950  2324  2480 D ConnectivityService: NetworkAgentInfo [WIFI () - 146] got DISCONNECTED, was satisfying 2
02-10 03:08:03.000  2324  2480 D ConnectivityService: notifyType LOST for NetworkAgentInfo [WIFI () - 146]
02-10 03:08:03.005  2324  2480 D CSLegacyTypeTracker: Sending DISCONNECTED broadcast for type 1 NetworkAgentInfo [WIFI () - 146] isDefaultNetwork=true
02-10 03:08:03.005  2324  2480 D ConnectivityService: sendStickyBroadcast: action=android.net.conn.CONNECTIVITY_CHANGE
02-10 03:09:03.065  2324  2480 D ConnectivityService: Failed to find a new network - expiring NetTransition Wakelock
--------- beginning of main
02-10 04:04:04.839  2867  2867 I wpa_supplicant: rfkill: WLAN unblocked
02-10 04:04:04.839  2867  2867 I wpa_supplicant: rfkill: WLAN unblocked
02-10 04:04:04.839  2867  2867 I wpa_supplicant: rfkill: WLAN unblocked
02-10 04:04:04.839  2867  2867 I wpa_supplicant: rfkill: WLAN unblocked
02-10 04:05:04.839  2867  2867 I wpa_supplicant: rfkill: WLAN unblocked
02-10 04:05:04.839  2867  2867 I wpa_supplicant: rfkill: WLAN unblocked
02-10 04:05:04.839  2867  2867 I wpa_supplicant: rfkill: WLAN unblocked
02-10 04:05:04.839  2867  2867 I wpa_supplicant: rfkill: WLAN unblocked
02-10 04:06:04.834  2867  2867 I wpa_supplicant: rfkill: WLAN unblocked
02-10 04:06:04.834  2867  2867 I wpa_supplicant: rfkill: WLAN unblocked
02-10 04:06:04.834  2867  2867 I wpa_supplicant: rfkill: WLAN unblocked
02-10 04:06:04.834  2867  2867 I wpa_supplicant: rfkill: WLAN unblocked
02-10 04:07:04.839  2867  2867 I wpa_supplicant: rfkill: WLAN unblocked
02-10 04:07:04.839  2867  2867 I wpa_supplicant: rfkill: WLAN unblocked
02-10 04:07:04.839  2867  2867 I wpa_supplicant: rfkill: WLAN unblocked
02-10 04:07:04.839  2867  2867 I wpa_supplicant: rfkill: WLAN unblocked
02-10 04:07:48.849  2867  2867 I wpa_supplicant: rfkill: WLAN unblocked
02-10 04:07:48.849  2867  2867 I wpa_supplicant: rfkill: WLAN unblocked
02-10 04:07:48.849  2867  2867 I wpa_supplicant: rfkill: WLAN unblocked
02-10 04:07:48.849  2867  2867 I wpa_supplicant: rfkill: WLAN unblocked
02-10 04:08:04.839  2867  2867 I wpa_supplicant: rfkill: WLAN unblocked
02-10 04:08:04.839  2867  2867 I wpa_supplicant: rfkill: WLAN unblocked
02-10 04:08:04.839  2867  2867 I wpa_supplicant: rfkill: WLAN unblocked
02-10 04:08:04.839  2867  2867 I wpa_supplicant: rfkill: WLAN unblocked
02-10 04:09:04.839  2867  2867 I wpa_supplicant: rfkill: WLAN unblocked
02-10 04:09:04.839  2867  2867 I wpa_supplicant: rfkill: WLAN unblocked
02-10 04:09:04.839  2867  2867 I wpa_supplicant: rfkill: WLAN unblocked
02-10 04:09:04.839  2867  2867 I wpa_supplicant: rfkill: WLAN unblocked
02-10 04:10:04.849  2867  2867 I wpa_supplicant: rfkill: WLAN unblocked
02-10 04:10:04.849  2867  2867 I wpa_supplicant: rfkill: WLAN unblocked
02-10 04:10:04.849  2867  2867 I wpa_supplicant: rfkill: WLAN unblocked
02-10 04:10:04.849  2867  2867 I wpa_supplicant: rfkill: WLAN unblocked
02-10 04:11:04.849  2867  2867 I wpa_supplicant: rfkill: WLAN unblocked
02-10 04:11:04.849  2867  2867 I wpa_supplicant: rfkill: WLAN unblocked
02-10 04:11:04.849  2867  2867 I wpa_supplicant: rfkill: WLAN unblocked
02-10 04:11:04.849  2867  2867 I wpa_supplicant: rfkill: WLAN unblocked
02-10 04:12:04.849  2867  2867 I wpa_supplicant: rfkill: WLAN unblocked
02-10 04:12:04.849  2867  2867 I wpa_supplicant: rfkill: WLAN unblocked
02-10 04:12:04.849  2867  2867 I wpa_supplicant: rfkill: WLAN unblocked
02-10 04:12:04.849  2867  2867 I wpa_supplicant: rfkill: WLAN unblocked
02-10 04:13:04.849  2867  2867 I wpa_supplicant: rfkill: WLAN unblocked
02-10 04:13:04.849  2867  2867 I wpa_supplicant: rfkill: WLAN unblocked
02-10 04:13:04.849  2867  2867 I wpa_supplicant: rfkill: WLAN unblocked
02-10 04:13:04.849  2867  2867 I wpa_supplicant: rfkill: WLAN unblocked
02-10 04:14:04.829  2867  2867 I wpa_supplicant: rfkill: WLAN unblocked
02-10 04:14:04.829  2867  2867 I wpa_supplicant: rfkill: WLAN unblocked
02-10 04:14:04.829  2867  2867 I wpa_supplicant: rfkill: WLAN unblocked
02-10 04:14:04.829  2867  2867 I wpa_supplicant: rfkill: WLAN unblocked
02-10 04:15:04.849  2867  2867 I wpa_supplicant: rfkill: WLAN unblocked
02-10 04:15:04.849  2867  2867 I wpa_supplicant: rfkill: WLAN unblocked
02-10 04:15:04.849  2867  2867 I wpa_supplicant: rfkill: WLAN unblocked
02-10 04:15:04.849  2867  2867 I wpa_supplicant: rfkill: WLAN unblocked
02-10 04:16:04.849  2867  2867 I wpa_supplicant: rfkill: WLAN unblocked
02-10 04:16:04.849  2867  2867 I wpa_supplicant: rfkill: WLAN unblocked
02-10 04:16:04.849  2867  2867 I wpa_supplicant: rfkill: WLAN unblocked
02-10 04:16:04.849  2867  2867 I wpa_supplicant: rfkill: WLAN unblocked
02-10 04:17:04.849  2867  2867 I wpa_supplicant: rfkill: WLAN unblocked
02-10 04:17:04.849  2867  2867 I wpa_supplicant: rfkill: WLAN unblocked
02-10 04:17:04.849  2867  2867 I wpa_supplicant: rfkill: WLAN unblocked
02-10 04:17:04.849  2867  2867 I wpa_supplicant: rfkill: WLAN unblocked
02-10 04:18:04.839  2867  2867 I wpa_supplicant: rfkill: WLAN unblocked
02-10 04:18:04.839  2867  2867 I wpa_supplicant: rfkill: WLAN unblocked
02-10 04:18:04.839  2867  2867 I wpa_supplicant: rfkill: WLAN unblocked
02-10 04:18:04.839  2867  2867 I wpa_supplicant: rfkill: WLAN unblocked
02-10 04:19:04.839  2867  2867 I wpa_supplicant: rfkill: WLAN unblocked
02-10 04:19:04.839  2867  2867 I wpa_supplicant: rfkill: WLAN unblocked
02-10 04:19:04.839  2867  2867 I wpa_supplicant: rfkill: WLAN unblocked
02-10 04:19:04.839  2867  2867 I wpa_supplicant: rfkill: WLAN unblocked
02-10 04:20:04.839  2867  2867 I wpa_supplicant: rfkill: WLAN unblocked
02-10 04:20:04.839  2867  2867 I wpa_supplicant: rfkill: WLAN unblocked
02-10 04:20:04.839  2867  2867 I wpa_supplicant: rfkill: WLAN unblocked
02-10 04:20:04.839  2867  2867 I wpa_supplicant: rfkill: WLAN unblocked
02-10 04:21:04.839  2867  2867 I wpa_supplicant: rfkill: WLAN unblocked
02-10 04:21:04.839  2867  2867 I wpa_supplicant: rfkill: WLAN unblocked
02-10 04:21:04.839  2867  2867 I wpa_supplicant: rfkill: WLAN unblocked
02-10 04:21:04.839  2867  2867 I wpa_supplicant: rfkill: WLAN unblocked
02-10 04:22:04.834  2867  2867 I wpa_supplicant: rfkill: WLAN unblocked
02-10 04:22:04.834  2867  2867 I wpa_supplicant: rfkill: WLAN unblocked
02-10 04:22:04.834  2867  2867 I wpa_supplicant: rfkill: WLAN unblocked
02-10 04:22:04.834  2867  2867 I wpa_supplicant: rfkill: WLAN unblocked
02-10 04:22:48.849  2867  2867 I wpa_supplicant: rfkill: WLAN unblocked
02-10 04:22:48.849  2867  2867 I wpa_supplicant: rfkill: WLAN unblocked
02-10 04:22:48.849  2867  2867 I wpa_supplicant: rfkill: WLAN unblocked
02-10 04:22:48.849  2867  2867 I wpa_supplicant: rfkill: WLAN unblocked
02-10 04:23:04.839  2867  2867 I wpa_supplicant: rfkill: WLAN unblocked
02-10 04:23:04.839  2867  2867 I wpa_supplicant: rfkill: WLAN unblocked
02-10 04:23:04.839  2867  2867 I wpa_supplicant: rfkill: WLAN unblocked
02-10 04:23:04.839  2867  2867 I wpa_supplicant: rfkill: WLAN unblocked
02-10 04:24:04.839  2867  2867 I wpa_supplicant: rfkill: WLAN unblocked
02-10 04:24:04.839  2867  2867 I wpa_supplicant: rfkill: WLAN unblocked
02-10 04:24:04.839  2867  2867 I wpa_supplicant: rfkill: WLAN unblocked
02-10 04:24:04.839  2867  2867 I wpa_supplicant: rfkill: WLAN unblocked
02-10 04:25:04.839  2867  2867 I wpa_supplicant: rfkill: WLAN unblocked
02-10 04:25:04.839  2867  2867 I wpa_supplicant: rfkill: WLAN unblocked
02-10 04:25:04.839  2867  2867 I wpa_supplicant: rfkill: WLAN unblocked
02-10 04:25:04.839  2867  2867 I wpa_supplicant: rfkill: WLAN unblocked
02-10 04:26:04.849  2867  2867 I wpa_supplicant: rfkill: WLAN unblocked
02-10 04:26:04.849  2867  2867 I wpa_supplicant: rfkill: WLAN unblocked
02-10 04:26:04.849  2867  2867 I wpa_supplicant: rfkill: WLAN unblocked
02-10 04:26:04.849  2867  2867 I wpa_supplicant: rfkill: WLAN unblocked
02-10 04:27:04.849  2867  2867 I wpa_supplicant: rfkill: WLAN unblocked
02-10 04:27:04.849  2867  2867 I wpa_supplicant: rfkill: WLAN unblocked
02-10 04:27:04.849  2867  2867 I wpa_supplicant: rfkill: WLAN unblocked
02-10 04:27:04.849  2867  2867 I wpa_supplicant: rfkill: WLAN unblocked
02-10 04:28:04.849  2867  2867 I wpa_supplicant: rfkill: WLAN unblocked
02-10 04:28:04.849  2867  2867 I wpa_supplicant: rfkill: WLAN unblocked
02-10 04:28:04.849  2867  2867 I wpa_supplicant: rfkill: WLAN unblocked
02-10 04:28:04.849  2867  2867 I wpa_supplicant: rfkill: WLAN unblocked
02-10 04:29:04.849  2867  2867 I wpa_supplicant: rfkill: WLAN unblocked
02-10 04:29:04.849  2867  2867 I wpa_supplicant: rfkill: WLAN unblocked
02-10 04:29:04.849  2867  2867 I wpa_supplicant: rfkill: WLAN unblocked
02-10 04:29:04.849  2867  2867 I wpa_supplicant: rfkill: WLAN unblocked
02-10 04:30:04.824  2867  2867 I wpa_supplicant: rfkill: WLAN unblocked
02-10 04:30:04.824  2867  2867 I wpa_supplicant: rfkill: WLAN unblocked
02-10 04:30:04.824  2867  2867 I wpa_supplicant: rfkill: WLAN unblocked
02-10 04:30:04.824  2867  2867 I wpa_supplicant: rfkill: WLAN unblocked
02-10 04:30:05.039  2324  2334 I art     : Background sticky concurrent mark sweep GC freed 94631(9MB) AllocSpace objects, 66(1472KB) LOS objects, 29% free, 25MB/36MB, paused 3.052ms total 193.120ms
02-10 04:31:04.849  2867  2867 I wpa_supplicant: rfkill: WLAN unblocked
02-10 04:31:04.849  2867  2867 I wpa_supplicant: rfkill: WLAN unblocked
02-10 04:31:04.849  2867  2867 I wpa_supplicant: rfkill: WLAN unblocked
02-10 04:31:04.849  2867  2867 I wpa_supplicant: rfkill: WLAN unblocked
02-10 04:32:04.849  2867  2867 I wpa_supplicant: rfkill: WLAN unblocked
02-10 04:32:04.849  2867  2867 I wpa_supplicant: rfkill: WLAN unblocked
02-10 04:32:04.849  2867  2867 I wpa_supplicant: rfkill: WLAN unblocked
02-10 04:32:04.849  2867  2867 I wpa_supplicant: rfkill: WLAN unblocked
02-10 04:33:04.849  2867  2867 I wpa_supplicant: rfkill: WLAN unblocked
02-10 04:33:04.849  2867  2867 I wpa_supplicant: rfkill: WLAN unblocked
02-10 04:33:04.849  2867  2867 I wpa_supplicant: rfkill: WLAN unblocked
02-10 04:33:04.849  2867  2867 I wpa_supplicant: rfkill: WLAN unblocked
02-10 04:34:04.844  2867  2867 I wpa_supplicant: rfkill: WLAN unblocked
02-10 04:34:04.844  2867  2867 I wpa_supplicant: rfkill: WLAN unblocked
02-10 04:34:04.844  2867  2867 I wpa_supplicant: rfkill: WLAN unblocked
02-10 04:34:04.844  2867  2867 I wpa_supplicant: rfkill: WLAN unblocked
02-10 04:35:04.839  2867  2867 I wpa_supplicant: rfkill: WLAN unblocked
02-10 04:35:04.839  2867  2867 I wpa_supplicant: rfkill: WLAN unblocked
02-10 04:35:04.839  2867  2867 I wpa_supplicant: rfkill: WLAN unblocked
02-10 04:35:04.839  2867  2867 I wpa_supplicant: rfkill: WLAN unblocked
02-10 04:36:04.839  2867  2867 I wpa_supplicant: rfkill: WLAN unblocked
02-10 04:36:04.839  2867  2867 I wpa_supplicant: rfkill: WLAN unblocked
02-10 04:36:04.839  2867  2867 I wpa_supplicant: rfkill: WLAN unblocked
02-10 04:36:04.839  2867  2867 I wpa_supplicant: rfkill: WLAN unblocked
02-10 04:37:04.839  2867  2867 I wpa_supplicant: rfkill: WLAN unblocked
02-10 04:37:04.839  2867  2867 I wpa_supplicant: rfkill: WLAN unblocked
02-10 04:37:04.839  2867  2867 I wpa_supplicant: rfkill: WLAN unblocked
02-10 04:37:04.839  2867  2867 I wpa_supplicant: rfkill: WLAN unblocked
02-10 04:38:03.849  2867  2867 I wpa_supplicant: rfkill: WLAN unblocked
02-10 04:38:03.849  2867  2867 I wpa_supplicant: rfkill: WLAN unblocked
02-10 04:38:03.849  2867  2867 I wpa_supplicant: rfkill: WLAN unblocked
02-10 04:38:03.849  2867  2867 I wpa_supplicant: rfkill: WLAN unblocked
02-10 04:38:17.899 29787 29804 W TDLog   : network is disabled.
02-10 04:38:17.924  2324  2337 D libgps  : proxy_gps_set_position_mode()
02-10 04:38:17.949  2324  2337 D libgps  : proxy_gps_stop()
02-10 04:38:18.194  1979  1979 D gpslogd : CALL_SENTRY: GlEngine::OnStart took 253 ms (from322329362 to 322329615) (log=0,0,0), start: 04:38:17.946
02-10 04:38:18.214  1979  1979 D gpslogd : CALL_SENTRY: marshal_gps_start took 275 ms (from322329361 to 322329636) (log=0,0,0), start: 04:38:17.945
02-10 04:38:18.214  1979  1979 D gpslogd : CALL_SENTRY: ProcessEvent took 275 ms (from322329361 to 322329636) (log=0,0,0), start: 04:38:17.946
02-10 04:38:18.214  2324  3233 D libgps  : proxy_gps_status_cb()
02-10 04:38:18.214  2324  3233 D libgps  : proxy_gps_status_cb()
02-10 04:38:18.219  2324  3233 D libgps  : proxy_agps_ril_request_refloc_cb()
02-10 04:38:18.229  2324  3233 E GpsLocationProvider: Error getting cell location info.
02-10 04:38:18.234  2324  3233 D libgps  : proxy_gps_acquire_wakelock_cb()
02-10 04:38:18.234  2324  3233 D libgps  : proxy_agps_ril_request_setid_cb()
02-10 04:38:18.244  2324  3233 D libgps  : proxy_agps_ril_set_set_id()
02-10 04:38:18.244  2324  3233 D libgps  : proxy_gps_status_cb()
02-10 04:38:18.244  2324  3233 D libgps  : proxy_gps_status_cb()
02-10 04:38:25.134  2324  2338 I ProcessStatsService: Prepared write state in 9ms
02-10 04:38:25.324  2324  2337 I ProcessStatsService: Pruning old procstats: /data/system/procstats/state-2017-02-06-16-45-39.bin
02-10 04:38:35.214  2324  3233 D libgps  : proxy_gps_release_wakelock_cb()
02-10 04:38:36.056  2867  2867 I wpa_supplicant: rfkill: WLAN unblocked
02-10 04:38:36.056  2867  2867 I wpa_supplicant: rfkill: WLAN unblocked
02-10 04:38:36.056  2867  2867 I wpa_supplicant: rfkill: WLAN unblocked
02-10 04:38:36.061  2867  2867 I wpa_supplicant: rfkill: WLAN unblocked
02-10 04:39:03.849  2867  2867 I wpa_supplicant: rfkill: WLAN unblocked
02-10 04:39:03.849  2867  2867 I wpa_supplicant: rfkill: WLAN unblocked
02-10 04:39:03.849  2867  2867 I wpa_supplicant: rfkill: WLAN unblocked
02-10 04:39:03.849  2867  2867 I wpa_supplicant: rfkill: WLAN unblocked
02-10 04:39:04.899  2867  2867 I wpa_supplicant: rfkill: WLAN unblocked
02-10 04:39:04.899  2867  2867 I wpa_supplicant: rfkill: WLAN unblocked
02-10 04:39:04.899  2867  2867 I wpa_supplicant: rfkill: WLAN unblocked
02-10 04:39:04.899  2867  2867 I wpa_supplicant: rfkill: WLAN unblocked
02-10 04:40:04.839  2867  2867 I wpa_supplicant: rfkill: WLAN unblocked
02-10 04:40:04.839  2867  2867 I wpa_supplicant: rfkill: WLAN unblocked
02-10 04:40:04.839  2867  2867 I wpa_supplicant: rfkill: WLAN unblocked
02-10 04:40:04.839  2867  2867 I wpa_supplicant: rfkill: WLAN unblocked
02-10 04:41:04.839  2867  2867 I wpa_supplicant: rfkill: WLAN unblocked
02-10 04:41:04.839  2867  2867 I wpa_supplicant: rfkill: WLAN unblocked
02-10 04:41:04.839  2867  2867 I wpa_supplicant: rfkill: WLAN unblocked
02-10 04:41:04.839  2867  2867 I wpa_supplicant: rfkill: WLAN unblocked
02-10 04:42:04.839  2867  2867 I wpa_supplicant: rfkill: WLAN unblocked
02-10 04:42:04.839  2867  2867 I wpa_supplicant: rfkill: WLAN unblocked
02-10 04:42:04.839  2867  2867 I wpa_supplicant: rfkill: WLAN unblocked
02-10 04:42:04.839  2867  2867 I wpa_supplicant: rfkill: WLAN unblocked
02-10 04:43:04.849  2867  2867 I wpa_supplicant: rfkill: WLAN unblocked
02-10 04:43:04.849  2867  2867 I wpa_supplicant: rfkill: WLAN unblocked
02-10 04:43:04.849  2867  2867 I wpa_supplicant: rfkill: WLAN unblocked
02-10 04:43:04.849  2867  2867 I wpa_supplicant: rfkill: WLAN unblocked
02-10 04:44:04.849  2867  2867 I wpa_supplicant: rfkill: WLAN unblocked
02-10 04:44:04.849  2867  2867 I wpa_supplicant: rfkill: WLAN unblocked
02-10 04:44:04.849  2867  2867 I wpa_supplicant: rfkill: WLAN unblocked
02-10 04:44:04.849  2867  2867 I wpa_supplicant: rfkill: WLAN unblocked
02-10 04:45:04.849  2867  2867 I wpa_supplicant: rfkill: WLAN unblocked
02-10 04:45:04.849  2867  2867 I wpa_supplicant: rfkill: WLAN unblocked
02-10 04:45:04.849  2867  2867 I wpa_supplicant: rfkill: WLAN unblocked
02-10 04:45:04.849  2867  2867 I wpa_supplicant: rfkill: WLAN unblocked
02-10 04:46:04.849  2867  2867 I wpa_supplicant: rfkill: WLAN unblocked
02-10 04:46:04.849  2867  2867 I wpa_supplicant: rfkill: WLAN unblocked
02-10 04:46:04.849  2867  2867 I wpa_supplicant: rfkill: WLAN unblocked
02-10 04:46:04.849  2867  2867 I wpa_supplicant: rfkill: WLAN unblocked
02-10 04:47:04.849  2867  2867 I wpa_supplicant: rfkill: WLAN unblocked
02-10 04:47:04.849  2867  2867 I wpa_supplicant: rfkill: WLAN unblocked
02-10 04:47:04.849  2867  2867 I wpa_supplicant: rfkill: WLAN unblocked
02-10 04:47:04.849  2867  2867 I wpa_supplicant: rfkill: WLAN unblocked
02-10 04:48:04.849  2867  2867 I wpa_supplicant: rfkill: WLAN unblocked
02-10 04:48:04.849  2867  2867 I wpa_supplicant: rfkill: WLAN unblocked
02-10 04:48:04.849  2867  2867 I wpa_supplicant: rfkill: WLAN unblocked
02-10 04:48:04.849  2867  2867 I wpa_supplicant: rfkill: WLAN unblocked
02-10 04:49:04.849  2867  2867 I wpa_supplicant: rfkill: WLAN unblocked
02-10 04:49:04.849  2867  2867 I wpa_supplicant: rfkill: WLAN unblocked
02-10 04:49:04.849  2867  2867 I wpa_supplicant: rfkill: WLAN unblocked
02-10 04:49:04.849  2867  2867 I wpa_supplicant: rfkill: WLAN unblocked
02-10 04:50:04.839  2867  2867 I wpa_supplicant: rfkill: WLAN unblocked
02-10 04:50:04.839  2867  2867 I wpa_supplicant: rfkill: WLAN unblocked
02-10 04:50:04.839  2867  2867 I wpa_supplicant: rfkill: WLAN unblocked
02-10 04:50:04.839  2867  2867 I wpa_supplicant: rfkill: WLAN unblocked
02-10 04:51:04.839  2867  2867 I wpa_supplicant: rfkill: WLAN unblocked
02-10 04:51:04.839  2867  2867 I wpa_supplicant: rfkill: WLAN unblocked
02-10 04:51:04.839  2867  2867 I wpa_supplicant: rfkill: WLAN unblocked
02-10 04:51:04.839  2867  2867 I wpa_supplicant: rfkill: WLAN unblocked
02-10 04:52:04.839  2867  2867 I wpa_supplicant: rfkill: WLAN unblocked
02-10 04:52:04.839  2867  2867 I wpa_supplicant: rfkill: WLAN unblocked
02-10 04:52:04.839  2867  2867 I wpa_supplicant: rfkill: WLAN unblocked
02-10 04:52:04.839  2867  2867 I wpa_supplicant: rfkill: WLAN unblocked
02-10 04:52:48.849  2867  2867 I wpa_supplicant: rfkill: WLAN unblocked
02-10 04:52:48.849  2867  2867 I wpa_supplicant: rfkill: WLAN unblocked
02-10 04:52:48.849  2867  2867 I wpa_supplicant: rfkill: WLAN unblocked
02-10 04:52:48.849  2867  2867 I wpa_supplicant: rfkill: WLAN unblocked
02-10 04:53:04.839  2867  2867 I wpa_supplicant: rfkill: WLAN unblocked
02-10 04:53:04.839  2867  2867 I wpa_supplicant: rfkill: WLAN unblocked
02-10 04:53:04.839  2867  2867 I wpa_supplicant: rfkill: WLAN unblocked
02-10 04:53:04.839  2867  2867 I wpa_supplicant: rfkill: WLAN unblocked
02-10 04:54:04.829  2867  2867 I wpa_supplicant: rfkill: WLAN unblocked
02-10 04:54:04.829  2867  2867 I wpa_supplicant: rfkill: WLAN unblocked
02-10 04:54:04.829  2867  2867 I wpa_supplicant: rfkill: WLAN unblocked
02-10 04:54:04.829  2867  2867 I wpa_supplicant: rfkill: WLAN unblocked
02-10 04:55:04.824  2867  2867 I wpa_supplicant: rfkill: WLAN unblocked
02-10 04:55:04.824  2867  2867 I wpa_supplicant: rfkill: WLAN unblocked
02-10 04:55:04.824  2867  2867 I wpa_supplicant: rfkill: WLAN unblocked
02-10 04:55:04.824  2867  2867 I wpa_supplicant: rfkill: WLAN unblocked
02-10 04:56:04.839  2867  2867 I wpa_supplicant: rfkill: WLAN unblocked
02-10 04:56:04.839  2867  2867 I wpa_supplicant: rfkill: WLAN unblocked
02-10 04:56:04.839  2867  2867 I wpa_supplicant: rfkill: WLAN unblocked
02-10 04:56:04.839  2867  2867 I wpa_supplicant: rfkill: WLAN unblocked
02-10 04:57:04.839  2867  2867 I wpa_supplicant: rfkill: WLAN unblocked
02-10 04:57:04.839  2867  2867 I wpa_supplicant: rfkill: WLAN unblocked
02-10 04:57:04.839  2867  2867 I wpa_supplicant: rfkill: WLAN unblocked
02-10 04:57:04.839  2867  2867 I wpa_supplicant: rfkill: WLAN unblocked
02-10 04:58:04.839  2867  2867 I wpa_supplicant: rfkill: WLAN unblocked
02-10 04:58:04.839  2867  2867 I wpa_supplicant: rfkill: WLAN unblocked
02-10 04:58:04.839  2867  2867 I wpa_supplicant: rfkill: WLAN unblocked
02-10 04:58:04.839  2867  2867 I wpa_supplicant: rfkill: WLAN unblocked
02-10 04:59:04.839  2867  2867 I wpa_supplicant: rfkill: WLAN unblocked
02-10 04:59:04.839  2867  2867 I wpa_supplicant: rfkill: WLAN unblocked
02-10 04:59:04.839  2867  2867 I wpa_supplicant: rfkill: WLAN unblocked
02-10 04:59:04.839  2867  2867 I wpa_supplicant: rfkill: WLAN unblocked
02-10 05:00:04.844  2867  2867 I wpa_supplicant: rfkill: WLAN unblocked
02-10 05:00:04.844  2867  2867 I wpa_supplicant: rfkill: WLAN unblocked
02-10 05:00:04.844  2867  2867 I wpa_supplicant: rfkill: WLAN unblocked
02-10 05:00:04.844  2867  2867 I wpa_supplicant: rfkill: WLAN unblocked
02-10 05:01:04.849  2867  2867 I wpa_supplicant: rfkill: WLAN unblocked
02-10 05:01:04.849  2867  2867 I wpa_supplicant: rfkill: WLAN unblocked
02-10 05:01:04.849  2867  2867 I wpa_supplicant: rfkill: WLAN unblocked
02-10 05:01:04.849  2867  2867 I wpa_supplicant: rfkill: WLAN unblocked
02-10 05:02:04.849  2867  2867 I wpa_supplicant: rfkill: WLAN unblocked
02-10 05:02:04.849  2867  2867 I wpa_supplicant: rfkill: WLAN unblocked
02-10 05:02:04.849  2867  2867 I wpa_supplicant: rfkill: WLAN unblocked
02-10 05:02:04.849  2867  2867 I wpa_supplicant: rfkill: WLAN unblocked
02-10 05:03:04.849  2867  2867 I wpa_supplicant: rfkill: WLAN unblocked
02-10 05:03:04.849  2867  2867 I wpa_supplicant: rfkill: WLAN unblocked
02-10 05:03:04.849  2867  2867 I wpa_supplicant: rfkill: WLAN unblocked
02-10 05:03:04.849  2867  2867 I wpa_supplicant: rfkill: WLAN unblocked
02-10 05:04:04.849  2867  2867 I wpa_supplicant: rfkill: WLAN unblocked
02-10 05:04:04.849  2867  2867 I wpa_supplicant: rfkill: WLAN unblocked
02-10 05:04:04.849  2867  2867 I wpa_supplicant: rfkill: WLAN unblocked
02-10 05:04:04.849  2867  2867 I wpa_supplicant: rfkill: WLAN unblocked
02-10 05:05:04.839  2867  2867 I wpa_supplicant: rfkill: WLAN unblocked
02-10 05:05:04.839  2867  2867 I wpa_supplicant: rfkill: WLAN unblocked
02-10 05:05:04.839  2867  2867 I wpa_supplicant: rfkill: WLAN unblocked
02-10 05:05:04.839  2867  2867 I wpa_supplicant: rfkill: WLAN unblocked
02-10 05:06:04.849  2867  2867 I wpa_supplicant: rfkill: WLAN unblocked
02-10 05:06:04.849  2867  2867 I wpa_supplicant: rfkill: WLAN unblocked
02-10 05:06:04.849  2867  2867 I wpa_supplicant: rfkill: WLAN unblocked
02-10 05:06:04.849  2867  2867 I wpa_supplicant: rfkill: WLAN unblocked
02-10 05:07:04.844  2867  2867 I wpa_supplicant: rfkill: WLAN unblocked
02-10 05:07:04.844  2867  2867 I wpa_supplicant: rfkill: WLAN unblocked
02-10 05:07:04.844  2867  2867 I wpa_supplicant: rfkill: WLAN unblocked
02-10 05:07:04.844  2867  2867 I wpa_supplicant: rfkill: WLAN unblocked
02-10 05:08:04.839  2867  2867 I wpa_supplicant: rfkill: WLAN unblocked
02-10 05:08:04.839  2867  2867 I wpa_supplicant: rfkill: WLAN unblocked
02-10 05:08:04.839  2867  2867 I wpa_supplicant: rfkill: WLAN unblocked
02-10 05:08:04.839  2867  2867 I wpa_supplicant: rfkill: WLAN unblocked
02-10 05:09:04.824  2867  2867 I wpa_supplicant: rfkill: WLAN unblocked
02-10 05:09:04.824  2867  2867 I wpa_supplicant: rfkill: WLAN unblocked
02-10 05:09:04.824  2867  2867 I wpa_supplicant: rfkill: WLAN unblocked
02-10 05:09:04.824  2867  2867 I wpa_supplicant: rfkill: WLAN unblocked
02-10 05:10:04.834  2867  2867 I wpa_supplicant: rfkill: WLAN unblocked
02-10 05:10:04.834  2867  2867 I wpa_supplicant: rfkill: WLAN unblocked
02-10 05:10:04.834  2867  2867 I wpa_supplicant: rfkill: WLAN unblocked
02-10 05:10:04.834  2867  2867 I wpa_supplicant: rfkill: WLAN unblocked
02-10 05:11:04.839  2867  2867 I wpa_supplicant: rfkill: WLAN unblocked
02-10 05:11:04.839  2867  2867 I wpa_supplicant: rfkill: WLAN unblocked
02-10 05:11:04.839  2867  2867 I wpa_supplicant: rfkill: WLAN unblocked
02-10 05:11:04.839  2867  2867 I wpa_supplicant: rfkill: WLAN unblocked
02-10 05:12:04.839  2867  2867 I wpa_supplicant: rfkill: WLAN unblocked
02-10 05:12:04.839  2867  2867 I wpa_supplicant: rfkill: WLAN unblocked
02-10 05:12:04.839  2867  2867 I wpa_supplicant: rfkill: WLAN unblocked
02-10 05:12:04.839  2867  2867 I wpa_supplicant: rfkill: WLAN unblocked
02-10 05:13:04.839  2867  2867 I wpa_supplicant: rfkill: WLAN unblocked
02-10 05:13:04.839  2867  2867 I wpa_supplicant: rfkill: WLAN unblocked
02-10 05:13:04.839  2867  2867 I wpa_supplicant: rfkill: WLAN unblocked
02-10 05:13:04.839  2867  2867 I wpa_supplicant: rfkill: WLAN unblocked
02-10 05:14:04.844  2867  2867 I wpa_supplicant: rfkill: WLAN unblocked
02-10 05:14:04.844  2867  2867 I wpa_supplicant: rfkill: WLAN unblocked
02-10 05:14:04.844  2867  2867 I wpa_supplicant: rfkill: WLAN unblocked
02-10 05:14:04.844  2867  2867 I wpa_supplicant: rfkill: WLAN unblocked
02-10 05:15:04.839  2867  2867 I wpa_supplicant: rfkill: WLAN unblocked
02-10 05:15:04.839  2867  2867 I wpa_supplicant: rfkill: WLAN unblocked
02-10 05:15:04.839  2867  2867 I wpa_supplicant: rfkill: WLAN unblocked
02-10 05:15:04.839  2867  2867 I wpa_supplicant: rfkill: WLAN unblocked
02-10 05:16:04.849  2867  2867 I wpa_supplicant: rfkill: WLAN unblocked
02-10 05:16:04.849  2867  2867 I wpa_supplicant: rfkill: WLAN unblocked
02-10 05:16:04.849  2867  2867 I wpa_supplicant: rfkill: WLAN unblocked
02-10 05:16:04.849  2867  2867 I wpa_supplicant: rfkill: WLAN unblocked
02-10 05:17:04.849  2867  2867 I wpa_supplicant: rfkill: WLAN unblocked
02-10 05:17:04.849  2867  2867 I wpa_supplicant: rfkill: WLAN unblocked
02-10 05:17:04.849  2867  2867 I wpa_supplicant: rfkill: WLAN unblocked
02-10 05:17:04.849  2867  2867 I wpa_supplicant: rfkill: WLAN unblocked
02-10 05:18:04.824  2324  2473 D WifiConfigStore: Retrieve network priorities after PNO.
02-10 05:18:04.824  2324  2473 D wifi_gbk2utf: ssid_utf8 = TP-LINK-蕾蕾, length=14, value =, length=0
02-10 05:18:04.824  2324  2473 D wifi_gbk2utf: ssid_utf8 = 新金龙005, length=12, value =, length=0
02-10 05:18:04.824  2324  2473 D wifi_gbk2utf: ssid_utf8 = 新金龙007, length=12, value =, length=0
02-10 05:18:04.824  2324  2473 D wifi_gbk2utf: ssid_utf8 = 新金龙004, length=12, value =, length=0
02-10 05:18:04.824  2324  2473 D wifi_gbk2utf: ssid_utf8 = 豆豆, length=6, value =, length=0
02-10 05:18:04.824  2867  2867 I wpa_supplicant: rfkill: WLAN unblocked
02-10 05:18:04.824  2867  2867 I wpa_supplicant: rfkill: WLAN unblocked
02-10 05:18:04.824  2867  2867 I wpa_supplicant: rfkill: WLAN unblocked
02-10 05:18:04.824  2867  2867 I wpa_supplicant: rfkill: WLAN unblocked
02-10 05:18:04.829  2324  2473 D wifi_gbk2utf: ssid_utf8 = TP-LINK-蕾蕾, length=14, value =, length=0
02-10 05:18:04.829  2324  2473 D wifi_gbk2utf: ssid_utf8 = 新金龙005, length=12, value =, length=0
02-10 05:18:04.829  2324  2473 D wifi_gbk2utf: ssid_utf8 = 新金龙007, length=12, value =, length=0
02-10 05:18:04.829  2324  2473 D wifi_gbk2utf: ssid_utf8 = 新金龙004, length=12, value =, length=0
02-10 05:18:04.829  2324  2473 D wifi_gbk2utf: ssid_utf8 = 豆豆, length=6, value =, length=0
02-10 05:18:07.764  2867  2867 I wpa_supplicant: rfkill: WLAN unblocked
02-10 05:18:07.764  2867  2867 I wpa_supplicant: rfkill: WLAN unblocked
02-10 05:18:07.764  2867  2867 I wpa_supplicant: rfkill: WLAN unblocked
02-10 05:18:07.764  2867  2867 I wpa_supplicant: rfkill: WLAN unblocked
02-10 05:18:07.769  2324  2473 D WifiConfigStore: Retrieve network priorities before PNO. Max priority: 2
02-10 05:18:07.769  2324  2473 D wifi_gbk2utf: ssid_utf8 = TP-LINK-蕾蕾, length=14, value =, length=0
02-10 05:18:07.769  2324  2473 D wifi_gbk2utf: ssid_utf8 = 新金龙005, length=12, value =, length=0
02-10 05:18:07.769  2324  2473 D wifi_gbk2utf: ssid_utf8 = 新金龙007, length=12, value =, length=0
02-10 05:18:07.769  2324  2473 D wifi_gbk2utf: ssid_utf8 = 新金龙004, length=12, value =, length=0
02-10 05:18:07.769  2324  2473 D wifi_gbk2utf: ssid_utf8 = 豆豆, length=6, value =, length=0
02-10 05:18:07.779  2324  2473 D wifi_gbk2utf: ssid_utf8 = TP-LINK-蕾蕾, length=14, value =, length=0
02-10 05:18:07.779  2324  2473 D wifi_gbk2utf: ssid_utf8 = 新金龙005, length=12, value =, length=0
02-10 05:18:07.779  2324  2473 D wifi_gbk2utf: ssid_utf8 = 新金龙007, length=12, value =, length=0
02-10 05:18:07.779  2324  2473 D wifi_gbk2utf: ssid_utf8 = 新金龙004, length=12, value =, length=0
02-10 05:18:07.779  2324  2473 D wifi_gbk2utf: ssid_utf8 = 豆豆, length=6, value =, length=0
02-10 05:18:07.779  2324  2473 E WifiStateMachine:  Fail to set up pno, want true now false
02-10 05:18:07.819  2324  2473 D WifiStateMachine: shouldSwitchNetwork  txSuccessRate=28907.12 rxSuccessRate=22267.00 delta 1000 -> 1
02-10 05:18:07.824  2324  2473 D WifiStateMachine: CMD_AUTO_CONNECT sup state ScanState my state DisconnectedState nid=0 roam=3
02-10 05:18:07.824  2324  2473 D WifiStateMachine: CMD_AUTO_CONNECT will save config -> "wangqing" nid=0
02-10 05:18:07.844  2324  2473 D WifiStateMachine: CMD_AUTO_CONNECT did save config ->  nid=0
02-10 05:18:07.849  2867  2867 I wpa_supplicant: wlan0: Trying to associate with f4:83:cd:6c:d3:e2 (SSID='wangqing' freq=2462 MHz)
02-10 05:18:07.944  2867  2867 I wpa_supplicant: wlan0: Associated with f4:83:cd:6c:d3:e2
02-10 05:18:07.944  2867  2867 I wpa_supplicant: wlan0: CTRL-EVENT-EAP-SUCCESS EAP authentication completed successfully (based on lower layer success)
02-10 05:18:07.984  2867  2867 I wpa_supplicant: wlan0: WPA: Key negotiation completed with f4:83:cd:6c:d3:e2 [PTK=CCMP GTK=CCMP]
02-10 05:18:07.984  2867  2867 I wpa_supplicant: wlan0: CTRL-EVENT-CONNECTED - Connection to f4:83:cd:6c:d3:e2 completed [id=0 id_str=]
02-10 05:18:07.999  2324  2473 D WifiConfigStore: Retrieve network priorities after PNO.
02-10 05:18:07.999  2324  2473 D wifi_gbk2utf: ssid_utf8 = TP-LINK-蕾蕾, length=14, value =, length=0
02-10 05:18:07.999  2324  2473 D wifi_gbk2utf: ssid_utf8 = 新金龙005, length=12, value =, length=0
02-10 05:18:07.999  2324  2473 D wifi_gbk2utf: ssid_utf8 = 新金龙007, length=12, value =, length=0
02-10 05:18:07.999  2324  2473 D wifi_gbk2utf: ssid_utf8 = 新金龙004, length=12, value =, length=0
02-10 05:18:07.999  2324  2473 D wifi_gbk2utf: ssid_utf8 = 豆豆, length=6, value =, length=0
02-10 05:18:08.004  2324  2473 D wifi_gbk2utf: ssid_utf8 = TP-LINK-蕾蕾, length=14, value =, length=0
02-10 05:18:08.004  2324  2473 D wifi_gbk2utf: ssid_utf8 = 新金龙005, length=12, value =, length=0
02-10 05:18:08.004  2324  2473 D wifi_gbk2utf: ssid_utf8 = 新金龙007, length=12, value =, length=0
02-10 05:18:08.004  2324  2473 D wifi_gbk2utf: ssid_utf8 = 新金龙004, length=12, value =, length=0
02-10 05:18:08.004  2324  2473 D wifi_gbk2utf: ssid_utf8 = 豆豆, length=6, value =, length=0
02-10 05:18:08.014  2324  2473 E WifiConfigStore: saveWifiConfigBSSID Setting BSSID for "wangqing"-WPA_PSK to any
02-10 05:18:08.014  2324  2473 D wifi_gbk2utf: ssid_utf8 = TP-LINK-蕾蕾, length=14, value =, length=0
02-10 05:18:08.014  2324  2473 D wifi_gbk2utf: ssid_utf8 = 新金龙005, length=12, value =, length=0
02-10 05:18:08.014  2324  2473 D wifi_gbk2utf: ssid_utf8 = 新金龙007, length=12, value =, length=0
02-10 05:18:08.014  2324  2473 D wifi_gbk2utf: ssid_utf8 = 新金龙004, length=12, value =, length=0
02-10 05:18:08.014  2324  2473 D wifi_gbk2utf: ssid_utf8 = 豆豆, length=6, value =, length=0
02-10 05:18:08.014  2324  2473 D ConnectivityService: registerNetworkAgent NetworkAgentInfo{ ni{[type: WIFI[], state: CONNECTING/CONNECTING, reason: (unspecified), extra: "wangqing", roaming: false, failover: false, isAvailable: true]}  network{147}  lp{{InterfaceName: wlan0 LinkAddresses: []  Routes: [] DnsAddresses: [] Domains: null MTU: 0 TcpBufferSizes: 524288,1048576,2097152,262144,524288,1048576}}  nc{[ Transports: WIFI Capabilities: INTERNET&NOT_RESTRICTED&TRUSTED&NOT_VPN LinkUpBandwidth>=1048576Kbps LinkDnBandwidth>=1048576Kbps]}  Score{20}  everValidated{false}  lastValidated{false}  created{false} lingering{false} explicitlySelected{false} acceptUnvalidated{false} everCaptivePortalDetected{false} lastCaptivePortalDetected{false} }
02-10 05:18:08.014  2324  2480 D ConnectivityService: NetworkAgentInfo [WIFI () - 147] EVENT_NETWORK_INFO_CHANGED, going from null to CONNECTING
02-10 05:18:08.034  2324  2473 E WifiConfigStore: saveWifiConfigBSSID Setting BSSID for "wangqing"-WPA_PSK to any
02-10 05:18:08.034  2324  2473 D wifi_gbk2utf: ssid_utf8 = TP-LINK-蕾蕾, length=14, value =, length=0
02-10 05:18:08.034  2324  2473 D wifi_gbk2utf: ssid_utf8 = 新金龙005, length=12, value =, length=0
02-10 05:18:08.034  2324  2473 D wifi_gbk2utf: ssid_utf8 = 新金龙007, length=12, value =, length=0
02-10 05:18:08.034  2324  2473 D wifi_gbk2utf: ssid_utf8 = 新金龙004, length=12, value =, length=0
02-10 05:18:08.034  2324  2473 D wifi_gbk2utf: ssid_utf8 = 豆豆, length=6, value =, length=0
02-10 05:18:08.049  1962  2309 D CommandListener: Setting iface cfg
02-10 05:18:08.049  2324  2473 D WifiStateMachine: Start Dhcp Watchdog 50
02-10 05:18:08.054  2324  2473 D IpReachabilityMonitor: watch: iface{wlan0/8}, v{1}, ntable=[]
02-10 05:18:08.069  2324 23666 D DhcpClient: Receive thread started
02-10 05:18:08.154  2324  2473 E native  : do suspend false
02-10 05:18:08.159  2324  4106 D DhcpClient: Broadcasting DHCPDISCOVER
02-10 05:18:08.774  2324 23666 D DhcpClient: Received packet: f0:27:65:8a:71:cc OFFER, ip /192.168.0.100, mask /255.255.255.0, DNS servers: /192.168.1.1 /192.168.0.1 , gateways [/192.168.0.1] lease time 7200, domain DHCP HOST
02-10 05:18:08.774  2324  4106 D DhcpClient: Got pending lease: IP address 192.168.0.100/24 Gateway 192.168.0.1  DNS servers: [ 192.168.1.1 192.168.0.1 ] DomainsDHCP HOST DHCP server /192.168.0.1 Vendor info null lease 7200 seconds
02-10 05:18:08.774  2324  4106 D DhcpClient: Broadcasting DHCPREQUEST ciaddr=0.0.0.0 request=192.168.0.100 serverid=192.168.0.1
02-10 05:18:08.789  2324 23666 D DhcpClient: Received packet: f0:27:65:8a:71:cc ACK: your new IP /192.168.0.100, netmask /255.255.255.0, gateways [/192.168.0.1] DNS servers: /192.168.1.1 /192.168.0.1 , lease time 7200
02-10 05:18:08.789  2324  4106 D DhcpClient: Confirmed lease: IP address 192.168.0.100/24 Gateway 192.168.0.1  DNS servers: [ 192.168.1.1 192.168.0.1 ] DomainsDHCP HOST DHCP server /192.168.0.1 Vendor info null lease 7200 seconds
02-10 05:18:08.789  1962  2309 D CommandListener: Setting iface cfg
02-10 05:18:08.794  2324  2473 D IpReachabilityMonitor: watch: iface{wlan0/8}, v{2}, ntable=[]
02-10 05:18:08.799  2324  2473 E native  : do suspend true
02-10 05:18:08.809  2324  4106 D DhcpClient: Scheduling renewal in 3599s
02-10 05:18:08.819  2324  2473 D IpReachabilityMonitor: watch: iface{wlan0/8}, v{3}, ntable=[192.168.0.1/NUD_NONE]
02-10 05:18:08.819  2324  2473 D WifiConfigStore: No blacklist allowed without epno enabled
02-10 05:18:08.819  2324  2480 D ConnectivityService: NetworkAgentInfo [WIFI () - 147] EVENT_NETWORK_INFO_CHANGED, going from CONNECTING to CONNECTED
02-10 05:18:08.824  2324  2480 D ConnectivityService: Adding iface wlan0 to network 147
02-10 05:18:08.864  2324  2473 E WifiStateMachine: Did not find remoteAddress {192.168.0.1} in /proc/net/arp
02-10 05:18:08.949  2324  2480 E ConnectivityService: Unexpected mtu value: 0, wlan0
02-10 05:18:08.949  2324  2480 D ConnectivityService: Adding Route [fe80::/64 -> :: wlan0] to network 147
02-10 05:18:08.954  2324  2480 D ConnectivityService: Adding Route [192.168.0.0/24 -> 0.0.0.0 wlan0] to network 147
02-10 05:18:08.959  2324  2480 D ConnectivityService: Adding Route [0.0.0.0/0 -> 192.168.0.1 wlan0] to network 147
02-10 05:18:08.959  2324  2480 D ConnectivityService: Setting Dns servers for network 147 to [/192.168.1.1, /192.168.0.1]
02-10 05:18:08.984  2324  2480 D ConnectivityService: notifyType IP_CHANGED for NetworkAgentInfo [WIFI () - 147]
02-10 05:18:08.999  2324  2473 D WifiNetworkAgent: NetworkAgent: Received signal strength thresholds: []
02-10 05:18:08.999  2324  2473 D WifiNative-HAL: stopRssiMonitoring, cmdId 0
02-10 05:18:08.999  2324  2480 D ConnectivityService: scheduleUnvalidatedPrompt 147
02-10 05:18:08.999  2324  2480 D ConnectivityService: updateSignalStrengthThresholds: CONNECT, sending [] to NetworkAgentInfo [WIFI () - 147]
02-10 05:18:08.999  2324  2480 D ConnectivityService: rematch for NetworkAgentInfo [WIFI () - 147]
02-10 05:18:08.999  2324  2480 D ConnectivityService:    accepting network in place of null
02-10 05:18:09.009  2324  2480 D ConnectivityService: Switching to new default network: NetworkAgentInfo{ ni{[type: WIFI[], state: CONNECTED/CONNECTED, reason: (unspecified), extra: "wangqing", roaming: false, failover: false, isAvailable: true]}  network{147}  lp{{InterfaceName: wlan0 LinkAddresses: [192.168.0.100/24,]  Routes: [fe80::/64 -> :: wlan0,192.168.0.0/24 -> 0.0.0.0 wlan0,0.0.0.0/0 -> 192.168.0.1 wlan0,] DnsAddresses: [192.168.1.1,192.168.0.1,] Domains: DHCP HOST MTU: 0 TcpBufferSizes: 524288,1048576,2097152,262144,524288,1048576}}  nc{[ Transports: WIFI Capabilities: INTERNET&NOT_RESTRICTED&TRUSTED&NOT_VPN LinkUpBandwidth>=1048576Kbps LinkDnBandwidth>=1048576Kbps]}  Score{20}  everValidated{false}  lastValidated{false}  created{true} lingering{false} explicitlySelected{false} acceptUnvalidated{false} everCaptivePortalDetected{false} lastCaptivePortalDetected{false} }
02-10 05:18:09.024  2324 23665 D NetlinkSocketObserver: NeighborEvent{elapsedMs=586825092, 192.168.0.1, [F483CD6CD3E2], RTM_NEWNEIGH, NUD_REACHABLE}
02-10 05:18:09.044  2324 23664 D NetworkMonitor/NetworkAgentInfo [WIFI () - 147]: Checking http://g.cn/generate_204 on "wangqing", g.cn=203.208.39.244,203.208.39.241,203.208.39.240,203.208.39.242,203.208.39.243,2404:6800:4008:c07::a0
02-10 05:18:09.049  2324  2473 D IpReachabilityMonitor: watch: iface{wlan0/8}, v{4}, ntable=[192.168.0.1/NUD_REACHABLE]
02-10 05:18:09.054  2324 23664 W System  : ClassLoader referenced unknown path: /system/framework/tcmclient.jar
02-10 05:18:09.124  1962  2309 V IdletimerController: runCmd(/system/bin/ip6tables -w -t raw -A idletimer_raw_PREROUTING -i wlan0 -j IDLETIMER --timeout 15 --label 1 --send_nl_msg 1) res_ipv4=1, res_ipv6=1
02-10 05:18:09.124  2324  2480 E ConnectivityService: Exception in setupDataActivityTracking java.lang.IllegalStateException: command '1899 idletimer add wlan0 15 1' failed with '400 1899 Failed to add interface'
02-10 05:18:09.164  2324  2480 D CSLegacyTypeTracker: Sending CONNECTED broadcast for type 1 NetworkAgentInfo [WIFI () - 147] isDefaultNetwork=true
02-10 05:18:09.164  2324  2480 D ConnectivityService: sendStickyBroadcast: action=android.net.conn.CONNECTIVITY_CHANGE
02-10 05:18:09.174  2324  2342 D Tethering: MasterInitialState.processMessage what=3
02-10 05:18:09.184  2324  2480 D ConnectivityService: notifyType PRECHECK for NetworkAgentInfo [WIFI () - 147]
02-10 05:18:09.264 15287 15985 W System  : ClassLoader referenced unknown path: /system/framework/tcmclient.jar
02-10 05:18:09.324 27285 27285 D CReceiver: BReceiver:android.net.conn.CONNECTIVITY_CHANGE
02-10 05:18:09.324 27285 27285 D a       : RUNTIME:20163154s LastSuccess2Now:586762s>300s Network:false FailSubmit:true Run:5600 SuccessCount:55 Speed:2 API:1000 ORI:1000 RESULT:false
02-10 05:18:09.324 27285 27285 D CReceiver: RetryData
02-10 05:18:09.329 27425 27425 D WeatherUpdateService: onCreate
02-10 05:18:09.359  2324  2339 W art     : Long monitor contention event with owner method=void com.android.server.power.PowerManagerService.acquireWakeLockInternal(android.os.IBinder, int, java.lang.String, java.lang.String, android.os.WorkSource, java.lang.String, int, int) from PowerManagerService.java:921 waiters=1 for 106ms
02-10 05:18:09.359  2324  2480 D ConnectivityService: notifyType IP_CHANGED for NetworkAgentInfo [WIFI () - 147]
